D/CustomFrequencyManagerService(  700): acquireDVFSLockLocked : type : DVFS_MIN_LIMIT  frequency : 1242000  uid : 1000  pid : 700  pkgName : ACTIVITY_RESUME_BOOSTER@5
W/ActivityManager(  700): mDVFSHelper.acquire()
D/StatusBarManagerService(  700): semi p:20482,o:f
D/STATUSBAR-NetworkController( 1029): updateRomaingNotification DataRoaming:false mDataRoamingTypeForVZW : 0
D/STATUSBAR-NetworkController( 1029): refreshSignalCluster - setNWBoosterIndicators(false)
D/STATUSBAR-NetworkController( 1029): refreshSignalCluster: data=0 bt=false
D/STATUSBAR-IconMerger( 1029): checkOverflow(240), More:true, Req:true Child:8
D/SSRMv2:SIOP(  700): SIOP:: AP = 370, Delta = 10
D/STATUSBAR-NetworkController( 1029): updateRomaingNotification DataRoaming:false mDataRoamingTypeForVZW : 0
D/STATUSBAR-NetworkController( 1029): refreshSignalCluster - setNWBoosterIndicators(false)
D/STATUSBAR-NetworkController( 1029): refreshSignalCluster: data=0 bt=false
D/STATUSBAR-IconMerger( 1029): checkOverflow(240), More:true, Req:true Child:8
D/CustomFrequencyManagerService(  700): releaseDVFSLockLocked : Getting Lock type frm List : DVFS_MIN_LIMIT  frequency : 1242000  uid : 1000  pid : 700  tag : ACTIVITY_RESUME_BOOSTER@5
W/ActivityManager(  700): mDVFSHelper.release()
D/CustomFrequencyManagerService(  700): acquireDVFSLockLocked : type : DVFS_MIN_LIMIT  frequency : 1242000  uid : 1000  pid : 700  pkgName : ACTIVITY_RESUME_BOOSTER@9
D/STATUSBAR-NetworkController( 1029): updateRomaingNotification DataRoaming:false mDataRoamingTypeForVZW : 0
D/STATUSBAR-NetworkController( 1029): refreshSignalCluster - setNWBoosterIndicators(false)
D/STATUSBAR-NetworkController( 1029): refreshSignalCluster: data=0 bt=false
D/STATUSBAR-IconMerger( 1029): checkOverflow(240), More:true, Req:true Child:8
D/CustomFrequencyManagerService(  700): releaseDVFSLockLocked : Getting Lock type frm List : DVFS_MIN_LIMIT  frequency : 1242000  uid : 1000  pid : 700  tag : ACTIVITY_RESUME_BOOSTER@9
D/STATUSBAR-NetworkController( 1029): updateRomaingNotification DataRoaming:false mDataRoamingTypeForVZW : 0
D/STATUSBAR-NetworkController( 1029): refreshSignalCluster - setNWBoosterIndicators(false)
D/STATUSBAR-NetworkController( 1029): refreshSignalCluster: data=0 bt=false
D/STATUSBAR-IconMerger( 1029): checkOverflow(240), More:true, Req:true Child:8
D/STATUSBAR-NetworkController( 1029): updateRomaingNotification DataRoaming:false mDataRoamingTypeForVZW : 0
D/STATUSBAR-NetworkController( 1029): refreshSignalCluster - setNWBoosterIndicators(false)
D/STATUSBAR-NetworkController( 1029): refreshSignalCluster: data=0 bt=false
D/STATUSBAR-IconMerger( 1029): checkOverflow(240), More:true, Req:true Child:8
D/STATUSBAR-NetworkController( 1029): onSignalStrengthsChanged signalStrength=SignalStrength: 99 99 -85 -45 -120 -1 -1 22 -100 -10 104 -1 2147483647 gsm|lte 0x3040 level=3
D/STATUSBAR-NetworkController( 1029): updateRomaingNotification DataRoaming:false mDataRoamingTypeForVZW : 0
D/STATUSBAR-NetworkController( 1029): updateRomaingNotification DataRoaming:false mDataRoamingTypeForVZW : 0
D/STATUSBAR-NetworkController( 1029): refreshSignalCluster - setNWBoosterIndicators(false)
D/STATUSBAR-NetworkController( 1029): refreshSignalCluster: data=0 bt=false
D/STATUSBAR-IconMerger( 1029): checkOverflow(240), More:true, Req:true Child:8
D/STATUSBAR-NetworkController( 1029): onSignalStrengthsChanged signalStrength=SignalStrength: 99 99 -85 -45 -120 -1 -1 22 -98 -10 104 -1 2147483647 gsm|lte 0x3040 level=3
D/STATUSBAR-NetworkController( 1029): updateRomaingNotification DataRoaming:false mDataRoamingTypeForVZW : 0
D/SSRMv2:SIOP(  700): SIOP:: AP = 360, Delta = -10
D/STATUSBAR-NetworkController( 1029): updateRomaingNotification DataRoaming:false mDataRoamingTypeForVZW : 0
D/STATUSBAR-NetworkController( 1029): refreshSignalCluster - setNWBoosterIndicators(false)
D/STATUSBAR-NetworkController( 1029): refreshSignalCluster: data=0 bt=false
D/STATUSBAR-IconMerger( 1029): checkOverflow(240), More:true, Req:true Child:8
D/STATUSBAR-NetworkController( 1029): updateRomaingNotification DataRoaming:false mDataRoamingTypeForVZW : 0
D/STATUSBAR-NetworkController( 1029): refreshSignalCluster - setNWBoosterIndicators(false)
D/STATUSBAR-NetworkController( 1029): refreshSignalCluster: data=0 bt=false
D/STATUSBAR-IconMerger( 1029): checkOverflow(240), More:true, Req:true Child:8
D/STATUSBAR-NetworkController( 1029): updateRomaingNotification DataRoaming:false mDataRoamingTypeForVZW : 0
D/STATUSBAR-NetworkController( 1029): refreshSignalCluster - setNWBoosterIndicators(false)
D/STATUSBAR-NetworkController( 1029): refreshSignalCluster: data=0 bt=false
D/STATUSBAR-IconMerger( 1029): checkOverflow(240), More:true, Req:true Child:8
D/DisplayPowerController(  700): applyLightSensorMeasurementSEC : mIsLockZone = false
D/DisplayPowerController(  700): applyLightSensorMeasurementSEC : mIsLockZone = true
D/DisplayPowerController(  700): applyLightSensorMeasurementSEC : mIsLockZone = false
D/STATUSBAR-NetworkController( 1029): updateRomaingNotification DataRoaming:false mDataRoamingTypeForVZW : 0
D/STATUSBAR-NetworkController( 1029): refreshSignalCluster - setNWBoosterIndicators(false)
D/STATUSBAR-NetworkController( 1029): refreshSignalCluster: data=0 bt=false
D/STATUSBAR-IconMerger( 1029): checkOverflow(240), More:true, Req:true Child:8
D/STATUSBAR-NetworkController( 1029): updateRomaingNotification DataRoaming:false mDataRoamingTypeForVZW : 0
D/STATUSBAR-NetworkController( 1029): refreshSignalCluster - setNWBoosterIndicators(false)
D/STATUSBAR-NetworkController( 1029): refreshSignalCluster: data=0 bt=false
D/STATUSBAR-IconMerger( 1029): checkOverflow(240), More:true, Req:true Child:8
E/Watchdog(  700): !@Sync 15018
D/SSRMv2:SIOP(  700): SIOP:: AP = 360, Delta = 0
D/BatteryService(  700): level:89, scale:100, status:2, health:2, present:true, voltage: 4275, temperature: 322, technology: Li-ion, AC powered:false, USB powered:true, Wireless powered:false, icon:17303549, invalid charger:0, online:4, current avg:-1, charge type:0, power sharing:false
D/BatteryService(  700): Sending ACTION_BATTERY_CHANGED.
D/STATUSBAR-PhoneStatusBar( 1029):  mBrightnessEnablebySettings = true mBrightnessEnablebyBattery = true mBrightnessEnablebyDisableFlag = true mPmsBrightnessEnablebySettings = true
D/STATUSBAR-IconMerger( 1029): checkOverflow(240), More:true, Req:true Child:8
D/BatteryMeterView( 1029): ACTION_BATTERY_CHANGED : level:89 status:2 health:2
D/STATUSBAR-NetworkController( 1029): updateRomaingNotification DataRoaming:false mDataRoamingTypeForVZW : 0
D/STATUSBAR-NetworkController( 1029): refreshSignalCluster - setNWBoosterIndicators(false)
D/STATUSBAR-NetworkController( 1029): refreshSignalCluster: data=0 bt=false
D/STATUSBAR-IconMerger( 1029): checkOverflow(240), More:true, Req:true Child:8
D/STATUSBAR-NetworkController( 1029): updateRomaingNotification DataRoaming:false mDataRoamingTypeForVZW : 0
D/STATUSBAR-NetworkController( 1029): refreshSignalCluster - setNWBoosterIndicators(false)
D/STATUSBAR-NetworkController( 1029): refreshSignalCluster: data=0 bt=false
D/STATUSBAR-IconMerger( 1029): checkOverflow(240), More:true, Req:true Child:8
V/AlarmManager(  700): waitForAlarm result :8
D/STATUSBAR-NetworkController( 1029): updateRomaingNotification DataRoaming:false mDataRoamingTypeForVZW : 0
D/STATUSBAR-NetworkController( 1029): refreshSignalCluster - setNWBoosterIndicators(false)
D/STATUSBAR-NetworkController( 1029): refreshSignalCluster: data=0 bt=false
D/STATUSBAR-IconMerger( 1029): checkOverflow(240), More:true, Req:true Child:8
D/SSRMv2:SIOP(  700): SIOP:: AP = 360, Delta = 0
D/STATUSBAR-NetworkController( 1029): updateRomaingNotification DataRoaming:false mDataRoamingTypeForVZW : 0
D/STATUSBAR-NetworkController( 1029): refreshSignalCluster - setNWBoosterIndicators(false)
D/STATUSBAR-NetworkController( 1029): refreshSignalCluster: data=0 bt=false
D/STATUSBAR-IconMerger( 1029): checkOverflow(240), More:true, Req:true Child:8
D/STATUSBAR-NetworkController( 1029): updateRomaingNotification DataRoaming:false mDataRoamingTypeForVZW : 0
D/STATUSBAR-NetworkController( 1029): refreshSignalCluster - setNWBoosterIndicators(false)
D/STATUSBAR-NetworkController( 1029): refreshSignalCluster: data=0 bt=false
D/STATUSBAR-IconMerger( 1029): checkOverflow(240), More:true, Req:true Child:8
D/STATUSBAR-NetworkController( 1029): updateRomaingNotification DataRoaming:false mDataRoamingTypeForVZW : 0
D/STATUSBAR-NetworkController( 1029): refreshSignalCluster - setNWBoosterIndicators(false)
D/STATUSBAR-NetworkController( 1029): refreshSignalCluster: data=0 bt=false
D/STATUSBAR-IconMerger( 1029): checkOverflow(240), More:true, Req:true Child:8
D/DisplayPowerController(  700): applyLightSensorMeasurementSEC : mIsLockZone = true
D/STATUSBAR-NetworkController( 1029): updateRomaingNotification DataRoaming:false mDataRoamingTypeForVZW : 0
D/STATUSBAR-NetworkController( 1029): refreshSignalCluster - setNWBoosterIndicators(false)
D/STATUSBAR-NetworkController( 1029): refreshSignalCluster: data=0 bt=false
D/STATUSBAR-IconMerger( 1029): checkOverflow(240), More:true, Req:true Child:8
D/STATUSBAR-NetworkController( 1029): updateRomaingNotification DataRoaming:false mDataRoamingTypeForVZW : 0
D/STATUSBAR-NetworkController( 1029): refreshSignalCluster - setNWBoosterIndicators(false)
D/STATUSBAR-NetworkController( 1029): refreshSignalCluster: data=0 bt=false
D/STATUSBAR-IconMerger( 1029): checkOverflow(240), More:true, Req:true Child:8
D/STATUSBAR-NetworkController( 1029): onSignalStrengthsChanged signalStrength=SignalStrength: 99 99 -85 -45 -120 -1 -1 18 -98 -8 114 -1 2147483647 gsm|lte 0x3040 level=3
D/STATUSBAR-NetworkController( 1029): updateRomaingNotification DataRoaming:false mDataRoamingTypeForVZW : 0
D/STATUSBAR-NetworkController( 1029): updateRomaingNotification DataRoaming:false mDataRoamingTypeForVZW : 0
D/STATUSBAR-NetworkController( 1029): refreshSignalCluster - setNWBoosterIndicators(false)
D/STATUSBAR-NetworkController( 1029): refreshSignalCluster: data=0 bt=false
D/STATUSBAR-IconMerger( 1029): checkOverflow(240), More:true, Req:true Child:8
D/STATUSBAR-NetworkController( 1029): onSignalStrengthsChanged signalStrength=SignalStrength: 99 99 -85 -45 -120 -1 -1 20 -98 -12 114 -1 2147483647 gsm|lte 0x3040 level=3
D/STATUSBAR-NetworkController( 1029): updateRomaingNotification DataRoaming:false mDataRoamingTypeForVZW : 0
D/STATUSBAR-NetworkController( 1029): updateRomaingNotification DataRoaming:false mDataRoamingTypeForVZW : 0
D/STATUSBAR-NetworkController( 1029): refreshSignalCluster - setNWBoosterIndicators(false)
D/STATUSBAR-NetworkController( 1029): refreshSignalCluster: data=0 bt=false
D/STATUSBAR-IconMerger( 1029): checkOverflow(240), More:true, Req:true Child:8
D/SSRMv2:SIOP(  700): SIOP:: AP = 360, Delta = 0
D/STATUSBAR-NetworkController( 1029): updateRomaingNotification DataRoaming:false mDataRoamingTypeForVZW : 0
D/STATUSBAR-NetworkController( 1029): refreshSignalCluster - setNWBoosterIndicators(false)
D/STATUSBAR-NetworkController( 1029): refreshSignalCluster: data=0 bt=false
D/STATUSBAR-IconMerger( 1029): checkOverflow(240), More:true, Req:true Child:8
D/STATUSBAR-NetworkController( 1029): onSignalStrengthsChanged signalStrength=SignalStrength: 99 99 -85 -45 -120 -1 -1 19 -98 -10 104 -1 2147483647 gsm|lte 0x3040 level=3
D/STATUSBAR-NetworkController( 1029): updateRomaingNotification DataRoaming:false mDataRoamingTypeForVZW : 0
D/STATUSBAR-NetworkController( 1029): updateRomaingNotification DataRoaming:false mDataRoamingTypeForVZW : 0
D/STATUSBAR-NetworkController( 1029): refreshSignalCluster - setNWBoosterIndicators(false)
D/STATUSBAR-NetworkController( 1029): refreshSignalCluster: data=0 bt=false
D/STATUSBAR-IconMerger( 1029): checkOverflow(240), More:true, Req:true Child:8
D/STATUSBAR-NetworkController( 1029): onSignalStrengthsChanged signalStrength=SignalStrength: 99 99 -85 -45 -120 -1 -1 19 -100 -11 94 -1 2147483647 gsm|lte 0x3040 level=3
D/STATUSBAR-NetworkController( 1029): updateRomaingNotification DataRoaming:false mDataRoamingTypeForVZW : 0
D/STATUSBAR-NetworkController( 1029): updateRomaingNotification DataRoaming:false mDataRoamingTypeForVZW : 0
D/STATUSBAR-NetworkController( 1029): refreshSignalCluster - setNWBoosterIndicators(false)
D/STATUSBAR-NetworkController( 1029): refreshSignalCluster: data=0 bt=false
D/STATUSBAR-IconMerger( 1029): checkOverflow(240), More:true, Req:true Child:8
D/STATUSBAR-NetworkController( 1029): onSignalStrengthsChanged signalStrength=SignalStrength: 99 99 -85 -45 -120 -1 -1 20 -100 -12 94 -1 2147483647 gsm|lte 0x3040 level=3
D/STATUSBAR-NetworkController( 1029): updateRomaingNotification DataRoaming:false mDataRoamingTypeForVZW : 0
V/AlarmManager(  700): waitForAlarm result :8
D/KeyguardClockWidgetService( 1452): onReceive action=android.intent.action.TIME_TICK
V/AlarmManager(  700): ClockReceiver onReceive() ACTION_TIME_TICK
D/STATUSBAR-IconMerger( 1029): checkOverflow(240), More:true, Req:true Child:8
D/STATUSBAR-NetworkController( 1029): onSignalStrengthsChanged signalStrength=SignalStrength: 99 99 -88 -55 -120 -1 -1 20 -102 -12 82 -1 2147483647 gsm|lte 0x3030 level=3
D/STATUSBAR-NetworkController( 1029): updateRomaingNotification DataRoaming:false mDataRoamingTypeForVZW : 0
D/STATUSBAR-NetworkController( 1029): updateRomaingNotification DataRoaming:false mDataRoamingTypeForVZW : 0
D/STATUSBAR-NetworkController( 1029): refreshSignalCluster - setNWBoosterIndicators(false)
D/STATUSBAR-NetworkController( 1029): refreshSignalCluster: data=0 bt=false
D/STATUSBAR-IconMerger( 1029): checkOverflow(240), More:true, Req:true Child:8
E/Watchdog(  700): !@Sync 15019
D/SSRMv2:SIOP(  700): SIOP:: AP = 360, Delta = 0
D/STATUSBAR-NetworkController( 1029): updateRomaingNotification DataRoaming:false mDataRoamingTypeForVZW : 0
D/STATUSBAR-NetworkController( 1029): refreshSignalCluster - setNWBoosterIndicators(false)
D/STATUSBAR-NetworkController( 1029): refreshSignalCluster: data=0 bt=false
D/STATUSBAR-IconMerger( 1029): checkOverflow(240), More:true, Req:true Child:8
D/STATUSBAR-NetworkController( 1029): updateRomaingNotification DataRoaming:false mDataRoamingTypeForVZW : 0
D/STATUSBAR-NetworkController( 1029): refreshSignalCluster - setNWBoosterIndicators(false)
D/STATUSBAR-NetworkController( 1029): refreshSignalCluster: data=0 bt=false
D/STATUSBAR-IconMerger( 1029): checkOverflow(240), More:true, Req:true Child:8
D/BatteryService(  700): level:90, scale:100, status:2, health:2, present:true, voltage: 4295, temperature: 325, technology: Li-ion, AC powered:false, USB powered:true, Wireless powered:false, icon:17303549, invalid charger:0, online:4, current avg:-1, charge type:0, power sharing:false
D/BatteryService(  700): Sending ACTION_BATTERY_CHANGED.
D/STATUSBAR-PhoneStatusBar( 1029):  mBrightnessEnablebySettings = true mBrightnessEnablebyBattery = true mBrightnessEnablebyDisableFlag = true mPmsBrightnessEnablebySettings = true
D/BatteryMeterView( 1029): ACTION_BATTERY_CHANGED : level:90 status:2 health:2
D/STATUSBAR-IconMerger( 1029): checkOverflow(240), More:true, Req:true Child:8
D/BatteryMeterView( 1029): onDraw batteryColor : -1
D/STATUSBAR-NetworkController( 1029): updateRomaingNotification DataRoaming:false mDataRoamingTypeForVZW : 0
D/STATUSBAR-NetworkController( 1029): refreshSignalCluster - setNWBoosterIndicators(false)
D/STATUSBAR-NetworkController( 1029): refreshSignalCluster: data=0 bt=false
D/STATUSBAR-IconMerger( 1029): checkOverflow(240), More:true, Req:true Child:8
D/STATUSBAR-NetworkController( 1029): updateRomaingNotification DataRoaming:false mDataRoamingTypeForVZW : 0
D/STATUSBAR-NetworkController( 1029): refreshSignalCluster - setNWBoosterIndicators(false)
D/STATUSBAR-NetworkController( 1029): refreshSignalCluster: data=0 bt=false
D/STATUSBAR-IconMerger( 1029): checkOverflow(240), More:true, Req:true Child:8
D/STATUSBAR-NetworkController( 1029): onSignalStrengthsChanged signalStrength=SignalStrength: 99 99 -90 -40 -120 -1 -1 20 -102 -11 82 -1 2147483647 gsm|lte 0x3030 level=3
D/STATUSBAR-NetworkController( 1029): updateRomaingNotification DataRoaming:false mDataRoamingTypeForVZW : 0
D/STATUSBAR-NetworkController( 1029): updateRomaingNotification DataRoaming:false mDataRoamingTypeForVZW : 0
D/STATUSBAR-NetworkController( 1029): refreshSignalCluster - setNWBoosterIndicators(false)
D/STATUSBAR-NetworkController( 1029): refreshSignalCluster: data=0 bt=false
D/STATUSBAR-IconMerger( 1029): checkOverflow(240), More:true, Req:true Child:8
D/STATUSBAR-NetworkController( 1029): updateRomaingNotification DataRoaming:false mDataRoamingTypeForVZW : 0
D/STATUSBAR-NetworkController( 1029): refreshSignalCluster - setNWBoosterIndicators(false)
D/STATUSBAR-NetworkController( 1029): refreshSignalCluster: data=0 bt=false
D/STATUSBAR-IconMerger( 1029): checkOverflow(240), More:true, Req:true Child:8
D/STATUSBAR-NetworkController( 1029): updateRomaingNotification DataRoaming:false mDataRoamingTypeForVZW : 0
D/STATUSBAR-NetworkController( 1029): refreshSignalCluster - setNWBoosterIndicators(false)
D/STATUSBAR-NetworkController( 1029): refreshSignalCluster: data=0 bt=false
D/STATUSBAR-IconMerger( 1029): checkOverflow(240), More:true, Req:true Child:8
D/STATUSBAR-NetworkController( 1029): updateRomaingNotification DataRoaming:false mDataRoamingTypeForVZW : 0
D/STATUSBAR-NetworkController( 1029): refreshSignalCluster - setNWBoosterIndicators(false)
D/STATUSBAR-NetworkController( 1029): refreshSignalCluster: data=0 bt=false
D/STATUSBAR-IconMerger( 1029): checkOverflow(240), More:true, Req:true Child:8
D/STATUSBAR-NetworkController( 1029): onSignalStrengthsChanged signalStrength=SignalStrength: 99 99 -90 -40 -120 -1 -1 20 -102 -11 82 -1 2147483647 gsm|lte 0x3030 level=3
D/STATUSBAR-NetworkController( 1029): updateRomaingNotification DataRoaming:false mDataRoamingTypeForVZW : 0
D/STATUSBAR-NetworkController( 1029): onSignalStrengthsChanged signalStrength=SignalStrength: 99 99 -90 -40 -120 -1 -1 19 -102 -12 82 -1 2147483647 gsm|lte 0x3030 level=3
D/STATUSBAR-NetworkController( 1029): updateRomaingNotification DataRoaming:false mDataRoamingTypeForVZW : 0
D/STATUSBAR-NetworkController( 1029): onSignalStrengthsChanged signalStrength=SignalStrength: 99 99 -89 -55 -120 -1 -1 19 -102 -12 82 -1 2147483647 gsm|lte 0x3030 level=3
D/STATUSBAR-NetworkController( 1029): updateRomaingNotification DataRoaming:false mDataRoamingTypeForVZW : 0
D/STATUSBAR-NetworkController( 1029): updateRomaingNotification DataRoaming:false mDataRoamingTypeForVZW : 0
D/STATUSBAR-NetworkController( 1029): refreshSignalCluster - setNWBoosterIndicators(false)
D/STATUSBAR-NetworkController( 1029): refreshSignalCluster: data=0 bt=false
D/STATUSBAR-IconMerger( 1029): checkOverflow(240), More:true, Req:true Child:8
D/SSRMv2:SIOP(  700): SIOP:: AP = 360, Delta = 0
D/STATUSBAR-NetworkController( 1029): onSignalStrengthsChanged signalStrength=SignalStrength: 99 99 -89 -55 -120 -1 -1 18 -102 -9 82 -1 2147483647 gsm|lte 0x3030 level=3
D/STATUSBAR-NetworkController( 1029): updateRomaingNotification DataRoaming:false mDataRoamingTypeForVZW : 0
D/STATUSBAR-NetworkController( 1029): onSignalStrengthsChanged signalStrength=SignalStrength: 99 99 -89 -55 -120 -1 -1 18 -102 -9 82 -1 2147483647 gsm|lte 0x3030 level=3
D/STATUSBAR-NetworkController( 1029): updateRomaingNotification DataRoaming:false mDataRoamingTypeForVZW : 0
D/STATUSBAR-NetworkController( 1029): updateRomaingNotification DataRoaming:false mDataRoamingTypeForVZW : 0
D/STATUSBAR-NetworkController( 1029): refreshSignalCluster - setNWBoosterIndicators(false)
D/STATUSBAR-NetworkController( 1029): refreshSignalCluster: data=0 bt=false
D/STATUSBAR-IconMerger( 1029): checkOverflow(240), More:true, Req:true Child:8
D/STATUSBAR-NetworkController( 1029): onSignalStrengthsChanged signalStrength=SignalStrength: 99 99 -89 -55 -120 -1 -1 19 -102 -11 82 -1 2147483647 gsm|lte 0x3030 level=3
D/STATUSBAR-NetworkController( 1029): updateRomaingNotification DataRoaming:false mDataRoamingTypeForVZW : 0
D/STATUSBAR-NetworkController( 1029): updateRomaingNotification DataRoaming:false mDataRoamingTypeForVZW : 0
D/STATUSBAR-NetworkController( 1029): refreshSignalCluster - setNWBoosterIndicators(false)
D/STATUSBAR-NetworkController( 1029): refreshSignalCluster: data=0 bt=false
D/STATUSBAR-IconMerger( 1029): checkOverflow(240), More:true, Req:true Child:8
D/STATUSBAR-NetworkController( 1029): updateRomaingNotification DataRoaming:false mDataRoamingTypeForVZW : 0
D/STATUSBAR-NetworkController( 1029): refreshSignalCluster - setNWBoosterIndicators(false)
D/STATUSBAR-NetworkController( 1029): refreshSignalCluster: data=0 bt=false
D/STATUSBAR-IconMerger( 1029): checkOverflow(240), More:true, Req:true Child:8
D/STATUSBAR-NetworkController( 1029): onSignalStrengthsChanged signalStrength=SignalStrength: 99 99 -89 -55 -120 -1 -1 19 -102 -11 82 -1 2147483647 gsm|lte 0x3030 level=3
D/STATUSBAR-NetworkController( 1029): updateRomaingNotification DataRoaming:false mDataRoamingTypeForVZW : 0
D/STATUSBAR-NetworkController( 1029): updateRomaingNotification DataRoaming:false mDataRoamingTypeForVZW : 0
D/STATUSBAR-NetworkController( 1029): refreshSignalCluster - setNWBoosterIndicators(false)
D/STATUSBAR-NetworkController( 1029): refreshSignalCluster: data=0 bt=false
D/STATUSBAR-IconMerger( 1029): checkOverflow(240), More:true, Req:true Child:8
D/STATUSBAR-NetworkController( 1029): onSignalStrengthsChanged signalStrength=SignalStrength: 99 99 -90 -50 -120 -1 -1 19 -102 -13 82 -1 2147483647 gsm|lte 0x3030 level=3
D/STATUSBAR-NetworkController( 1029): updateRomaingNotification DataRoaming:false mDataRoamingTypeForVZW : 0
D/STATUSBAR-NetworkController( 1029): updateRomaingNotification DataRoaming:false mDataRoamingTypeForVZW : 0
D/STATUSBAR-NetworkController( 1029): refreshSignalCluster - setNWBoosterIndicators(false)
D/STATUSBAR-NetworkController( 1029): refreshSignalCluster: data=0 bt=false
D/STATUSBAR-IconMerger( 1029): checkOverflow(240), More:true, Req:true Child:8
D/STATUSBAR-NetworkController( 1029): onSignalStrengthsChanged signalStrength=SignalStrength: 99 99 -88 -55 -120 -1 -1 19 -102 -11 82 -1 2147483647 gsm|lte 0x3030 level=3
D/STATUSBAR-NetworkController( 1029): updateRomaingNotification DataRoaming:false mDataRoamingTypeForVZW : 0
D/SSRMv2:SIOP(  700): SIOP:: AP = 360, Delta = 0
D/STATUSBAR-NetworkController( 1029): updateRomaingNotification DataRoaming:false mDataRoamingTypeForVZW : 0
D/STATUSBAR-NetworkController( 1029): refreshSignalCluster - setNWBoosterIndicators(false)
D/STATUSBAR-NetworkController( 1029): refreshSignalCluster: data=0 bt=false
D/STATUSBAR-IconMerger( 1029): checkOverflow(240), More:true, Req:true Child:8
D/STATUSBAR-NetworkController( 1029): updateRomaingNotification DataRoaming:false mDataRoamingTypeForVZW : 0
D/STATUSBAR-NetworkController( 1029): refreshSignalCluster - setNWBoosterIndicators(false)
D/STATUSBAR-NetworkController( 1029): refreshSignalCluster: data=0 bt=false
D/STATUSBAR-IconMerger( 1029): checkOverflow(240), More:true, Req:true Child:8
D/STATUSBAR-NetworkController( 1029): updateRomaingNotification DataRoaming:false mDataRoamingTypeForVZW : 0
D/STATUSBAR-NetworkController( 1029): refreshSignalCluster - setNWBoosterIndicators(false)
D/STATUSBAR-NetworkController( 1029): refreshSignalCluster: data=0 bt=false
D/STATUSBAR-IconMerger( 1029): checkOverflow(240), More:true, Req:true Child:8
D/STATUSBAR-NetworkController( 1029): onSignalStrengthsChanged signalStrength=SignalStrength: 99 99 -88 -55 -120 -1 -1 20 -102 -11 82 -1 2147483647 gsm|lte 0x3030 level=3
D/STATUSBAR-NetworkController( 1029): updateRomaingNotification DataRoaming:false mDataRoamingTypeForVZW : 0
D/STATUSBAR-NetworkController( 1029): updateRomaingNotification DataRoaming:false mDataRoamingTypeForVZW : 0
D/STATUSBAR-NetworkController( 1029): refreshSignalCluster - setNWBoosterIndicators(false)
D/STATUSBAR-NetworkController( 1029): refreshSignalCluster: data=0 bt=false
D/STATUSBAR-IconMerger( 1029): checkOverflow(240), More:true, Req:true Child:8
D/STATUSBAR-NetworkController( 1029): onSignalStrengthsChanged signalStrength=SignalStrength: 99 99 -89 -40 -120 -1 -1 20 -102 -11 82 -1 2147483647 gsm|lte 0x3030 level=3
D/STATUSBAR-NetworkController( 1029): updateRomaingNotification DataRoaming:false mDataRoamingTypeForVZW : 0
D/STATUSBAR-NetworkController( 1029): updateRomaingNotification DataRoaming:false mDataRoamingTypeForVZW : 0
D/STATUSBAR-NetworkController( 1029): refreshSignalCluster - setNWBoosterIndicators(false)
D/STATUSBAR-NetworkController( 1029): refreshSignalCluster: data=0 bt=false
D/STATUSBAR-IconMerger( 1029): checkOverflow(240), More:true, Req:true Child:8
D/STATUSBAR-NetworkController( 1029): onSignalStrengthsChanged signalStrength=SignalStrength: 99 99 -89 -40 -120 -1 -1 19 -102 -8 82 -1 2147483647 gsm|lte 0x3030 level=3
D/STATUSBAR-NetworkController( 1029): updateRomaingNotification DataRoaming:false mDataRoamingTypeForVZW : 0
E/Watchdog(  700): !@Sync 15020
D/STATUSBAR-NetworkController( 1029): updateRomaingNotification DataRoaming:false mDataRoamingTypeForVZW : 0
D/STATUSBAR-NetworkController( 1029): refreshSignalCluster - setNWBoosterIndicators(false)
D/STATUSBAR-NetworkController( 1029): refreshSignalCluster: data=0 bt=false
D/STATUSBAR-IconMerger( 1029): checkOverflow(240), More:true, Req:true Child:8
D/SSRMv2:SIOP(  700): SIOP:: AP = 360, Delta = 0
D/STATUSBAR-NetworkController( 1029): updateRomaingNotification DataRoaming:false mDataRoamingTypeForVZW : 0
D/STATUSBAR-NetworkController( 1029): refreshSignalCluster - setNWBoosterIndicators(false)
D/STATUSBAR-NetworkController( 1029): refreshSignalCluster: data=0 bt=false
D/STATUSBAR-IconMerger( 1029): checkOverflow(240), More:true, Req:true Child:8
D/STATUSBAR-NetworkController( 1029): onSignalStrengthsChanged signalStrength=SignalStrength: 99 99 -89 -40 -120 -1 -1 20 -102 -11 82 -1 2147483647 gsm|lte 0x3030 level=3
D/STATUSBAR-NetworkController( 1029): updateRomaingNotification DataRoaming:false mDataRoamingTypeForVZW : 0
D/BatteryService(  700): level:90, scale:100, status:2, health:2, present:true, voltage: 4296, temperature: 322, technology: Li-ion, AC powered:false, USB powered:true, Wireless powered:false, icon:17303549, invalid charger:0, online:4, current avg:-1, charge type:0, power sharing:false
D/BatteryService(  700): Sending ACTION_BATTERY_CHANGED.
D/STATUSBAR-PhoneStatusBar( 1029):  mBrightnessEnablebySettings = true mBrightnessEnablebyBattery = true mBrightnessEnablebyDisableFlag = true mPmsBrightnessEnablebySettings = true
D/STATUSBAR-IconMerger( 1029): checkOverflow(240), More:true, Req:true Child:8
D/BatteryMeterView( 1029): ACTION_BATTERY_CHANGED : level:90 status:2 health:2
V/VibratorService(  700): hasVibrator - useVibetonz: true
V/VibratorService(  700): vibrateImmVibeMagnitudeType - magnitudeType: TouchMagnitude
D/VibratorService(  700): ImmVibe vibratorOff()
V/VibratorService(  700): vibrateImmVibe - package: android, type: 14, magnitude: 6000
D/CustomFrequencyManagerService(  700): acquireDVFSLockLocked : type : DVFS_MIN_LIMIT  frequency : 1242000  uid : 1000  pid : 700  pkgName : ACTIVITY_RESUME_BOOSTER@5
W/ActivityManager(  700): mDVFSHelper.acquire()
V/WindowManager(  700): rotationForOrientationLw(orient=5, last=0); user=0  sensorRotation=0 mLidState=-1 mDockMode=0 mHdmiPlugged=false mAccelerometerDefault=false gripRotationLock=false
D/StatusBarManagerService(  700): semi p:1224,o:f
D/StatusBarManagerService(  700): semi p:1224,o:f
D/StatusBarManagerService(  700): semi p:1224,o:f
D/STATUSBAR-StatusBarManagerService(  700): manageDisableList what=0x0 pkg=WindowManager.LayoutParams
D/STATUSBAR-StatusBarManagerService(  700): manageDisableList what=0x0 pkg=WindowManager.LayoutParams
D/CustomFrequencyManagerService(  700): releaseDVFSLockLocked : Getting Lock type frm List : DVFS_MIN_LIMIT  frequency : 1242000  uid : 1000  pid : 700  tag : ACTIVITY_RESUME_BOOSTER@5
W/ActivityManager(  700): mDVFSHelper.release()
D/CustomFrequencyManagerService(  700): acquireDVFSLockLocked : type : DVFS_MIN_LIMIT  frequency : 1242000  uid : 1000  pid : 700  pkgName : ACTIVITY_RESUME_BOOSTER@9
W/ActivityManager(  700): Bad activity token: android.os.BinderProxy@43274e88
W/ActivityManager(  700): java.lang.ClassCastException: android.os.BinderProxy cannot be cast to com.android.server.am.ActivityRecord$Token
W/ActivityManager(  700): 	at com.android.server.am.ActivityRecord.forToken(ActivityRecord.java:378)
W/ActivityManager(  700): 	at com.android.server.am.ActivityRecord.isInStackLocked(ActivityRecord.java:1185)
W/ActivityManager(  700): 	at com.android.server.am.MultiWindowFacadeService.getMultiWindowStyle(MultiWindowFacadeService.java:102)
W/ActivityManager(  700): 	at com.samsung.android.multiwindow.IMultiWindowFacade$Stub.onTransact(IMultiWindowFacade.java:107)
W/ActivityManager(  700): 	at android.os.Binder.execTransact(Binder.java:404)
W/ActivityManager(  700): 	at dalvik.system.NativeStart.run(Native Method)
D/StatusBarManagerService(  700): tr p:1224,o:f
D/CustomFrequencyManagerService(  700): releaseDVFSLockLocked : Getting Lock type frm List : DVFS_MIN_LIMIT  frequency : 1242000  uid : 1000  pid : 700  tag : ACTIVITY_RESUME_BOOSTER@9
D/StatusBarManagerService(  700): semi p:1224,o:f
W/ActivityManager(  700): Bad activity token: android.os.BinderProxy@42996610
W/ActivityManager(  700): java.lang.ClassCastException: android.os.BinderProxy cannot be cast to com.android.server.am.ActivityRecord$Token
W/ActivityManager(  700): 	at com.android.server.am.ActivityRecord.forToken(ActivityRecord.java:378)
W/ActivityManager(  700): 	at com.android.server.am.ActivityRecord.isInStackLocked(ActivityRecord.java:1185)
W/ActivityManager(  700): 	at com.android.server.am.MultiWindowFacadeService.getMultiWindowStyle(MultiWindowFacadeService.java:102)
W/ActivityManager(  700): 	at com.samsung.android.multiwindow.IMultiWindowFacade$Stub.onTransact(IMultiWindowFacade.java:107)
W/ActivityManager(  700): 	at android.os.Binder.execTransact(Binder.java:404)
W/ActivityManager(  700): 	at dalvik.system.NativeStart.run(Native Method)
D/StatusBarManagerService(  700): tr p:1224,o:f
D/StatusBarManagerService(  700): semi p:1224,o:f
D/STATUSBAR-NetworkController( 1029): updateRomaingNotification DataRoaming:false mDataRoamingTypeForVZW : 0
D/STATUSBAR-NetworkController( 1029): refreshSignalCluster - setNWBoosterIndicators(false)
D/STATUSBAR-NetworkController( 1029): refreshSignalCluster: data=0 bt=false
D/STATUSBAR-IconMerger( 1029): checkOverflow(240), More:true, Req:true Child:8
D/STATUSBAR-NetworkController( 1029): updateRomaingNotification DataRoaming:false mDataRoamingTypeForVZW : 0
D/STATUSBAR-NetworkController( 1029): refreshSignalCluster - setNWBoosterIndicators(false)
D/STATUSBAR-NetworkController( 1029): refreshSignalCluster: data=0 bt=false
D/STATUSBAR-IconMerger( 1029): checkOverflow(240), More:true, Req:true Child:8
D/STATUSBAR-PhoneStatusBar( 1029): makeExpandedVisible
D/STATUSBAR-QuickSettingPanel( 1029): setSingleLine:true
D/STATUSBAR-QuickSettingPanel( 1029): updateButtonInfo mButtonWidth : 142 mColumnNumber:5 orien: 1
D/STATUSBAR-PhoneStatusBar( 1029): Mini Controller text scroll : ON
D/VibratorService(  700): ImmVibe vibratorOff()
D/LightsService(  700): [api] [SvcLED] turnOff:: id = 4 (uid: 10066 pid: 1029) 
D/LightsService(  700): [SvcLED] setSvcLedStateLocked:: SvcLEDState : 0x0 -> 0x0 | SvcLED(id=4) set Off
D/LightsService(  700): [SvcLED] Lux failed to be updated in 700ms. -> handleForcedSvcLEDTasK
D/LightsService(  700): [SvcLED]  setSvcLedLightLocked :: Current SvcLED(id=4) maintains its priority right
D/BarController.StatusBar(  700): Not showing transient bar, bar already visible
D/BarController.NavigationBar(  700): Not showing transient bar, bar doesn't exist
D/STATUSBAR-StatusBarManagerService(  700): manageDisableList what=0x0 pkg=WindowManager.LayoutParams
D/SSRMv2:TSP:AirViewOnOff(  700): DeviceInfo:: 00100000000
D/SSRMv2:TSP:AirViewOnOff(  700): SettingsAirViewInfo:: 000000000
D/PhoneStatusBarView( 1029): onPanelFullyOpened in EXPAND_NOTI_ACTION
D/STATUSBAR-NetworkController( 1029): onSignalStrengthsChanged signalStrength=SignalStrength: 99 99 -89 -40 -120 -1 -1 19 -100 -8 82 -1 2147483647 gsm|lte 0x3030 level=3
D/STATUSBAR-NetworkController( 1029): updateRomaingNotification DataRoaming:false mDataRoamingTypeForVZW : 0
D/PowerManagerService(  700): [api] userActivityFromNative : 70 (event: 2 flags: 0)
D/CustomFrequencyManagerService(  700): acquireDVFSLockLocked : type : DVFS_MIN_LIMIT  frequency : 1242000  uid : 1000  pid : 700  pkgName : ACTIVITY_RESUME_BOOSTER@5
W/ActivityManager(  700): mDVFSHelper.acquire()
V/WindowManager(  700): rotationForOrientationLw(orient=-1, last=0); user=0  sensorRotation=0 mLidState=-1 mDockMode=0 mHdmiPlugged=false mAccelerometerDefault=false gripRotationLock=false
D/StatusBarManagerService(  700): tr p:700,o:f
D/StatusBarManagerService(  700): tr p:18118,o:f
D/StatusBarManagerService(  700): semi p:700,o:f
D/MotionRecognitionService(  700):  ssp status : false
D/StatusBarManagerService(  700): semi p:700,o:f
V/AlarmManager(  700): waitForAlarm result :8
D/SSRMv2:TSP:AirViewOnOff(  700): DeviceInfo:: 00000000000
D/SSRMv2:TSP:AirViewOnOff(  700): SettingsAirViewInfo:: 000000000
D/STATUSBAR-PhoneStatusBar( 1029): makeExpandedInvisible
D/STATUSBAR-PhoneStatusBar( 1029): Mini Controller text scroll : OFF
D/STATUSBAR-QuickSettingPanel( 1029): setSingleLine:true
D/STATUSBAR-QuickSettingPanel( 1029): updateButtonInfo mButtonWidth : 142 mColumnNumber:5 orien: 1
D/VibratorService(  700): ImmVibe vibratorOff()
D/LightsService(  700): [api] [SvcLED] turnOff:: id = 4 (uid: 10066 pid: 1029) 
D/LightsService(  700): [SvcLED] setSvcLedStateLocked:: SvcLEDState : 0x0 -> 0x0 | SvcLED(id=4) set Off
D/LightsService(  700): [SvcLED] Lux failed to be updated in 700ms. -> handleForcedSvcLEDTasK
D/LightsService(  700): [SvcLED]  setSvcLedLightLocked :: Current SvcLED(id=4) maintains its priority right
D/STATUSBAR-StatusBarManagerService(  700): manageDisableList what=0x0 pkg=WindowManager.LayoutParams
D/CustomFrequencyManagerService(  700): acquireDVFSLockLocked : type : DVFS_MIN_LIMIT  frequency : 1512000  uid : 1000  pid : 18118  pkgName : com.android.settings@18
D/StatusBarManagerService(  700): semi p:18118,o:f
W/Vold    (  152): Returning OperationFailed - no handler for errno 30
D/StatusBarManagerService(  700): semi p:18118,o:f
D/CustomFrequencyManagerService(  700): acquireDVFSLockLocked : type : DVFS_MIN_LIMIT  frequency : 1242000  uid : 1000  pid : 700  pkgName : ACTIVITY_RESUME_BOOSTER@9
D/CustomFrequencyManagerService(  700): releaseDVFSLockLocked : Getting Lock type frm List : DVFS_MIN_LIMIT  frequency : 1242000  uid : 1000  pid : 700  tag : ACTIVITY_RESUME_BOOSTER@5
D/CustomFrequencyManagerService(  700): FrequencyrequestList.getNextMaxCPUCoreRequest, index: 0
W/ActivityManager(  700): mDVFSHelper.release()
D/STATUSBAR-NetworkController( 1029): onSignalStrengthsChanged signalStrength=SignalStrength: 99 99 -89 -40 -120 -1 -1 20 -100 -12 82 -1 2147483647 gsm|lte 0x3030 level=3
D/STATUSBAR-NetworkController( 1029): updateRomaingNotification DataRoaming:false mDataRoamingTypeForVZW : 0
D/CustomFrequencyManagerService(  700): releaseDVFSLockLocked : Getting Lock type frm List : DVFS_MIN_LIMIT  frequency : 1242000  uid : 1000  pid : 700  tag : ACTIVITY_RESUME_BOOSTER@9
D/SSRMv2:SIOP(  700): SIOP:: AP = 370, Delta = 10
D/CustomFrequencyManagerService(  700): releaseDVFSLockLocked : Getting Lock type frm List : DVFS_MIN_LIMIT  frequency : 1512000  uid : 1000  pid : 18118  tag : com.android.settings@18
D/CustomFrequencyManagerService(  700): acquireDVFSLockLocked : type : DVFS_MIN_LIMIT  frequency : 810000  uid : 1000  pid : 18118  pkgName : LIST_SCROLL_BOOSTER@16
D/CustomFrequencyManagerService(  700): releaseDVFSLockLocked : Getting Lock type frm List : DVFS_MIN_LIMIT  frequency : 810000  uid : 1000  pid : 18118  tag : LIST_SCROLL_BOOSTER@16
D/CustomFrequencyManagerService(  700): acquireDVFSLockLocked : type : DVFS_MIN_LIMIT  frequency : 810000  uid : 1000  pid : 18118  pkgName : LIST_SCROLL_BOOSTER@16
D/CustomFrequencyManagerService(  700): releaseDVFSLockLocked : Getting Lock type frm List : DVFS_MIN_LIMIT  frequency : 810000  uid : 1000  pid : 18118  tag : LIST_SCROLL_BOOSTER@16
D/CustomFrequencyManagerService(  700): acquireDVFSLockLocked : type : DVFS_MIN_LIMIT  frequency : 1242000  uid : 1000  pid : 700  pkgName : ACTIVITY_RESUME_BOOSTER@5
W/ActivityManager(  700): mDVFSHelper.acquire()
D/PowerManagerService(  700): SystemPowerSaveModeReceiver onReceive
D/PowerManagerService(  700): [api] updateSettingsLocked : mDreamsEnabledSetting: false mDreamsActivateOnSleepSetting: false mDreamsActivateOnDockSetting: true mScreenOffTimeoutSetting: 300000 mStayOnWhilePluggedInSetting: 0 mScreenBrightnessSetting: 137 mDynamicAutoBrightnessRatioValueSetting: 100 mScreenAutoBrightnessAdjustmentSetting: 0.0 mScreenBrightnessModeSetting: 1 mSmartStayEnabledSetting: false mTouchKeyOffTimeoutSetting: 1500 mPowerSaveModeSettingBroadcasted false mLimitedPerformanceBroadcasted false mTouchKeyForceDisableOverrideFromSystemPowerSaveMode: false mATTautoPowerSavingModeSetting: false mATTautoPowerSavingModeSuspend: false mEmergencyMode false mAutoPowerOffTimeoutSetting: 0 mSecuredLockEnableSetting: 0 mSecuredLockTimeoutSetting: -1
D/STATUSBAR-NetworkController( 1029): onSignalStrengthsChanged signalStrength=SignalStrength: 99 99 -89 -40 -120 -1 -1 20 -102 -12 50 -1 2147483647 gsm|lte 0x3030 level=3
D/STATUSBAR-NetworkController( 1029): updateRomaingNotification DataRoaming:false mDataRoamingTypeForVZW : 0
D/STATUSBAR-NetworkController( 1029): onSignalStrengthsChanged signalStrength=SignalStrength: 99 99 -89 -40 -120 -1 -1 20 -102 -12 50 -1 2147483647 gsm|lte 0x3030 level=3
D/STATUSBAR-NetworkController( 1029): updateRomaingNotification DataRoaming:false mDataRoamingTypeForVZW : 0
D/StatusBarManagerService(  700): tr p:18118,o:f
D/MotionRecognitionService(  700):  ssp status : false
D/CustomFrequencyManagerService(  700): acquireDVFSLockLocked : type : DVFS_MIN_LIMIT  frequency : 1512000  uid : 1000  pid : 18118  pkgName : com.android.settings@21
D/StatusBarManagerService(  700): semi p:18118,o:f
D/PackageManager(  700): Trying to bind to DefaultContainerService
D/PackageManager(  700): onServiceConnected
D/PackageManager(  700): [MSG] MCS_BOUND
D/StatusBarManagerService(  700): semi p:18118,o:f
I/PackageManager(  700): remove MCS_UNBIND message and Posting MCS_UNBIND 10 secs later
D/PackageManager(  700): [MSG] MCS_BOUND
D/STATUSBAR-StatusBarManagerService(  700): manageDisableList what=0x0 pkg=WindowManager.LayoutParams
I/PackageManager(  700): remove MCS_UNBIND message and Posting MCS_UNBIND 10 secs later
D/PackageManager(  700): [MSG] MCS_BOUND
I/PackageManager(  700): remove MCS_UNBIND message and Posting MCS_UNBIND 10 secs later
D/PackageManager(  700): [MSG] MCS_BOUND
I/PackageManager(  700): remove MCS_UNBIND message and Posting MCS_UNBIND 10 secs later
D/PackageManager(  700): [MSG] MCS_BOUND
I/PackageManager(  700): remove MCS_UNBIND message and Posting MCS_UNBIND 10 secs later
D/PackageManager(  700): [MSG] MCS_BOUND
I/PackageManager(  700): remove MCS_UNBIND message and Posting MCS_UNBIND 10 secs later
D/PackageManager(  700): [MSG] MCS_BOUND
I/PackageManager(  700): remove MCS_UNBIND message and Posting MCS_UNBIND 10 secs later
D/PackageManager(  700): [MSG] MCS_BOUND
I/PackageManager(  700): remove MCS_UNBIND message and Posting MCS_UNBIND 10 secs later
D/PackageManager(  700): [MSG] MCS_BOUND
I/PackageManager(  700): remove MCS_UNBIND message and Posting MCS_UNBIND 10 secs later
D/PackageManager(  700): [MSG] MCS_BOUND
I/PackageManager(  700): remove MCS_UNBIND message and Posting MCS_UNBIND 10 secs later
D/PackageManager(  700): [MSG] MCS_BOUND
I/PackageManager(  700): remove MCS_UNBIND message and Posting MCS_UNBIND 10 secs later
D/PackageManager(  700): [MSG] MCS_BOUND
I/PackageManager(  700): remove MCS_UNBIND message and Posting MCS_UNBIND 10 secs later
D/PackageManager(  700): [MSG] MCS_BOUND
I/PackageManager(  700): remove MCS_UNBIND message and Posting MCS_UNBIND 10 secs later
D/PackageManager(  700): [MSG] MCS_BOUND
I/PackageManager(  700): remove MCS_UNBIND message and Posting MCS_UNBIND 10 secs later
D/PackageManager(  700): [MSG] MCS_BOUND
D/CustomFrequencyManagerService(  700): releaseDVFSLockLocked : Getting Lock type frm List : DVFS_MIN_LIMIT  frequency : 1242000  uid : 1000  pid : 700  tag : ACTIVITY_RESUME_BOOSTER@5
W/ActivityManager(  700): mDVFSHelper.release()
D/CustomFrequencyManagerService(  700): acquireDVFSLockLocked : type : DVFS_MIN_LIMIT  frequency : 1242000  uid : 1000  pid : 700  pkgName : ACTIVITY_RESUME_BOOSTER@9
I/PackageManager(  700): remove MCS_UNBIND message and Posting MCS_UNBIND 10 secs later
D/PackageManager(  700): [MSG] MCS_BOUND
I/PackageManager(  700): remove MCS_UNBIND message and Posting MCS_UNBIND 10 secs later
D/PackageManager(  700): [MSG] MCS_BOUND
I/PackageManager(  700): remove MCS_UNBIND message and Posting MCS_UNBIND 10 secs later
D/PackageManager(  700): [MSG] MCS_BOUND
D/CustomFrequencyManagerService(  700): releaseDVFSLockLocked : Getting Lock type frm List : DVFS_MIN_LIMIT  frequency : 1242000  uid : 1000  pid : 700  tag : ACTIVITY_RESUME_BOOSTER@9
I/PackageManager(  700): remove MCS_UNBIND message and Posting MCS_UNBIND 10 secs later
D/PackageManager(  700): [MSG] MCS_BOUND
I/PackageManager(  700): remove MCS_UNBIND message and Posting MCS_UNBIND 10 secs later
D/PackageManager(  700): [MSG] MCS_BOUND
I/PackageManager(  700): remove MCS_UNBIND message and Posting MCS_UNBIND 10 secs later
D/PackageManager(  700): [MSG] MCS_BOUND
I/PackageManager(  700): remove MCS_UNBIND message and Posting MCS_UNBIND 10 secs later
D/PackageManager(  700): [MSG] MCS_BOUND
I/PackageManager(  700): remove MCS_UNBIND message and Posting MCS_UNBIND 10 secs later
D/PackageManager(  700): [MSG] MCS_BOUND
I/PackageManager(  700): remove MCS_UNBIND message and Posting MCS_UNBIND 10 secs later
D/PackageManager(  700): [MSG] MCS_BOUND
I/PackageManager(  700): remove MCS_UNBIND message and Posting MCS_UNBIND 10 secs later
D/PackageManager(  700): [MSG] MCS_BOUND
I/PackageManager(  700): remove MCS_UNBIND message and Posting MCS_UNBIND 10 secs later
D/PackageManager(  700): [MSG] MCS_BOUND
I/PackageManager(  700): remove MCS_UNBIND message and Posting MCS_UNBIND 10 secs later
D/PackageManager(  700): [MSG] MCS_BOUND
I/PackageManager(  700): remove MCS_UNBIND message and Posting MCS_UNBIND 10 secs later
D/PackageManager(  700): [MSG] MCS_BOUND
I/PackageManager(  700): remove MCS_UNBIND message and Posting MCS_UNBIND 10 secs later
D/PackageManager(  700): [MSG] MCS_BOUND
I/PackageManager(  700): remove MCS_UNBIND message and Posting MCS_UNBIND 10 secs later
D/PackageManager(  700): [MSG] MCS_BOUND
I/PackageManager(  700): remove MCS_UNBIND message and Posting MCS_UNBIND 10 secs later
D/PackageManager(  700): [MSG] MCS_BOUND
I/PackageManager(  700): remove MCS_UNBIND message and Posting MCS_UNBIND 10 secs later
D/PackageManager(  700): [MSG] MCS_BOUND
I/PackageManager(  700): remove MCS_UNBIND message and Posting MCS_UNBIND 10 secs later
D/PackageManager(  700): [MSG] MCS_BOUND
I/PackageManager(  700): remove MCS_UNBIND message and Posting MCS_UNBIND 10 secs later
D/PackageManager(  700): [MSG] MCS_BOUND
I/PackageManager(  700): remove MCS_UNBIND message and Posting MCS_UNBIND 10 secs later
D/PackageManager(  700): [MSG] MCS_BOUND
I/PackageManager(  700): remove MCS_UNBIND message and Posting MCS_UNBIND 10 secs later
D/PackageManager(  700): [MSG] MCS_BOUND
I/PackageManager(  700): remove MCS_UNBIND message and Posting MCS_UNBIND 10 secs later
D/PackageManager(  700): [MSG] MCS_BOUND
I/PackageManager(  700): remove MCS_UNBIND message and Posting MCS_UNBIND 10 secs later
D/PackageManager(  700): [MSG] MCS_BOUND
I/PackageManager(  700): remove MCS_UNBIND message and Posting MCS_UNBIND 10 secs later
D/PackageManager(  700): [MSG] MCS_BOUND
I/PackageManager(  700): remove MCS_UNBIND message and Posting MCS_UNBIND 10 secs later
D/PackageManager(  700): [MSG] MCS_BOUND
I/PackageManager(  700): remove MCS_UNBIND message and Posting MCS_UNBIND 10 secs later
D/PackageManager(  700): [MSG] MCS_BOUND
I/PackageManager(  700): remove MCS_UNBIND message and Posting MCS_UNBIND 10 secs later
D/PackageManager(  700): [MSG] MCS_BOUND
I/PackageManager(  700): remove MCS_UNBIND message and Posting MCS_UNBIND 10 secs later
D/PackageManager(  700): [MSG] MCS_BOUND
I/PackageManager(  700): remove MCS_UNBIND message and Posting MCS_UNBIND 10 secs later
D/PackageManager(  700): [MSG] MCS_BOUND
I/PackageManager(  700): remove MCS_UNBIND message and Posting MCS_UNBIND 10 secs later
D/PackageManager(  700): [MSG] MCS_BOUND
I/PackageManager(  700): remove MCS_UNBIND message and Posting MCS_UNBIND 10 secs later
D/PackageManager(  700): [MSG] MCS_BOUND
I/PackageManager(  700): remove MCS_UNBIND message and Posting MCS_UNBIND 10 secs later
D/PackageManager(  700): [MSG] MCS_BOUND
I/PackageManager(  700): remove MCS_UNBIND message and Posting MCS_UNBIND 10 secs later
D/PackageManager(  700): [MSG] MCS_BOUND
I/PackageManager(  700): remove MCS_UNBIND message and Posting MCS_UNBIND 10 secs later
D/PackageManager(  700): [MSG] MCS_BOUND
I/PackageManager(  700): remove MCS_UNBIND message and Posting MCS_UNBIND 10 secs later
D/PackageManager(  700): [MSG] MCS_BOUND
I/PackageManager(  700): remove MCS_UNBIND message and Posting MCS_UNBIND 10 secs later
D/PackageManager(  700): [MSG] MCS_BOUND
I/PackageManager(  700): remove MCS_UNBIND message and Posting MCS_UNBIND 10 secs later
D/PackageManager(  700): [MSG] MCS_BOUND
D/CustomFrequencyManagerService(  700): acquireDVFSLockLocked : type : DVFS_MIN_LIMIT  frequency : 810000  uid : 1000  pid : 18118  pkgName : LIST_SCROLL_BOOSTER@22
I/PackageManager(  700): remove MCS_UNBIND message and Posting MCS_UNBIND 10 secs later
D/PackageManager(  700): [MSG] MCS_BOUND
I/PackageManager(  700): remove MCS_UNBIND message and Posting MCS_UNBIND 10 secs later
D/PackageManager(  700): [MSG] MCS_BOUND
I/PackageManager(  700): remove MCS_UNBIND message and Posting MCS_UNBIND 10 secs later
D/PackageManager(  700): [MSG] MCS_BOUND
I/PackageManager(  700): remove MCS_UNBIND message and Posting MCS_UNBIND 10 secs later
D/PackageManager(  700): [MSG] MCS_BOUND
I/PackageManager(  700): remove MCS_UNBIND message and Posting MCS_UNBIND 10 secs later
D/PackageManager(  700): [MSG] MCS_BOUND
I/PackageManager(  700): remove MCS_UNBIND message and Posting MCS_UNBIND 10 secs later
D/PackageManager(  700): [MSG] MCS_BOUND
D/CustomFrequencyManagerService(  700): releaseDVFSLockLocked : Getting Lock type frm List : DVFS_MIN_LIMIT  frequency : 810000  uid : 1000  pid : 18118  tag : LIST_SCROLL_BOOSTER@22
I/PackageManager(  700): remove MCS_UNBIND message and Posting MCS_UNBIND 10 secs later
D/PackageManager(  700): [MSG] MCS_BOUND
I/PackageManager(  700): remove MCS_UNBIND message and Posting MCS_UNBIND 10 secs later
D/PackageManager(  700): [MSG] MCS_BOUND
I/PackageManager(  700): remove MCS_UNBIND message and Posting MCS_UNBIND 10 secs later
D/PackageManager(  700): [MSG] MCS_BOUND
I/PackageManager(  700): remove MCS_UNBIND message and Posting MCS_UNBIND 10 secs later
D/PackageManager(  700): [MSG] MCS_BOUND
I/PackageManager(  700): remove MCS_UNBIND message and Posting MCS_UNBIND 10 secs later
D/PackageManager(  700): [MSG] MCS_BOUND
I/PackageManager(  700): remove MCS_UNBIND message and Posting MCS_UNBIND 10 secs later
D/PackageManager(  700): [MSG] MCS_BOUND
I/PackageManager(  700): remove MCS_UNBIND message and Posting MCS_UNBIND 10 secs later
D/PackageManager(  700): [MSG] MCS_BOUND
I/PackageManager(  700): remove MCS_UNBIND message and Posting MCS_UNBIND 10 secs later
D/PackageManager(  700): [MSG] MCS_BOUND
I/PackageManager(  700): remove MCS_UNBIND message and Posting MCS_UNBIND 10 secs later
D/PackageManager(  700): [MSG] MCS_BOUND
I/PackageManager(  700): remove MCS_UNBIND message and Posting MCS_UNBIND 10 secs later
D/PackageManager(  700): [MSG] MCS_BOUND
I/PackageManager(  700): remove MCS_UNBIND message and Posting MCS_UNBIND 10 secs later
D/PackageManager(  700): [MSG] MCS_BOUND
I/PackageManager(  700): remove MCS_UNBIND message and Posting MCS_UNBIND 10 secs later
D/PackageManager(  700): [MSG] MCS_BOUND
I/PackageManager(  700): remove MCS_UNBIND message and Posting MCS_UNBIND 10 secs later
D/PackageManager(  700): [MSG] MCS_BOUND
I/PackageManager(  700): remove MCS_UNBIND message and Posting MCS_UNBIND 10 secs later
D/PackageManager(  700): [MSG] MCS_BOUND
I/PackageManager(  700): remove MCS_UNBIND message and Posting MCS_UNBIND 10 secs later
D/PackageManager(  700): [MSG] MCS_BOUND
I/PackageManager(  700): remove MCS_UNBIND message and Posting MCS_UNBIND 10 secs later
D/PackageManager(  700): [MSG] MCS_BOUND
I/PackageManager(  700): remove MCS_UNBIND message and Posting MCS_UNBIND 10 secs later
D/PackageManager(  700): [MSG] MCS_BOUND
I/PackageManager(  700): remove MCS_UNBIND message and Posting MCS_UNBIND 10 secs later
D/PackageManager(  700): [MSG] MCS_BOUND
I/PackageManager(  700): remove MCS_UNBIND message and Posting MCS_UNBIND 10 secs later
D/PackageManager(  700): [MSG] MCS_BOUND
I/PackageManager(  700): remove MCS_UNBIND message and Posting MCS_UNBIND 10 secs later
D/PackageManager(  700): [MSG] MCS_BOUND
I/PackageManager(  700): remove MCS_UNBIND message and Posting MCS_UNBIND 10 secs later
D/PackageManager(  700): [MSG] MCS_BOUND
I/PackageManager(  700): remove MCS_UNBIND message and Posting MCS_UNBIND 10 secs later
D/PackageManager(  700): [MSG] MCS_BOUND
I/PackageManager(  700): remove MCS_UNBIND message and Posting MCS_UNBIND 10 secs later
D/PackageManager(  700): [MSG] MCS_BOUND
I/PackageManager(  700): remove MCS_UNBIND message and Posting MCS_UNBIND 10 secs later
D/PackageManager(  700): [MSG] MCS_BOUND
I/PackageManager(  700): remove MCS_UNBIND message and Posting MCS_UNBIND 10 secs later
