D/PackageManager(  700): [MSG] MCS_BOUND
I/PackageManager(  700): remove MCS_UNBIND message and Posting MCS_UNBIND 10 secs later
D/PackageManager(  700): [MSG] MCS_BOUND
I/PackageManager(  700): remove MCS_UNBIND message and Posting MCS_UNBIND 10 secs later
D/PackageManager(  700): [MSG] MCS_BOUND
I/PackageManager(  700): remove MCS_UNBIND message and Posting MCS_UNBIND 10 secs later
D/PackageManager(  700): [MSG] MCS_BOUND
I/PackageManager(  700): remove MCS_UNBIND message and Posting MCS_UNBIND 10 secs later
D/PackageManager(  700): [MSG] MCS_BOUND
I/PackageManager(  700): remove MCS_UNBIND message and Posting MCS_UNBIND 10 secs later
D/PackageManager(  700): [MSG] MCS_BOUND
I/PackageManager(  700): remove MCS_UNBIND message and Posting MCS_UNBIND 10 secs later
D/PackageManager(  700): [MSG] MCS_BOUND
I/PackageManager(  700): remove MCS_UNBIND message and Posting MCS_UNBIND 10 secs later
D/PackageManager(  700): [MSG] MCS_BOUND
I/PackageManager(  700): remove MCS_UNBIND message and Posting MCS_UNBIND 10 secs later
D/PackageManager(  700): [MSG] MCS_BOUND
I/PackageManager(  700): remove MCS_UNBIND message and Posting MCS_UNBIND 10 secs later
D/PackageManager(  700): [MSG] MCS_BOUND
I/PackageManager(  700): remove MCS_UNBIND message and Posting MCS_UNBIND 10 secs later
D/PackageManager(  700): [MSG] MCS_BOUND
I/PackageManager(  700): remove MCS_UNBIND message and Posting MCS_UNBIND 10 secs later
D/PackageManager(  700): [MSG] MCS_BOUND
I/PackageManager(  700): remove MCS_UNBIND message and Posting MCS_UNBIND 10 secs later
D/PackageManager(  700): [MSG] MCS_BOUND
I/PackageManager(  700): remove MCS_UNBIND message and Posting MCS_UNBIND 10 secs later
D/PackageManager(  700): [MSG] MCS_BOUND
D/STATUSBAR-NetworkController( 1029): updateRomaingNotification DataRoaming:false mDataRoamingTypeForVZW : 0
D/STATUSBAR-NetworkController( 1029): refreshSignalCluster - setNWBoosterIndicators(false)
D/STATUSBAR-NetworkController( 1029): refreshSignalCluster: data=0 bt=false
I/PackageManager(  700): remove MCS_UNBIND message and Posting MCS_UNBIND 10 secs later
D/PackageManager(  700): [MSG] MCS_BOUND
D/STATUSBAR-IconMerger( 1029): checkOverflow(240), More:true, Req:true Child:8
D/CustomFrequencyManagerService(  700): releaseDVFSLockLocked : Getting Lock type frm List : DVFS_MIN_LIMIT  frequency : 1512000  uid : 1000  pid : 18118  tag : com.android.settings@21
I/PackageManager(  700): remove MCS_UNBIND message and Posting MCS_UNBIND 10 secs later
D/PackageManager(  700): [MSG] MCS_BOUND
I/PackageManager(  700): remove MCS_UNBIND message and Posting MCS_UNBIND 10 secs later
D/PackageManager(  700): [MSG] MCS_BOUND
I/PackageManager(  700): remove MCS_UNBIND message and Posting MCS_UNBIND 10 secs later
D/PackageManager(  700): [MSG] MCS_BOUND
I/PackageManager(  700): remove MCS_UNBIND message and Posting MCS_UNBIND 10 secs later
D/PackageManager(  700): [MSG] MCS_BOUND
I/PackageManager(  700): remove MCS_UNBIND message and Posting MCS_UNBIND 10 secs later
D/PackageManager(  700): [MSG] MCS_BOUND
I/PackageManager(  700): remove MCS_UNBIND message and Posting MCS_UNBIND 10 secs later
D/PackageManager(  700): [MSG] MCS_BOUND
I/PackageManager(  700): remove MCS_UNBIND message and Posting MCS_UNBIND 10 secs later
D/PackageManager(  700): [MSG] MCS_BOUND
I/PackageManager(  700): remove MCS_UNBIND message and Posting MCS_UNBIND 10 secs later
D/PackageManager(  700): [MSG] MCS_BOUND
I/PackageManager(  700): remove MCS_UNBIND message and Posting MCS_UNBIND 10 secs later
D/PackageManager(  700): [MSG] MCS_BOUND
I/PackageManager(  700): remove MCS_UNBIND message and Posting MCS_UNBIND 10 secs later
D/PackageManager(  700): [MSG] MCS_BOUND
I/PackageManager(  700): remove MCS_UNBIND message and Posting MCS_UNBIND 10 secs later
D/PackageManager(  700): [MSG] MCS_BOUND
I/PackageManager(  700): remove MCS_UNBIND message and Posting MCS_UNBIND 10 secs later
D/PackageManager(  700): [MSG] MCS_BOUND
I/PackageManager(  700): remove MCS_UNBIND message and Posting MCS_UNBIND 10 secs later
D/PackageManager(  700): [MSG] MCS_BOUND
I/PackageManager(  700): remove MCS_UNBIND message and Posting MCS_UNBIND 10 secs later
D/PackageManager(  700): [MSG] MCS_BOUND
I/PackageManager(  700): remove MCS_UNBIND message and Posting MCS_UNBIND 10 secs later
D/PackageManager(  700): [MSG] MCS_BOUND
I/PackageManager(  700): remove MCS_UNBIND message and Posting MCS_UNBIND 10 secs later
D/PackageManager(  700): [MSG] MCS_BOUND
D/STATUSBAR-NetworkController( 1029): onSignalStrengthsChanged signalStrength=SignalStrength: 99 99 -89 -40 -120 -1 -1 20 -102 -12 60 -1 2147483647 gsm|lte 0x3030 level=3
D/STATUSBAR-NetworkController( 1029): updateRomaingNotification DataRoaming:false mDataRoamingTypeForVZW : 0
I/PackageManager(  700): remove MCS_UNBIND message and Posting MCS_UNBIND 10 secs later
D/PackageManager(  700): [MSG] MCS_BOUND
I/PackageManager(  700): remove MCS_UNBIND message and Posting MCS_UNBIND 10 secs later
D/PackageManager(  700): [MSG] MCS_BOUND
I/PackageManager(  700): remove MCS_UNBIND message and Posting MCS_UNBIND 10 secs later
D/PackageManager(  700): [MSG] MCS_BOUND
I/PackageManager(  700): remove MCS_UNBIND message and Posting MCS_UNBIND 10 secs later
D/PackageManager(  700): [MSG] MCS_BOUND
I/PackageManager(  700): remove MCS_UNBIND message and Posting MCS_UNBIND 10 secs later
D/PackageManager(  700): [MSG] MCS_BOUND
I/PackageManager(  700): remove MCS_UNBIND message and Posting MCS_UNBIND 10 secs later
D/PackageManager(  700): [MSG] MCS_BOUND
I/PackageManager(  700): remove MCS_UNBIND message and Posting MCS_UNBIND 10 secs later
D/PackageManager(  700): [MSG] MCS_BOUND
I/PackageManager(  700): remove MCS_UNBIND message and Posting MCS_UNBIND 10 secs later
D/PackageManager(  700): [MSG] MCS_BOUND
I/PackageManager(  700): remove MCS_UNBIND message and Posting MCS_UNBIND 10 secs later
D/PackageManager(  700): [MSG] MCS_BOUND
I/PackageManager(  700): remove MCS_UNBIND message and Posting MCS_UNBIND 10 secs later
D/PackageManager(  700): [MSG] MCS_BOUND
I/PackageManager(  700): remove MCS_UNBIND message and Posting MCS_UNBIND 10 secs later
D/PackageManager(  700): [MSG] MCS_BOUND
I/PackageManager(  700): remove MCS_UNBIND message and Posting MCS_UNBIND 10 secs later
D/PackageManager(  700): [MSG] MCS_BOUND
I/PackageManager(  700): remove MCS_UNBIND message and Posting MCS_UNBIND 10 secs later
D/PackageManager(  700): [MSG] MCS_BOUND
I/PackageManager(  700): remove MCS_UNBIND message and Posting MCS_UNBIND 10 secs later
D/PackageManager(  700): [MSG] MCS_BOUND
I/PackageManager(  700): remove MCS_UNBIND message and Posting MCS_UNBIND 10 secs later
D/PackageManager(  700): [MSG] MCS_BOUND
I/PackageManager(  700): remove MCS_UNBIND message and Posting MCS_UNBIND 10 secs later
D/PackageManager(  700): [MSG] MCS_BOUND
I/PackageManager(  700): remove MCS_UNBIND message and Posting MCS_UNBIND 10 secs later
D/PackageManager(  700): [MSG] MCS_BOUND
I/PackageManager(  700): remove MCS_UNBIND message and Posting MCS_UNBIND 10 secs later
D/PackageManager(  700): [MSG] MCS_BOUND
I/PackageManager(  700): remove MCS_UNBIND message and Posting MCS_UNBIND 10 secs later
D/PackageManager(  700): [MSG] MCS_BOUND
I/PackageManager(  700): remove MCS_UNBIND message and Posting MCS_UNBIND 10 secs later
D/PackageManager(  700): [MSG] MCS_BOUND
I/PackageManager(  700): remove MCS_UNBIND message and Posting MCS_UNBIND 10 secs later
D/PackageManager(  700): [MSG] MCS_BOUND
I/PackageManager(  700): remove MCS_UNBIND message and Posting MCS_UNBIND 10 secs later
D/PackageManager(  700): [MSG] MCS_BOUND
I/PackageManager(  700): remove MCS_UNBIND message and Posting MCS_UNBIND 10 secs later
D/PackageManager(  700): [MSG] MCS_BOUND
I/PackageManager(  700): remove MCS_UNBIND message and Posting MCS_UNBIND 10 secs later
D/PackageManager(  700): [MSG] MCS_BOUND
I/PackageManager(  700): remove MCS_UNBIND message and Posting MCS_UNBIND 10 secs later
D/PackageManager(  700): [MSG] MCS_BOUND
D/CustomFrequencyManagerService(  700): acquireDVFSLockLocked : type : DVFS_MIN_LIMIT  frequency : 1242000  uid : 1000  pid : 700  pkgName : ACTIVITY_RESUME_BOOSTER@5
W/ActivityManager(  700): mDVFSHelper.acquire()
I/PackageManager(  700): remove MCS_UNBIND message and Posting MCS_UNBIND 10 secs later
D/PackageManager(  700): [MSG] MCS_BOUND
I/PackageManager(  700): remove MCS_UNBIND message and Posting MCS_UNBIND 10 secs later
D/PackageManager(  700): [MSG] MCS_BOUND
D/StatusBarManagerService(  700): tr p:18118,o:f
I/PackageManager(  700): remove MCS_UNBIND message and Posting MCS_UNBIND 10 secs later
D/PackageManager(  700): [MSG] MCS_BOUND
I/PackageManager(  700): remove MCS_UNBIND message and Posting MCS_UNBIND 10 secs later
D/PackageManager(  700): [MSG] MCS_BOUND
D/MotionRecognitionService(  700):  ssp status : false
D/CustomFrequencyManagerService(  700): acquireDVFSLockLocked : type : DVFS_MIN_LIMIT  frequency : 1512000  uid : 1000  pid : 18118  pkgName : com.android.settings@28
I/PackageManager(  700): remove MCS_UNBIND message and Posting MCS_UNBIND 10 secs later
D/PackageManager(  700): [MSG] MCS_BOUND
I/PackageManager(  700): remove MCS_UNBIND message and Posting MCS_UNBIND 10 secs later
D/PackageManager(  700): [MSG] MCS_BOUND
D/StatusBarManagerService(  700): semi p:18118,o:f
I/PackageManager(  700): findPreferredActivity: No PreferredActivities set
I/PackageManager(  700): remove MCS_UNBIND message and Posting MCS_UNBIND 10 secs later
D/PackageManager(  700): [MSG] MCS_BOUND
D/UsbSettingsManager(  700): hasDefaults: com.phonegap.helloworld FALSE
I/PackageManager(  700): remove MCS_UNBIND message and Posting MCS_UNBIND 10 secs later
D/PackageManager(  700): [MSG] MCS_BOUND
I/PackageManager(  700): remove MCS_UNBIND message and Posting MCS_UNBIND 10 secs later
D/PackageManager(  700): [MSG] MCS_BOUND
I/PackageManager(  700): remove MCS_UNBIND message and Posting MCS_UNBIND 10 secs later
D/PackageManager(  700): [MSG] MCS_BOUND
I/PackageManager(  700): remove MCS_UNBIND message and Posting MCS_UNBIND 10 secs later
D/PackageManager(  700): [MSG] MCS_BOUND
E/ActivityThread(18118): Failed to find provider info for com.samsung.snmc.dynamiccsc.applicationinfo
D/StatusBarManagerService(  700): semi p:18118,o:f
I/PackageManager(  700): remove MCS_UNBIND message and Posting MCS_UNBIND 10 secs later
D/PackageManager(  700): [MSG] MCS_BOUND
I/PackageManager(  700): remove MCS_UNBIND message and Posting MCS_UNBIND 10 secs later
D/PackageManager(  700): [MSG] MCS_BOUND
D/STATUSBAR-StatusBarManagerService(  700): manageDisableList what=0x0 pkg=WindowManager.LayoutParams
D/STATUSBAR-NetworkController( 1029): updateRomaingNotification DataRoaming:false mDataRoamingTypeForVZW : 0
D/STATUSBAR-NetworkController( 1029): refreshSignalCluster - setNWBoosterIndicators(false)
D/STATUSBAR-NetworkController( 1029): refreshSignalCluster: data=0 bt=false
D/STATUSBAR-IconMerger( 1029): checkOverflow(240), More:true, Req:true Child:8
I/PackageManager(  700): remove MCS_UNBIND message and Posting MCS_UNBIND 10 secs later
D/PackageManager(  700): [MSG] MCS_BOUND
I/PackageManager(  700): remove MCS_UNBIND message and Posting MCS_UNBIND 10 secs later
D/PackageManager(  700): [MSG] MCS_BOUND
I/PackageManager(  700): remove MCS_UNBIND message and Posting MCS_UNBIND 10 secs later
D/PackageManager(  700): [MSG] MCS_BOUND
I/PackageManager(  700): remove MCS_UNBIND message and Posting MCS_UNBIND 10 secs later
D/PackageManager(  700): [MSG] MCS_BOUND
I/PackageManager(  700): remove MCS_UNBIND message and Posting MCS_UNBIND 10 secs later
D/PackageManager(  700): [MSG] MCS_BOUND
E/PersonaManagerService(  700): Unable to read user list
E/PersonaManagerService(  700): Unable to read user list
I/PackageManager(  700): remove MCS_UNBIND message and Posting MCS_UNBIND 10 secs later
D/PackageManager(  700): [MSG] MCS_BOUND
I/PackageManager(  700): remove MCS_UNBIND message and Posting MCS_UNBIND 10 secs later
D/PackageManager(  700): [MSG] MCS_BOUND
I/PackageManager(  700): remove MCS_UNBIND message and Posting MCS_UNBIND 10 secs later
D/PackageManager(  700): [MSG] MCS_BOUND
I/PackageManager(  700): remove MCS_UNBIND message and Posting MCS_UNBIND 10 secs later
D/PackageManager(  700): [MSG] MCS_BOUND
I/PackageManager(  700): remove MCS_UNBIND message and Posting MCS_UNBIND 10 secs later
D/PackageManager(  700): [MSG] MCS_BOUND
I/PackageManager(  700): remove MCS_UNBIND message and Posting MCS_UNBIND 10 secs later
D/PackageManager(  700): [MSG] MCS_BOUND
I/PackageManager(  700): remove MCS_UNBIND message and Posting MCS_UNBIND 10 secs later
D/PackageManager(  700): [MSG] MCS_BOUND
I/PackageManager(  700): remove MCS_UNBIND message and Posting MCS_UNBIND 10 secs later
D/PackageManager(  700): [MSG] MCS_BOUND
I/PackageManager(  700): remove MCS_UNBIND message and Posting MCS_UNBIND 10 secs later
D/PackageManager(  700): [MSG] MCS_BOUND
D/CustomFrequencyManagerService(  700): releaseDVFSLockLocked : Getting Lock type frm List : DVFS_MIN_LIMIT  frequency : 1242000  uid : 1000  pid : 700  tag : ACTIVITY_RESUME_BOOSTER@5
W/ActivityManager(  700): mDVFSHelper.release()
D/CustomFrequencyManagerService(  700): acquireDVFSLockLocked : type : DVFS_MIN_LIMIT  frequency : 1242000  uid : 1000  pid : 700  pkgName : ACTIVITY_RESUME_BOOSTER@9
I/PackageManager(  700): remove MCS_UNBIND message and Posting MCS_UNBIND 10 secs later
D/PackageManager(  700): [MSG] MCS_BOUND
I/PackageManager(  700): remove MCS_UNBIND message and Posting MCS_UNBIND 10 secs later
D/PackageManager(  700): [MSG] MCS_BOUND
I/PackageManager(  700): remove MCS_UNBIND message and Posting MCS_UNBIND 10 secs later
D/PackageManager(  700): [MSG] MCS_BOUND
I/PackageManager(  700): remove MCS_UNBIND message and Posting MCS_UNBIND 10 secs later
D/PackageManager(  700): [MSG] MCS_BOUND
I/PackageManager(  700): remove MCS_UNBIND message and Posting MCS_UNBIND 10 secs later
D/PackageManager(  700): [MSG] MCS_BOUND
I/PackageManager(  700): remove MCS_UNBIND message and Posting MCS_UNBIND 10 secs later
D/PackageManager(  700): [MSG] MCS_BOUND
I/PackageManager(  700): remove MCS_UNBIND message and Posting MCS_UNBIND 10 secs later
D/PackageManager(  700): [MSG] MCS_BOUND
I/PackageManager(  700): remove MCS_UNBIND message and Posting MCS_UNBIND 10 secs later
D/PackageManager(  700): [MSG] MCS_BOUND
I/PackageManager(  700): remove MCS_UNBIND message and Posting MCS_UNBIND 10 secs later
D/PackageManager(  700): [MSG] MCS_BOUND
I/PackageManager(  700): remove MCS_UNBIND message and Posting MCS_UNBIND 10 secs later
D/PackageManager(  700): [MSG] MCS_BOUND
I/PackageManager(  700): remove MCS_UNBIND message and Posting MCS_UNBIND 10 secs later
D/PackageManager(  700): [MSG] MCS_BOUND
I/PackageManager(  700): remove MCS_UNBIND message and Posting MCS_UNBIND 10 secs later
D/PackageManager(  700): [MSG] MCS_BOUND
I/PackageManager(  700): remove MCS_UNBIND message and Posting MCS_UNBIND 10 secs later
D/PackageManager(  700): [MSG] MCS_BOUND
I/PackageManager(  700): remove MCS_UNBIND message and Posting MCS_UNBIND 10 secs later
D/PackageManager(  700): [MSG] MCS_BOUND
I/PackageManager(  700): remove MCS_UNBIND message and Posting MCS_UNBIND 10 secs later
D/PackageManager(  700): [MSG] MCS_BOUND
I/PackageManager(  700): remove MCS_UNBIND message and Posting MCS_UNBIND 10 secs later
D/PackageManager(  700): [MSG] MCS_BOUND
I/PackageManager(  700): remove MCS_UNBIND message and Posting MCS_UNBIND 10 secs later
D/PackageManager(  700): [MSG] MCS_BOUND
I/PackageManager(  700): remove MCS_UNBIND message and Posting MCS_UNBIND 10 secs later
D/PackageManager(  700): [MSG] MCS_BOUND
D/CustomFrequencyManagerService(  700): releaseDVFSLockLocked : Getting Lock type frm List : DVFS_MIN_LIMIT  frequency : 1242000  uid : 1000  pid : 700  tag : ACTIVITY_RESUME_BOOSTER@9
I/PackageManager(  700): remove MCS_UNBIND message and Posting MCS_UNBIND 10 secs later
D/PackageManager(  700): [MSG] MCS_BOUND
I/PackageManager(  700): remove MCS_UNBIND message and Posting MCS_UNBIND 10 secs later
D/PackageManager(  700): [MSG] MCS_BOUND
I/PackageManager(  700): remove MCS_UNBIND message and Posting MCS_UNBIND 10 secs later
D/PackageManager(  700): [MSG] MCS_BOUND
I/PackageManager(  700): remove MCS_UNBIND message and Posting MCS_UNBIND 10 secs later
D/PackageManager(  700): [MSG] MCS_BOUND
I/PackageManager(  700): remove MCS_UNBIND message and Posting MCS_UNBIND 10 secs later
D/PackageManager(  700): [MSG] MCS_BOUND
I/PackageManager(  700): remove MCS_UNBIND message and Posting MCS_UNBIND 10 secs later
D/PackageManager(  700): [MSG] MCS_BOUND
I/PackageManager(  700): remove MCS_UNBIND message and Posting MCS_UNBIND 10 secs later
D/PackageManager(  700): [MSG] MCS_BOUND
I/PackageManager(  700): remove MCS_UNBIND message and Posting MCS_UNBIND 10 secs later
D/PackageManager(  700): [MSG] MCS_BOUND
I/PackageManager(  700): remove MCS_UNBIND message and Posting MCS_UNBIND 10 secs later
D/PackageManager(  700): [MSG] MCS_BOUND
I/PackageManager(  700): remove MCS_UNBIND message and Posting MCS_UNBIND 10 secs later
D/PackageManager(  700): [MSG] MCS_BOUND
I/PackageManager(  700): remove MCS_UNBIND message and Posting MCS_UNBIND 10 secs later
D/PackageManager(  700): [MSG] MCS_BOUND
I/PackageManager(  700): remove MCS_UNBIND message and Posting MCS_UNBIND 10 secs later
D/PackageManager(  700): [MSG] MCS_BOUND
I/PackageManager(  700): remove MCS_UNBIND message and Posting MCS_UNBIND 10 secs later
D/PackageManager(  700): [MSG] MCS_BOUND
I/PackageManager(  700): remove MCS_UNBIND message and Posting MCS_UNBIND 10 secs later
D/PackageManager(  700): [MSG] MCS_BOUND
I/PackageManager(  700): remove MCS_UNBIND message and Posting MCS_UNBIND 10 secs later
D/PackageManager(  700): [MSG] MCS_BOUND
I/PackageManager(  700): remove MCS_UNBIND message and Posting MCS_UNBIND 10 secs later
D/PackageManager(  700): [MSG] MCS_BOUND
I/PackageManager(  700): remove MCS_UNBIND message and Posting MCS_UNBIND 10 secs later
D/PackageManager(  700): [MSG] MCS_BOUND
I/PackageManager(  700): remove MCS_UNBIND message and Posting MCS_UNBIND 10 secs later
D/PackageManager(  700): [MSG] MCS_BOUND
I/PackageManager(  700): remove MCS_UNBIND message and Posting MCS_UNBIND 10 secs later
D/PackageManager(  700): [MSG] MCS_BOUND
I/PackageManager(  700): remove MCS_UNBIND message and Posting MCS_UNBIND 10 secs later
D/PackageManager(  700): [MSG] MCS_BOUND
I/PackageManager(  700): remove MCS_UNBIND message and Posting MCS_UNBIND 10 secs later
D/PackageManager(  700): [MSG] MCS_BOUND
I/PackageManager(  700): remove MCS_UNBIND message and Posting MCS_UNBIND 10 secs later
D/PackageManager(  700): [MSG] MCS_BOUND
I/PackageManager(  700): remove MCS_UNBIND message and Posting MCS_UNBIND 10 secs later
D/PackageManager(  700): [MSG] MCS_BOUND
D/SSRMv2:SIOP(  700): SIOP:: AP = 370, Delta = 0
I/PackageManager(  700): remove MCS_UNBIND message and Posting MCS_UNBIND 10 secs later
D/PackageManager(  700): [MSG] MCS_BOUND
I/PackageManager(  700): remove MCS_UNBIND message and Posting MCS_UNBIND 10 secs later
D/PackageManager(  700): [MSG] MCS_BOUND
I/PackageManager(  700): remove MCS_UNBIND message and Posting MCS_UNBIND 10 secs later
D/PackageManager(  700): [MSG] MCS_BOUND
I/PackageManager(  700): remove MCS_UNBIND message and Posting MCS_UNBIND 10 secs later
D/PackageManager(  700): [MSG] MCS_BOUND
I/PackageManager(  700): remove MCS_UNBIND message and Posting MCS_UNBIND 10 secs later
D/PackageManager(  700): [MSG] MCS_BOUND
I/PackageManager(  700): remove MCS_UNBIND message and Posting MCS_UNBIND 10 secs later
D/PackageManager(  700): [MSG] MCS_BOUND
I/PackageManager(  700): remove MCS_UNBIND message and Posting MCS_UNBIND 10 secs later
D/PackageManager(  700): [MSG] MCS_BOUND
I/PackageManager(  700): remove MCS_UNBIND message and Posting MCS_UNBIND 10 secs later
D/PackageManager(  700): [MSG] MCS_BOUND
I/PackageManager(  700): remove MCS_UNBIND message and Posting MCS_UNBIND 10 secs later
D/PackageManager(  700): [MSG] MCS_BOUND
I/PackageManager(  700): remove MCS_UNBIND message and Posting MCS_UNBIND 10 secs later
D/PackageManager(  700): [MSG] MCS_BOUND
I/PackageManager(  700): remove MCS_UNBIND message and Posting MCS_UNBIND 10 secs later
D/PackageManager(  700): [MSG] MCS_BOUND
I/PackageManager(  700): remove MCS_UNBIND message and Posting MCS_UNBIND 10 secs later
D/PackageManager(  700): [MSG] MCS_BOUND
I/PackageManager(  700): remove MCS_UNBIND message and Posting MCS_UNBIND 10 secs later
D/PackageManager(  700): [MSG] MCS_BOUND
I/PackageManager(  700): remove MCS_UNBIND message and Posting MCS_UNBIND 10 secs later
D/PackageManager(  700): [MSG] MCS_BOUND
I/PackageManager(  700): remove MCS_UNBIND message and Posting MCS_UNBIND 10 secs later
D/PackageManager(  700): [MSG] MCS_BOUND
I/PackageManager(  700): remove MCS_UNBIND message and Posting MCS_UNBIND 10 secs later
D/PackageManager(  700): [MSG] MCS_BOUND
I/PackageManager(  700): remove MCS_UNBIND message and Posting MCS_UNBIND 10 secs later
D/PackageManager(  700): [MSG] MCS_BOUND
I/PackageManager(  700): remove MCS_UNBIND message and Posting MCS_UNBIND 10 secs later
D/PackageManager(  700): [MSG] MCS_BOUND
I/PackageManager(  700): remove MCS_UNBIND message and Posting MCS_UNBIND 10 secs later
D/PackageManager(  700): [MSG] MCS_BOUND
I/PackageManager(  700): remove MCS_UNBIND message and Posting MCS_UNBIND 10 secs later
D/PackageManager(  700): [MSG] MCS_BOUND
I/PackageManager(  700): remove MCS_UNBIND message and Posting MCS_UNBIND 10 secs later
D/PackageManager(  700): [MSG] MCS_BOUND
I/PackageManager(  700): remove MCS_UNBIND message and Posting MCS_UNBIND 10 secs later
D/PackageManager(  700): [MSG] MCS_BOUND
I/PackageManager(  700): remove MCS_UNBIND message and Posting MCS_UNBIND 10 secs later
D/PackageManager(  700): [MSG] MCS_BOUND
I/PackageManager(  700): remove MCS_UNBIND message and Posting MCS_UNBIND 10 secs later
D/PackageManager(  700): [MSG] MCS_BOUND
I/PackageManager(  700): remove MCS_UNBIND message and Posting MCS_UNBIND 10 secs later
D/PackageManager(  700): [MSG] MCS_BOUND
I/PackageManager(  700): remove MCS_UNBIND message and Posting MCS_UNBIND 10 secs later
D/PackageManager(  700): [MSG] MCS_BOUND
I/PackageManager(  700): remove MCS_UNBIND message and Posting MCS_UNBIND 10 secs later
D/PackageManager(  700): [MSG] MCS_BOUND
I/PackageManager(  700): remove MCS_UNBIND message and Posting MCS_UNBIND 10 secs later
D/PackageManager(  700): [MSG] MCS_BOUND
I/PackageManager(  700): remove MCS_UNBIND message and Posting MCS_UNBIND 10 secs later
D/PackageManager(  700): [MSG] MCS_BOUND
I/PackageManager(  700): remove MCS_UNBIND message and Posting MCS_UNBIND 10 secs later
D/PackageManager(  700): [MSG] MCS_BOUND
I/PackageManager(  700): remove MCS_UNBIND message and Posting MCS_UNBIND 10 secs later
D/PackageManager(  700): [MSG] MCS_BOUND
I/PackageManager(  700): remove MCS_UNBIND message and Posting MCS_UNBIND 10 secs later
D/PackageManager(  700): [MSG] MCS_BOUND
I/PackageManager(  700): remove MCS_UNBIND message and Posting MCS_UNBIND 10 secs later
D/PackageManager(  700): [MSG] MCS_BOUND
I/PackageManager(  700): remove MCS_UNBIND message and Posting MCS_UNBIND 10 secs later
D/PackageManager(  700): [MSG] MCS_BOUND
I/PackageManager(  700): remove MCS_UNBIND message and Posting MCS_UNBIND 10 secs later
D/PackageManager(  700): [MSG] MCS_BOUND
I/PackageManager(  700): remove MCS_UNBIND message and Posting MCS_UNBIND 10 secs later
D/PackageManager(  700): [MSG] MCS_BOUND
I/PackageManager(  700): remove MCS_UNBIND message and Posting MCS_UNBIND 10 secs later
D/PackageManager(  700): [MSG] MCS_BOUND
I/PackageManager(  700): remove MCS_UNBIND message and Posting MCS_UNBIND 10 secs later
D/PackageManager(  700): [MSG] MCS_BOUND
I/PackageManager(  700): remove MCS_UNBIND message and Posting MCS_UNBIND 10 secs later
D/PackageManager(  700): [MSG] MCS_BOUND
I/PackageManager(  700): remove MCS_UNBIND message and Posting MCS_UNBIND 10 secs later
D/PackageManager(  700): [MSG] MCS_BOUND
I/PackageManager(  700): remove MCS_UNBIND message and Posting MCS_UNBIND 10 secs later
D/PackageManager(  700): [MSG] MCS_BOUND
I/PackageManager(  700): remove MCS_UNBIND message and Posting MCS_UNBIND 10 secs later
D/PackageManager(  700): [MSG] MCS_BOUND
I/PackageManager(  700): remove MCS_UNBIND message and Posting MCS_UNBIND 10 secs later
D/PackageManager(  700): [MSG] MCS_BOUND
I/PackageManager(  700): remove MCS_UNBIND message and Posting MCS_UNBIND 10 secs later
D/PackageManager(  700): [MSG] MCS_BOUND
I/PackageManager(  700): remove MCS_UNBIND message and Posting MCS_UNBIND 10 secs later
D/PackageManager(  700): [MSG] MCS_BOUND
I/PackageManager(  700): remove MCS_UNBIND message and Posting MCS_UNBIND 10 secs later
D/PackageManager(  700): [MSG] MCS_BOUND
I/PackageManager(  700): remove MCS_UNBIND message and Posting MCS_UNBIND 10 secs later
D/PackageManager(  700): [MSG] MCS_BOUND
I/PackageManager(  700): remove MCS_UNBIND message and Posting MCS_UNBIND 10 secs later
D/PackageManager(  700): [MSG] MCS_BOUND
I/PackageManager(  700): remove MCS_UNBIND message and Posting MCS_UNBIND 10 secs later
D/PackageManager(  700): [MSG] MCS_BOUND
I/PackageManager(  700): remove MCS_UNBIND message and Posting MCS_UNBIND 10 secs later
D/PackageManager(  700): [MSG] MCS_BOUND
I/PackageManager(  700): remove MCS_UNBIND message and Posting MCS_UNBIND 10 secs later
D/PackageManager(  700): [MSG] MCS_BOUND
I/PackageManager(  700): remove MCS_UNBIND message and Posting MCS_UNBIND 10 secs later
D/PackageManager(  700): [MSG] MCS_BOUND
I/PackageManager(  700): remove MCS_UNBIND message and Posting MCS_UNBIND 10 secs later
D/PackageManager(  700): [MSG] MCS_BOUND
I/PackageManager(  700): remove MCS_UNBIND message and Posting MCS_UNBIND 10 secs later
D/PackageManager(  700): [MSG] MCS_BOUND
I/PackageManager(  700): remove MCS_UNBIND message and Posting MCS_UNBIND 10 secs later
D/PackageManager(  700): [MSG] MCS_BOUND
I/PackageManager(  700): remove MCS_UNBIND message and Posting MCS_UNBIND 10 secs later
D/PackageManager(  700): [MSG] MCS_BOUND
I/PackageManager(  700): remove MCS_UNBIND message and Posting MCS_UNBIND 10 secs later
D/PackageManager(  700): [MSG] MCS_BOUND
I/PackageManager(  700): remove MCS_UNBIND message and Posting MCS_UNBIND 10 secs later
D/PackageManager(  700): [MSG] MCS_BOUND
I/PackageManager(  700): remove MCS_UNBIND message and Posting MCS_UNBIND 10 secs later
D/PackageManager(  700): [MSG] MCS_BOUND
I/PackageManager(  700): remove MCS_UNBIND message and Posting MCS_UNBIND 10 secs later
D/PackageManager(  700): [MSG] MCS_BOUND
I/PackageManager(  700): remove MCS_UNBIND message and Posting MCS_UNBIND 10 secs later
D/PackageManager(  700): [MSG] MCS_BOUND
I/PackageManager(  700): remove MCS_UNBIND message and Posting MCS_UNBIND 10 secs later
D/PackageManager(  700): [MSG] MCS_BOUND
I/PackageManager(  700): remove MCS_UNBIND message and Posting MCS_UNBIND 10 secs later
D/PackageManager(  700): [MSG] MCS_BOUND
I/PackageManager(  700): remove MCS_UNBIND message and Posting MCS_UNBIND 10 secs later
D/PackageManager(  700): [MSG] MCS_BOUND
I/PackageManager(  700): remove MCS_UNBIND message and Posting MCS_UNBIND 10 secs later
D/PackageManager(  700): [MSG] MCS_BOUND
I/PackageManager(  700): remove MCS_UNBIND message and Posting MCS_UNBIND 10 secs later
D/PackageManager(  700): [MSG] MCS_BOUND
I/PackageManager(  700): remove MCS_UNBIND message and Posting MCS_UNBIND 10 secs later
D/PackageManager(  700): [MSG] MCS_BOUND
I/PackageManager(  700): remove MCS_UNBIND message and Posting MCS_UNBIND 10 secs later
D/PackageManager(  700): [MSG] MCS_BOUND
I/PackageManager(  700): remove MCS_UNBIND message and Posting MCS_UNBIND 10 secs later
D/PackageManager(  700): [MSG] MCS_BOUND
I/PackageManager(  700): remove MCS_UNBIND message and Posting MCS_UNBIND 10 secs later
D/PackageManager(  700): [MSG] MCS_BOUND
I/PackageManager(  700): remove MCS_UNBIND message and Posting MCS_UNBIND 10 secs later
D/PackageManager(  700): [MSG] MCS_BOUND
I/PackageManager(  700): remove MCS_UNBIND message and Posting MCS_UNBIND 10 secs later
D/PackageManager(  700): [MSG] MCS_BOUND
I/PackageManager(  700): remove MCS_UNBIND message and Posting MCS_UNBIND 10 secs later
D/PackageManager(  700): [MSG] MCS_BOUND
I/PackageManager(  700): remove MCS_UNBIND message and Posting MCS_UNBIND 10 secs later
D/PackageManager(  700): [MSG] MCS_BOUND
I/PackageManager(  700): remove MCS_UNBIND message and Posting MCS_UNBIND 10 secs later
D/PackageManager(  700): [MSG] MCS_BOUND
I/PackageManager(  700): remove MCS_UNBIND message and Posting MCS_UNBIND 10 secs later
D/PackageManager(  700): [MSG] MCS_BOUND
I/PackageManager(  700): remove MCS_UNBIND message and Posting MCS_UNBIND 10 secs later
D/PackageManager(  700): [MSG] MCS_BOUND
I/PackageManager(  700): remove MCS_UNBIND message and Posting MCS_UNBIND 10 secs later
D/PackageManager(  700): [MSG] MCS_BOUND
I/PackageManager(  700): remove MCS_UNBIND message and Posting MCS_UNBIND 10 secs later
D/PackageManager(  700): [MSG] MCS_BOUND
I/PackageManager(  700): remove MCS_UNBIND message and Posting MCS_UNBIND 10 secs later
D/PackageManager(  700): [MSG] MCS_BOUND
I/PackageManager(  700): remove MCS_UNBIND message and Posting MCS_UNBIND 10 secs later
D/PackageManager(  700): [MSG] MCS_BOUND
I/PackageManager(  700): remove MCS_UNBIND message and Posting MCS_UNBIND 10 secs later
D/PackageManager(  700): [MSG] MCS_BOUND
I/PackageManager(  700): remove MCS_UNBIND message and Posting MCS_UNBIND 10 secs later
D/PackageManager(  700): [MSG] MCS_BOUND
I/PackageManager(  700): remove MCS_UNBIND message and Posting MCS_UNBIND 10 secs later
D/PackageManager(  700): [MSG] MCS_BOUND
I/PackageManager(  700): remove MCS_UNBIND message and Posting MCS_UNBIND 10 secs later
D/PackageManager(  700): [MSG] MCS_BOUND
I/PackageManager(  700): remove MCS_UNBIND message and Posting MCS_UNBIND 10 secs later
D/PackageManager(  700): [MSG] MCS_BOUND
I/PackageManager(  700): remove MCS_UNBIND message and Posting MCS_UNBIND 10 secs later
D/PackageManager(  700): [MSG] MCS_BOUND
I/PackageManager(  700): remove MCS_UNBIND message and Posting MCS_UNBIND 10 secs later
D/PackageManager(  700): [MSG] MCS_BOUND
I/PackageManager(  700): remove MCS_UNBIND message and Posting MCS_UNBIND 10 secs later
D/PackageManager(  700): [MSG] MCS_BOUND
I/PackageManager(  700): remove MCS_UNBIND message and Posting MCS_UNBIND 10 secs later
D/PackageManager(  700): [MSG] MCS_BOUND
I/PackageManager(  700): remove MCS_UNBIND message and Posting MCS_UNBIND 10 secs later
D/PackageManager(  700): [MSG] MCS_BOUND
I/PackageManager(  700): remove MCS_UNBIND message and Posting MCS_UNBIND 10 secs later
D/PackageManager(  700): [MSG] MCS_BOUND
I/PackageManager(  700): remove MCS_UNBIND message and Posting MCS_UNBIND 10 secs later
D/PackageManager(  700): [MSG] MCS_BOUND
I/PackageManager(  700): remove MCS_UNBIND message and Posting MCS_UNBIND 10 secs later
D/PackageManager(  700): [MSG] MCS_BOUND
I/PackageManager(  700): remove MCS_UNBIND message and Posting MCS_UNBIND 10 secs later
D/PackageManager(  700): [MSG] MCS_BOUND
I/PackageManager(  700): remove MCS_UNBIND message and Posting MCS_UNBIND 10 secs later
D/PackageManager(  700): [MSG] MCS_BOUND
I/PackageManager(  700): remove MCS_UNBIND message and Posting MCS_UNBIND 10 secs later
D/PackageManager(  700): [MSG] MCS_BOUND
I/PackageManager(  700): remove MCS_UNBIND message and Posting MCS_UNBIND 10 secs later
D/PackageManager(  700): [MSG] MCS_BOUND
I/PackageManager(  700): remove MCS_UNBIND message and Posting MCS_UNBIND 10 secs later
D/PackageManager(  700): [MSG] MCS_BOUND
I/PackageManager(  700): remove MCS_UNBIND message and Posting MCS_UNBIND 10 secs later
D/PackageManager(  700): [MSG] MCS_BOUND
I/PackageManager(  700): remove MCS_UNBIND message and Posting MCS_UNBIND 10 secs later
D/PackageManager(  700): [MSG] MCS_BOUND
I/PackageManager(  700): remove MCS_UNBIND message and Posting MCS_UNBIND 10 secs later
D/PackageManager(  700): [MSG] MCS_BOUND
I/PackageManager(  700): remove MCS_UNBIND message and Posting MCS_UNBIND 10 secs later
D/PackageManager(  700): [MSG] MCS_BOUND
I/PackageManager(  700): remove MCS_UNBIND message and Posting MCS_UNBIND 10 secs later
D/PackageManager(  700): [MSG] MCS_BOUND
I/PackageManager(  700): remove MCS_UNBIND message and Posting MCS_UNBIND 10 secs later
D/PackageManager(  700): [MSG] MCS_BOUND
I/PackageManager(  700): remove MCS_UNBIND message and Posting MCS_UNBIND 10 secs later
D/PackageManager(  700): [MSG] MCS_BOUND
I/PackageManager(  700): remove MCS_UNBIND message and Posting MCS_UNBIND 10 secs later
D/PackageManager(  700): [MSG] MCS_BOUND
I/PackageManager(  700): remove MCS_UNBIND message and Posting MCS_UNBIND 10 secs later
D/PackageManager(  700): [MSG] MCS_BOUND
I/PackageManager(  700): remove MCS_UNBIND message and Posting MCS_UNBIND 10 secs later
D/PackageManager(  700): [MSG] MCS_BOUND
I/PackageManager(  700): remove MCS_UNBIND message and Posting MCS_UNBIND 10 secs later
D/PackageManager(  700): [MSG] MCS_BOUND
I/PackageManager(  700): remove MCS_UNBIND message and Posting MCS_UNBIND 10 secs later
D/PackageManager(  700): [MSG] MCS_BOUND
I/PackageManager(  700): remove MCS_UNBIND message and Posting MCS_UNBIND 10 secs later
D/PackageManager(  700): [MSG] MCS_BOUND
I/PackageManager(  700): remove MCS_UNBIND message and Posting MCS_UNBIND 10 secs later
D/PackageManager(  700): [MSG] MCS_BOUND
I/PackageManager(  700): remove MCS_UNBIND message and Posting MCS_UNBIND 10 secs later
D/PackageManager(  700): [MSG] MCS_BOUND
I/PackageManager(  700): remove MCS_UNBIND message and Posting MCS_UNBIND 10 secs later
D/PackageManager(  700): [MSG] MCS_BOUND
I/PackageManager(  700): remove MCS_UNBIND message and Posting MCS_UNBIND 10 secs later
D/PackageManager(  700): [MSG] MCS_BOUND
I/PackageManager(  700): remove MCS_UNBIND message and Posting MCS_UNBIND 10 secs later
D/PackageManager(  700): [MSG] MCS_BOUND
I/PackageManager(  700): remove MCS_UNBIND message and Posting MCS_UNBIND 10 secs later
D/PackageManager(  700): [MSG] MCS_BOUND
I/PackageManager(  700): remove MCS_UNBIND message and Posting MCS_UNBIND 10 secs later
D/PackageManager(  700): [MSG] MCS_BOUND
I/PackageManager(  700): remove MCS_UNBIND message and Posting MCS_UNBIND 10 secs later
D/PackageManager(  700): [MSG] MCS_BOUND
I/PackageManager(  700): remove MCS_UNBIND message and Posting MCS_UNBIND 10 secs later
D/PackageManager(  700): [MSG] MCS_BOUND
I/PackageManager(  700): remove MCS_UNBIND message and Posting MCS_UNBIND 10 secs later
D/PackageManager(  700): [MSG] MCS_BOUND
I/PackageManager(  700): remove MCS_UNBIND message and Posting MCS_UNBIND 10 secs later
D/PackageManager(  700): [MSG] MCS_BOUND
I/PackageManager(  700): remove MCS_UNBIND message and Posting MCS_UNBIND 10 secs later
D/PackageManager(  700): [MSG] MCS_BOUND
I/PackageManager(  700): remove MCS_UNBIND message and Posting MCS_UNBIND 10 secs later
D/PackageManager(  700): [MSG] MCS_BOUND
I/PackageManager(  700): remove MCS_UNBIND message and Posting MCS_UNBIND 10 secs later
D/PackageManager(  700): [MSG] MCS_BOUND
I/PackageManager(  700): remove MCS_UNBIND message and Posting MCS_UNBIND 10 secs later
D/PackageManager(  700): [MSG] MCS_BOUND
I/PackageManager(  700): remove MCS_UNBIND message and Posting MCS_UNBIND 10 secs later
D/PackageManager(  700): [MSG] MCS_BOUND
I/PackageManager(  700): remove MCS_UNBIND message and Posting MCS_UNBIND 10 secs later
D/PackageManager(  700): [MSG] MCS_BOUND
I/PackageManager(  700): remove MCS_UNBIND message and Posting MCS_UNBIND 10 secs later
D/PackageManager(  700): [MSG] MCS_BOUND
I/PackageManager(  700): remove MCS_UNBIND message and Posting MCS_UNBIND 10 secs later
D/PackageManager(  700): [MSG] MCS_BOUND
I/PackageManager(  700): remove MCS_UNBIND message and Posting MCS_UNBIND 10 secs later
D/PackageManager(  700): [MSG] MCS_BOUND
I/PackageManager(  700): remove MCS_UNBIND message and Posting MCS_UNBIND 10 secs later
D/PackageManager(  700): [MSG] MCS_BOUND
I/PackageManager(  700): remove MCS_UNBIND message and Posting MCS_UNBIND 10 secs later
D/PackageManager(  700): [MSG] MCS_BOUND
I/PackageManager(  700): remove MCS_UNBIND message and Posting MCS_UNBIND 10 secs later
D/PackageManager(  700): [MSG] MCS_BOUND
I/PackageManager(  700): remove MCS_UNBIND message and Posting MCS_UNBIND 10 secs later
D/PackageManager(  700): [MSG] MCS_BOUND
I/PackageManager(  700): remove MCS_UNBIND message and Posting MCS_UNBIND 10 secs later
D/PackageManager(  700): [MSG] MCS_BOUND
I/PackageManager(  700): remove MCS_UNBIND message and Posting MCS_UNBIND 10 secs later
D/PackageManager(  700): [MSG] MCS_BOUND
I/PackageManager(  700): remove MCS_UNBIND message and Posting MCS_UNBIND 10 secs later
D/PackageManager(  700): [MSG] MCS_BOUND
I/PackageManager(  700): remove MCS_UNBIND message and Posting MCS_UNBIND 10 secs later
D/PackageManager(  700): [MSG] MCS_BOUND
I/PackageManager(  700): remove MCS_UNBIND message and Posting MCS_UNBIND 10 secs later
D/PackageManager(  700): [MSG] MCS_BOUND
I/PackageManager(  700): remove MCS_UNBIND message and Posting MCS_UNBIND 10 secs later
D/PackageManager(  700): [MSG] MCS_BOUND
I/PackageManager(  700): remove MCS_UNBIND message and Posting MCS_UNBIND 10 secs later
D/PackageManager(  700): [MSG] MCS_BOUND
I/PackageManager(  700): remove MCS_UNBIND message and Posting MCS_UNBIND 10 secs later
D/PackageManager(  700): [MSG] MCS_BOUND
I/PackageManager(  700): remove MCS_UNBIND message and Posting MCS_UNBIND 10 secs later
D/PackageManager(  700): [MSG] MCS_BOUND
I/PackageManager(  700): remove MCS_UNBIND message and Posting MCS_UNBIND 10 secs later
D/PackageManager(  700): [MSG] MCS_BOUND
I/PackageManager(  700): remove MCS_UNBIND message and Posting MCS_UNBIND 10 secs later
D/PackageManager(  700): [MSG] MCS_BOUND
I/PackageManager(  700): remove MCS_UNBIND message and Posting MCS_UNBIND 10 secs later
D/PackageManager(  700): [MSG] MCS_BOUND
I/PackageManager(  700): remove MCS_UNBIND message and Posting MCS_UNBIND 10 secs later
D/PackageManager(  700): [MSG] MCS_BOUND
I/PackageManager(  700): remove MCS_UNBIND message and Posting MCS_UNBIND 10 secs later
D/PackageManager(  700): [MSG] MCS_BOUND
I/PackageManager(  700): remove MCS_UNBIND message and Posting MCS_UNBIND 10 secs later
D/PackageManager(  700): [MSG] MCS_BOUND
D/CustomFrequencyManagerService(  700): releaseDVFSLockLocked : Getting Lock type frm List : DVFS_MIN_LIMIT  frequency : 1512000  uid : 1000  pid : 18118  tag : com.android.settings@28
I/PackageManager(  700): remove MCS_UNBIND message and Posting MCS_UNBIND 10 secs later
D/PackageManager(  700): [MSG] MCS_BOUND
I/PackageManager(  700): remove MCS_UNBIND message and Posting MCS_UNBIND 10 secs later
D/PackageManager(  700): [MSG] MCS_BOUND
I/PackageManager(  700): remove MCS_UNBIND message and Posting MCS_UNBIND 10 secs later
D/PackageManager(  700): [MSG] MCS_BOUND
I/PackageManager(  700): remove MCS_UNBIND message and Posting MCS_UNBIND 10 secs later
D/PackageManager(  700): [MSG] MCS_BOUND
I/PackageManager(  700): remove MCS_UNBIND message and Posting MCS_UNBIND 10 secs later
D/PackageManager(  700): [MSG] MCS_BOUND
I/PackageManager(  700): remove MCS_UNBIND message and Posting MCS_UNBIND 10 secs later
D/PackageManager(  700): [MSG] MCS_BOUND
I/PackageManager(  700): remove MCS_UNBIND message and Posting MCS_UNBIND 10 secs later
D/PackageManager(  700): [MSG] MCS_BOUND
I/PackageManager(  700): remove MCS_UNBIND message and Posting MCS_UNBIND 10 secs later
D/PackageManager(  700): [MSG] MCS_BOUND
I/PackageManager(  700): remove MCS_UNBIND message and Posting MCS_UNBIND 10 secs later
D/PackageManager(  700): [MSG] MCS_BOUND
I/PackageManager(  700): remove MCS_UNBIND message and Posting MCS_UNBIND 10 secs later
D/PackageManager(  700): [MSG] MCS_BOUND
I/PackageManager(  700): remove MCS_UNBIND message and Posting MCS_UNBIND 10 secs later
D/PackageManager(  700): [MSG] MCS_BOUND
I/PackageManager(  700): remove MCS_UNBIND message and Posting MCS_UNBIND 10 secs later
D/PackageManager(  700): [MSG] MCS_BOUND
I/PackageManager(  700): remove MCS_UNBIND message and Posting MCS_UNBIND 10 secs later
D/PackageManager(  700): [MSG] MCS_BOUND
I/PackageManager(  700): remove MCS_UNBIND message and Posting MCS_UNBIND 10 secs later
D/PackageManager(  700): [MSG] MCS_BOUND
I/PackageManager(  700): remove MCS_UNBIND message and Posting MCS_UNBIND 10 secs later
D/PackageManager(  700): [MSG] MCS_BOUND
I/PackageManager(  700): remove MCS_UNBIND message and Posting MCS_UNBIND 10 secs later
D/PackageManager(  700): [MSG] MCS_BOUND
I/PackageManager(  700): remove MCS_UNBIND message and Posting MCS_UNBIND 10 secs later
D/PackageManager(  700): [MSG] MCS_BOUND
I/PackageManager(  700): remove MCS_UNBIND message and Posting MCS_UNBIND 10 secs later
D/PackageManager(  700): [MSG] MCS_BOUND
I/PackageManager(  700): remove MCS_UNBIND message and Posting MCS_UNBIND 10 secs later
D/PackageManager(  700): [MSG] MCS_BOUND
I/PackageManager(  700): remove MCS_UNBIND message and Posting MCS_UNBIND 10 secs later
D/PackageManager(  700): [MSG] MCS_BOUND
I/PackageManager(  700): remove MCS_UNBIND message and Posting MCS_UNBIND 10 secs later
D/PackageManager(  700): [MSG] MCS_BOUND
I/PackageManager(  700): remove MCS_UNBIND message and Posting MCS_UNBIND 10 secs later
D/PackageManager(  700): [MSG] MCS_BOUND
I/PackageManager(  700): remove MCS_UNBIND message and Posting MCS_UNBIND 10 secs later
D/PackageManager(  700): [MSG] MCS_BOUND
I/PackageManager(  700): remove MCS_UNBIND message and Posting MCS_UNBIND 10 secs later
D/PackageManager(  700): [MSG] MCS_BOUND
I/PackageManager(  700): remove MCS_UNBIND message and Posting MCS_UNBIND 10 secs later
D/PackageManager(  700): [MSG] MCS_BOUND
I/PackageManager(  700): remove MCS_UNBIND message and Posting MCS_UNBIND 10 secs later
D/PackageManager(  700): [MSG] MCS_BOUND
I/PackageManager(  700): remove MCS_UNBIND message and Posting MCS_UNBIND 10 secs later
D/PackageManager(  700): [MSG] MCS_BOUND
I/PackageManager(  700): remove MCS_UNBIND message and Posting MCS_UNBIND 10 secs later
D/PackageManager(  700): [MSG] MCS_BOUND
I/PackageManager(  700): remove MCS_UNBIND message and Posting MCS_UNBIND 10 secs later
D/PackageManager(  700): [MSG] MCS_BOUND
I/PackageManager(  700): remove MCS_UNBIND message and Posting MCS_UNBIND 10 secs later
D/PackageManager(  700): [MSG] MCS_BOUND
I/PackageManager(  700): remove MCS_UNBIND message and Posting MCS_UNBIND 10 secs later
D/PackageManager(  700): [MSG] MCS_BOUND
I/PackageManager(  700): remove MCS_UNBIND message and Posting MCS_UNBIND 10 secs later
D/PackageManager(  700): [MSG] MCS_BOUND
I/PackageManager(  700): remove MCS_UNBIND message and Posting MCS_UNBIND 10 secs later
D/PackageManager(  700): [MSG] MCS_BOUND
D/STATUSBAR-NetworkController( 1029): onSignalStrengthsChanged signalStrength=SignalStrength: 99 99 -89 -40 -120 -1 -1 19 -102 -8 72 -1 2147483647 gsm|lte 0x3030 level=3
D/STATUSBAR-NetworkController( 1029): updateRomaingNotification DataRoaming:false mDataRoamingTypeForVZW : 0
I/PackageManager(  700): remove MCS_UNBIND message and Posting MCS_UNBIND 10 secs later
D/PackageManager(  700): [MSG] MCS_BOUND
I/PackageManager(  700): remove MCS_UNBIND message and Posting MCS_UNBIND 10 secs later
D/PackageManager(  700): [MSG] MCS_BOUND
I/PackageManager(  700): remove MCS_UNBIND message and Posting MCS_UNBIND 10 secs later
D/PackageManager(  700): [MSG] MCS_BOUND
I/PackageManager(  700): remove MCS_UNBIND message and Posting MCS_UNBIND 10 secs later
D/PackageManager(  700): [MSG] MCS_BOUND
I/PackageManager(  700): remove MCS_UNBIND message and Posting MCS_UNBIND 10 secs later
D/PackageManager(  700): [MSG] MCS_BOUND
I/PackageManager(  700): remove MCS_UNBIND message and Posting MCS_UNBIND 10 secs later
D/PackageManager(  700): [MSG] MCS_BOUND
I/PackageManager(  700): remove MCS_UNBIND message and Posting MCS_UNBIND 10 secs later
D/PackageManager(  700): [MSG] MCS_BOUND
I/PackageManager(  700): remove MCS_UNBIND message and Posting MCS_UNBIND 10 secs later
D/PackageManager(  700): [MSG] MCS_BOUND
I/PackageManager(  700): remove MCS_UNBIND message and Posting MCS_UNBIND 10 secs later
D/PackageManager(  700): [MSG] MCS_BOUND
I/PackageManager(  700): remove MCS_UNBIND message and Posting MCS_UNBIND 10 secs later
D/PackageManager(  700): [MSG] MCS_BOUND
I/PackageManager(  700): remove MCS_UNBIND message and Posting MCS_UNBIND 10 secs later
D/PackageManager(  700): [MSG] MCS_BOUND
I/PackageManager(  700): remove MCS_UNBIND message and Posting MCS_UNBIND 10 secs later
D/PackageManager(  700): [MSG] MCS_BOUND
I/PackageManager(  700): remove MCS_UNBIND message and Posting MCS_UNBIND 10 secs later
D/PackageManager(  700): [MSG] MCS_BOUND
I/PackageManager(  700): remove MCS_UNBIND message and Posting MCS_UNBIND 10 secs later
D/PackageManager(  700): [MSG] MCS_BOUND
I/PackageManager(  700): remove MCS_UNBIND message and Posting MCS_UNBIND 10 secs later
D/PackageManager(  700): [MSG] MCS_BOUND
I/PackageManager(  700): remove MCS_UNBIND message and Posting MCS_UNBIND 10 secs later
D/PackageManager(  700): [MSG] MCS_BOUND
I/PackageManager(  700): remove MCS_UNBIND message and Posting MCS_UNBIND 10 secs later
D/PackageManager(  700): [MSG] MCS_BOUND
I/PackageManager(  700): remove MCS_UNBIND message and Posting MCS_UNBIND 10 secs later
D/PackageManager(  700): [MSG] MCS_BOUND
I/PackageManager(  700): remove MCS_UNBIND message and Posting MCS_UNBIND 10 secs later
D/PackageManager(  700): [MSG] MCS_BOUND
I/PackageManager(  700): remove MCS_UNBIND message and Posting MCS_UNBIND 10 secs later
D/PackageManager(  700): [MSG] MCS_BOUND
I/PackageManager(  700): remove MCS_UNBIND message and Posting MCS_UNBIND 10 secs later
D/PackageManager(  700): [MSG] MCS_BOUND
I/PackageManager(  700): remove MCS_UNBIND message and Posting MCS_UNBIND 10 secs later
D/PackageManager(  700): [MSG] MCS_BOUND
I/PackageManager(  700): remove MCS_UNBIND message and Posting MCS_UNBIND 10 secs later
D/PackageManager(  700): [MSG] MCS_BOUND
I/PackageManager(  700): remove MCS_UNBIND message and Posting MCS_UNBIND 10 secs later
D/PackageManager(  700): [MSG] MCS_BOUND
I/PackageManager(  700): remove MCS_UNBIND message and Posting MCS_UNBIND 10 secs later
D/PackageManager(  700): [MSG] MCS_BOUND
I/PackageManager(  700): remove MCS_UNBIND message and Posting MCS_UNBIND 10 secs later
D/PackageManager(  700): [MSG] MCS_BOUND
I/PackageManager(  700): remove MCS_UNBIND message and Posting MCS_UNBIND 10 secs later
D/PackageManager(  700): [MSG] MCS_BOUND
I/PackageManager(  700): remove MCS_UNBIND message and Posting MCS_UNBIND 10 secs later
D/PackageManager(  700): [MSG] MCS_BOUND
I/PackageManager(  700): remove MCS_UNBIND message and Posting MCS_UNBIND 10 secs later
D/PackageManager(  700): [MSG] MCS_BOUND
I/PackageManager(  700): remove MCS_UNBIND message and Posting MCS_UNBIND 10 secs later
D/PackageManager(  700): [MSG] MCS_BOUND
I/PackageManager(  700): remove MCS_UNBIND message and Posting MCS_UNBIND 10 secs later
D/PackageManager(  700): [MSG] MCS_BOUND
I/PackageManager(  700): remove MCS_UNBIND message and Posting MCS_UNBIND 10 secs later
D/PackageManager(  700): [MSG] MCS_BOUND
I/PackageManager(  700): remove MCS_UNBIND message and Posting MCS_UNBIND 10 secs later
D/PackageManager(  700): [MSG] MCS_BOUND
I/PackageManager(  700): remove MCS_UNBIND message and Posting MCS_UNBIND 10 secs later
D/PackageManager(  700): [MSG] MCS_BOUND
I/PackageManager(  700): remove MCS_UNBIND message and Posting MCS_UNBIND 10 secs later
D/PackageManager(  700): [MSG] MCS_BOUND
I/PackageManager(  700): remove MCS_UNBIND message and Posting MCS_UNBIND 10 secs later
D/PackageManager(  700): [MSG] MCS_BOUND
I/PackageManager(  700): remove MCS_UNBIND message and Posting MCS_UNBIND 10 secs later
D/PackageManager(  700): [MSG] MCS_BOUND
I/PackageManager(  700): remove MCS_UNBIND message and Posting MCS_UNBIND 10 secs later
D/PackageManager(  700): [MSG] MCS_BOUND
I/PackageManager(  700): remove MCS_UNBIND message and Posting MCS_UNBIND 10 secs later
D/PackageManager(  700): [MSG] MCS_BOUND
I/PackageManager(  700): remove MCS_UNBIND message and Posting MCS_UNBIND 10 secs later
D/PackageManager(  700): [MSG] MCS_BOUND
I/PackageManager(  700): remove MCS_UNBIND message and Posting MCS_UNBIND 10 secs later
D/PackageManager(  700): [MSG] MCS_BOUND
I/PackageManager(  700): remove MCS_UNBIND message and Posting MCS_UNBIND 10 secs later
D/PackageManager(  700): [MSG] MCS_BOUND
I/PackageManager(  700): remove MCS_UNBIND message and Posting MCS_UNBIND 10 secs later
D/PackageManager(  700): [MSG] MCS_BOUND
I/PackageManager(  700): remove MCS_UNBIND message and Posting MCS_UNBIND 10 secs later
D/PackageManager(  700): [MSG] MCS_BOUND
I/PackageManager(  700): remove MCS_UNBIND message and Posting MCS_UNBIND 10 secs later
D/PackageManager(  700): [MSG] MCS_BOUND
I/PackageManager(  700): remove MCS_UNBIND message and Posting MCS_UNBIND 10 secs later
D/PackageManager(  700): [MSG] MCS_BOUND
I/PackageManager(  700): remove MCS_UNBIND message and Posting MCS_UNBIND 10 secs later
D/PackageManager(  700): [MSG] MCS_BOUND
I/PackageManager(  700): remove MCS_UNBIND message and Posting MCS_UNBIND 10 secs later
D/PackageManager(  700): [MSG] MCS_BOUND
I/PackageManager(  700): remove MCS_UNBIND message and Posting MCS_UNBIND 10 secs later
D/PackageManager(  700): [MSG] MCS_BOUND
I/PackageManager(  700): remove MCS_UNBIND message and Posting MCS_UNBIND 10 secs later
D/PackageManager(  700): [MSG] MCS_BOUND
I/PackageManager(  700): remove MCS_UNBIND message and Posting MCS_UNBIND 10 secs later
D/PackageManager(  700): [MSG] MCS_BOUND
I/PackageManager(  700): remove MCS_UNBIND message and Posting MCS_UNBIND 10 secs later
D/PackageManager(  700): [MSG] MCS_BOUND
I/PackageManager(  700): remove MCS_UNBIND message and Posting MCS_UNBIND 10 secs later
D/PackageManager(  700): [MSG] MCS_BOUND
I/PackageManager(  700): remove MCS_UNBIND message and Posting MCS_UNBIND 10 secs later
D/PackageManager(  700): [MSG] MCS_BOUND
