W/Settings( 1029): Setting data_roaming has moved from android.provider.Settings.Secure to android.provider.Settings.Global.
D/STATUSBAR-NetworkController( 1029): updateRomaingNotification DataRoaming:false mDataRoamingTypeForVZW : 0
D/STATUSBAR-NetworkController( 1029): refreshSignalCluster - setNWBoosterIndicators(false)
D/STATUSBAR-NetworkController( 1029): refreshSignalCluster: data=0 bt=false
D/STATUSBAR-IconMerger( 1029): checkOverflow(240), More:true, Req:true Child:8
D/SensorService(  700):   -0.1 -1.1 9.3
W/Settings( 1029): Setting data_roaming has moved from android.provider.Settings.Secure to android.provider.Settings.Global.
D/STATUSBAR-NetworkController( 1029): updateRomaingNotification DataRoaming:false mDataRoamingTypeForVZW : 0
D/STATUSBAR-NetworkController( 1029): refreshSignalCluster - setNWBoosterIndicators(false)
D/STATUSBAR-NetworkController( 1029): refreshSignalCluster: data=0 bt=false
D/STATUSBAR-IconMerger( 1029): checkOverflow(240), More:true, Req:true Child:8
E/Sensors (  700): accelHandler -0.118553 -1.118474 9.359736
I/ServiceKeeper(  700): In getseinfo pid = 700 uid = 1000 seinfo= system
D/SSRMv2:SIOP(  700): SIOP:: AP = 370, Delta = 0
E/Auth    ( 1268): [GoogleAccountDataServiceImpl] getToken() -> BAD_AUTHENTICATION. Account: <ELLIDED:-1799646171>, App: com.google.android.gms, Service: oauth2:https://www.googleapis.com/auth/contextcontroller
E/Auth    ( 1268): ebt: Long live credential not available.
E/Auth    ( 1268): 	at ebu.b(:com.google.android.gms:0)
E/Auth    ( 1268): 	at ebu.a(:com.google.android.gms:17)
E/Auth    ( 1268): 	at eah.a(:com.google.android.gms:51)
E/Auth    ( 1268): 	at fgf.a(:com.google.android.gms:7)
E/Auth    ( 1268): 	at fgf.a(:com.google.android.gms:3)
E/Auth    ( 1268): 	at ffg.a(:com.google.android.gms:1)
E/Auth    ( 1268): 	at ffe.a(:com.google.android.gms:17)
E/Auth    ( 1268): 	at ffe.a(:com.google.android.gms:5)
E/Auth    ( 1268): 	at bty.a(:com.google.android.gms:192)
E/Auth    ( 1268): 	at bty.a(:com.google.android.gms:67)
E/Auth    ( 1268): 	at bty.onTransact(:com.google.android.gms:29)
E/Auth    ( 1268): 	at android.os.Binder.transact(Binder.java:361)
E/Auth    ( 1268): 	at bvj.onTransact(:com.google.android.gms:2)
E/Auth    ( 1268): 	at android.os.Binder.execTransact(Binder.java:404)
E/Auth    ( 1268): 	at dalvik.system.NativeStart.run(Native Method)
W/Auth    ( 1268): [GetToken] GetToken failed with status code: BadAuthentication
E/SMD     (  172): DCD ON
I/Auth    ( 1268): [DefaultAuthDelegateChimeraService] Use browser flow? false
W/Auth    ( 1190): [GoogleAuthUtil] GoogleAuthUtil
W/AuthSessionAuthenticato( 1190): Auth related exception is being ignored: BadAuthentication
E/ctxmgr  ( 1190): [BaseServerTask]Server task (WriteInterestRecordTask) got error statusCode=-1.
E/ctxmgr  ( 1190): com.android.volley.VolleyError: Unable to obtain auth token - is the device online?
E/ctxmgr  ( 1190): 	at cir.a(:com.google.android.gms:66)
E/ctxmgr  ( 1190): 	at cdv.run(:com.google.android.gms:1)
E/ctxmgr  ( 1190): 	at cdt.handleMessage(:com.google.android.gms:2)
E/ctxmgr  ( 1190): 	at jca.run(:com.google.android.gms:5)
E/ctxmgr  ( 1190): 	at jck.run(:com.google.android.gms:24)
E/ctxmgr  ( 1190): 	at java.util.concurrent.ThreadPoolExecutor.runWorker(ThreadPoolExecutor.java:1112)
E/ctxmgr  ( 1190): 	at java.util.concurrent.ThreadPoolExecutor$Worker.run(ThreadPoolExecutor.java:587)
E/ctxmgr  ( 1190): 	at jho.run(:com.google.android.gms:0)
E/ctxmgr  ( 1190): 	at java.lang.Thread.run(Thread.java:841)
E/ctxmgr  ( 1190): [SyncServerInterestRecordsOperation]Failed WriteInterestRecord: network status=-1
I/ServiceKeeper(  700): In getseinfo pid = 700 uid = 1000 seinfo= system
W/Settings( 1029): Setting data_roaming has moved from android.provider.Settings.Secure to android.provider.Settings.Global.
D/STATUSBAR-NetworkController( 1029): updateRomaingNotification DataRoaming:false mDataRoamingTypeForVZW : 0
D/STATUSBAR-NetworkController( 1029): refreshSignalCluster - setNWBoosterIndicators(false)
D/STATUSBAR-NetworkController( 1029): refreshSignalCluster: data=0 bt=false
D/STATUSBAR-IconMerger( 1029): checkOverflow(240), More:true, Req:true Child:8
W/Settings( 1029): Setting data_roaming has moved from android.provider.Settings.Secure to android.provider.Settings.Global.
D/STATUSBAR-NetworkController( 1029): updateRomaingNotification DataRoaming:false mDataRoamingTypeForVZW : 0
D/STATUSBAR-NetworkController( 1029): refreshSignalCluster - setNWBoosterIndicators(false)
D/STATUSBAR-NetworkController( 1029): refreshSignalCluster: data=0 bt=false
D/STATUSBAR-IconMerger( 1029): checkOverflow(240), More:true, Req:true Child:8
D/SensorService(  700):   -0.1 -1.2 9.3
E/SMD     (  172): DCD ON
E/Sensors (  700): accelHandler -0.114961 -1.138832 9.311836
V/AlarmManager(  700): waitForAlarm result :8
I/ServiceKeeper(  700): In getseinfo pid = 700 uid = 1000 seinfo= system
D/KeyguardClockWidgetService( 1452): onReceive action=android.intent.action.TIME_TICK
V/AlarmManager(  700): ClockReceiver onReceive() ACTION_TIME_TICK
D/KeyguardUpdateMonitor( 1029): received broadcast android.intent.action.TIME_TICK
D/KeyguardUpdateMonitor( 1029): handleTimeUpdate
D/STATUSBAR-IconMerger( 1029): checkOverflow(240), More:true, Req:true Child:8
D/widget  ( 1224): [MSC_HERO_Accu_JB]>>> SM:1292 [0:0] bTCC WCV = 200
D/widget  ( 1224): [MSC_HERO_Accu_JB]>>> WC:1785 [0:0] drw 2nd Tm dt
D/widget  ( 1224): [MSC_HERO_Accu_JB]>>> SM:1292 [0:0] bTCC WCV = 200
D/widget  ( 1224): [MSC_HERO_Accu_JB]>>> WC:1785 [0:0] drw 2nd Tm dt
D/dalvikvm( 2212): GC_FOR_ALLOC freed 960K, 55% free 8242K/17988K, paused 23ms, total 23ms
D/accuweather( 2374): [MSC_Accu_Daemon]>>> WCS:95 [0:0] checkDay:false, UtilgetIsDay():false
I/ServiceKeeper(  700): In getseinfo pid = 700 uid = 1000 seinfo= system
I/ServiceKeeper(  700): In getseinfo pid = 700 uid = 1000 seinfo= system
E/Auth    ( 1268): [GoogleAccountDataServiceImpl] getToken() -> BAD_AUTHENTICATION. Account: <ELLIDED:-1799646171>, App: com.google.android.gms, Service: oauth2:https://www.googleapis.com/auth/contextcontroller
E/Auth    ( 1268): ebt: Long live credential not available.
E/Auth    ( 1268): 	at ebu.b(:com.google.android.gms:0)
E/Auth    ( 1268): 	at ebu.a(:com.google.android.gms:17)
E/Auth    ( 1268): 	at eah.a(:com.google.android.gms:51)
E/Auth    ( 1268): 	at fgf.a(:com.google.android.gms:7)
E/Auth    ( 1268): 	at fgf.a(:com.google.android.gms:3)
E/Auth    ( 1268): 	at ffg.a(:com.google.android.gms:1)
E/Auth    ( 1268): 	at ffe.a(:com.google.android.gms:17)
E/Auth    ( 1268): 	at ffe.a(:com.google.android.gms:5)
E/Auth    ( 1268): 	at bty.a(:com.google.android.gms:192)
E/Auth    ( 1268): 	at bty.a(:com.google.android.gms:67)
E/Auth    ( 1268): 	at bty.onTransact(:com.google.android.gms:29)
E/Auth    ( 1268): 	at android.os.Binder.transact(Binder.java:361)
E/Auth    ( 1268): 	at bvj.onTransact(:com.google.android.gms:2)
E/Auth    ( 1268): 	at android.os.Binder.execTransact(Binder.java:404)
E/Auth    ( 1268): 	at dalvik.system.NativeStart.run(Native Method)
W/Auth    ( 1268): [GetToken] GetToken failed with status code: BadAuthentication
I/Auth    ( 1268): [DefaultAuthDelegateChimeraService] Use browser flow? false
W/Auth    ( 1190): [GoogleAuthUtil] GoogleAuthUtil
W/AuthSessionAuthenticato( 1190): Auth related exception is being ignored: BadAuthentication
W/Settings( 1029): Setting data_roaming has moved from android.provider.Settings.Secure to android.provider.Settings.Global.
D/STATUSBAR-NetworkController( 1029): updateRomaingNotification DataRoaming:false mDataRoamingTypeForVZW : 0
D/STATUSBAR-NetworkController( 1029): refreshSignalCluster - setNWBoosterIndicators(false)
D/STATUSBAR-NetworkController( 1029): refreshSignalCluster: data=0 bt=false
D/STATUSBAR-IconMerger( 1029): checkOverflow(240), More:true, Req:true Child:8
D/SensorService(  700):   -0.1 -1.1 9.3
D/dalvikvm(  700): GC_EXPLICIT freed 2283K, 24% free 43346K/56920K, paused 12ms+20ms, total 267ms
E/ctxmgr  ( 1190): [BaseServerTask]Server task (WriteInterestRecordTask) got error statusCode=-1.
E/ctxmgr  ( 1190): com.android.volley.VolleyError: Unable to obtain auth token - is the device online?
E/ctxmgr  ( 1190): 	at cir.a(:com.google.android.gms:66)
E/ctxmgr  ( 1190): 	at cdv.run(:com.google.android.gms:1)
E/ctxmgr  ( 1190): 	at cdt.handleMessage(:com.google.android.gms:2)
E/ctxmgr  ( 1190): 	at jca.run(:com.google.android.gms:5)
E/ctxmgr  ( 1190): 	at jck.run(:com.google.android.gms:24)
E/ctxmgr  ( 1190): 	at java.util.concurrent.ThreadPoolExecutor.runWorker(ThreadPoolExecutor.java:1112)
E/ctxmgr  ( 1190): 	at java.util.concurrent.ThreadPoolExecutor$Worker.run(ThreadPoolExecutor.java:587)
E/ctxmgr  ( 1190): 	at jho.run(:com.google.android.gms:0)
E/ctxmgr  ( 1190): 	at java.lang.Thread.run(Thread.java:841)
E/ctxmgr  ( 1190): [SyncServerInterestRecordsOperation]Failed WriteInterestRecord: network status=-1
I/ServiceKeeper(  700): In getseinfo pid = 700 uid = 1000 seinfo= system
E/SMD     (  172): DCD ON
W/Settings( 1029): Setting data_roaming has moved from android.provider.Settings.Secure to android.provider.Settings.Global.
D/STATUSBAR-NetworkController( 1029): updateRomaingNotification DataRoaming:false mDataRoamingTypeForVZW : 0
D/STATUSBAR-NetworkController( 1029): refreshSignalCluster - setNWBoosterIndicators(false)
D/STATUSBAR-NetworkController( 1029): refreshSignalCluster: data=0 bt=false
D/STATUSBAR-IconMerger( 1029): checkOverflow(240), More:true, Req:true Child:8
E/Sensors (  700): accelHandler -0.094603 -1.116079 9.335786
I/ServiceKeeper(  700): In getseinfo pid = 700 uid = 1000 seinfo= system
E/Auth    ( 1268): [GoogleAccountDataServiceImpl] getToken() -> BAD_AUTHENTICATION. Account: <ELLIDED:-1799646171>, App: com.google.android.gms, Service: oauth2:https://www.googleapis.com/auth/contextcontroller
E/Auth    ( 1268): ebt: Long live credential not available.
E/Auth    ( 1268): 	at ebu.b(:com.google.android.gms:0)
E/Auth    ( 1268): 	at ebu.a(:com.google.android.gms:17)
E/Auth    ( 1268): 	at eah.a(:com.google.android.gms:51)
E/Auth    ( 1268): 	at fgf.a(:com.google.android.gms:7)
E/Auth    ( 1268): 	at fgf.a(:com.google.android.gms:3)
E/Auth    ( 1268): 	at ffg.a(:com.google.android.gms:1)
E/Auth    ( 1268): 	at ffe.a(:com.google.android.gms:17)
E/Auth    ( 1268): 	at ffe.a(:com.google.android.gms:5)
E/Auth    ( 1268): 	at bty.a(:com.google.android.gms:192)
E/Auth    ( 1268): 	at bty.a(:com.google.android.gms:67)
E/Auth    ( 1268): 	at bty.onTransact(:com.google.android.gms:29)
E/Auth    ( 1268): 	at android.os.Binder.transact(Binder.java:361)
E/Auth    ( 1268): 	at bvj.onTransact(:com.google.android.gms:2)
E/Auth    ( 1268): 	at android.os.Binder.execTransact(Binder.java:404)
E/Auth    ( 1268): 	at dalvik.system.NativeStart.run(Native Method)
W/Auth    ( 1268): [GetToken] GetToken failed with status code: BadAuthentication
I/Auth    ( 1268): [DefaultAuthDelegateChimeraService] Use browser flow? false
W/Auth    ( 1190): [GoogleAuthUtil] GoogleAuthUtil
W/AuthSessionAuthenticato( 1190): Auth related exception is being ignored: BadAuthentication
E/ctxmgr  ( 1190): [BaseServerTask]Server task (WriteInterestRecordTask) got error statusCode=-1.
E/ctxmgr  ( 1190): com.android.volley.VolleyError: Unable to obtain auth token - is the device online?
E/ctxmgr  ( 1190): 	at cir.a(:com.google.android.gms:66)
E/ctxmgr  ( 1190): 	at cdv.run(:com.google.android.gms:1)
E/ctxmgr  ( 1190): 	at cdt.handleMessage(:com.google.android.gms:2)
E/ctxmgr  ( 1190): 	at jca.run(:com.google.android.gms:5)
E/ctxmgr  ( 1190): 	at jck.run(:com.google.android.gms:24)
E/ctxmgr  ( 1190): 	at java.util.concurrent.ThreadPoolExecutor.runWorker(ThreadPoolExecutor.java:1112)
E/ctxmgr  ( 1190): 	at java.util.concurrent.ThreadPoolExecutor$Worker.run(ThreadPoolExecutor.java:587)
E/ctxmgr  ( 1190): 	at jho.run(:com.google.android.gms:0)
E/ctxmgr  ( 1190): 	at java.lang.Thread.run(Thread.java:841)
E/ctxmgr  ( 1190): [SyncServerInterestRecordsOperation]Failed WriteInterestRecord: network status=-1
I/ServiceKeeper(  700): In getseinfo pid = 700 uid = 1000 seinfo= system
D/dalvikvm( 4057): GC_CONCURRENT freed 922K, 43% free 10288K/17992K, paused 10ms+5ms, total 93ms
E/SMD     (  172): DCD ON
E/Watchdog(  700): !@Sync 15027
D/SensorService(  700):   -0.1 -1.1 9.2
D/AT_Distributor(  437): Send Msg [UART > ATD] 1 bytes <>
W/Settings( 1029): Setting data_roaming has moved from android.provider.Settings.Secure to android.provider.Settings.Global.
D/STATUSBAR-NetworkController( 1029): onSignalStrengthsChanged signalStrength=SignalStrength: 99 99 -85 -45 -120 -1 -1 21 -98 -10 102 -1 2147483647 gsm|lte 0x3040 level=3
D/STATUSBAR-NetworkController( 1029): updateRomaingNotification DataRoaming:false mDataRoamingTypeForVZW : 0
D/SSRMv2:SIOP(  700): SIOP:: AP = 370, Delta = 0
D/AT_Distributor(  437): Send Msg [UART > ATD] 1 bytes <>
E/Sensors (  700): accelHandler -0.070653 -1.169967 9.353748
W/Settings( 1029): Setting data_roaming has moved from android.provider.Settings.Secure to android.provider.Settings.Global.
D/STATUSBAR-NetworkController( 1029): updateRomaingNotification DataRoaming:false mDataRoamingTypeForVZW : 0
D/STATUSBAR-NetworkController( 1029): refreshSignalCluster - setNWBoosterIndicators(false)
D/STATUSBAR-NetworkController( 1029): refreshSignalCluster: data=0 bt=false
D/STATUSBAR-IconMerger( 1029): checkOverflow(240), More:true, Req:true Child:8
W/Settings( 1029): Setting data_roaming has moved from android.provider.Settings.Secure to android.provider.Settings.Global.
D/STATUSBAR-NetworkController( 1029): updateRomaingNotification DataRoaming:false mDataRoamingTypeForVZW : 0
D/STATUSBAR-NetworkController( 1029): refreshSignalCluster - setNWBoosterIndicators(false)
D/STATUSBAR-NetworkController( 1029): refreshSignalCluster: data=0 bt=false
D/STATUSBAR-IconMerger( 1029): checkOverflow(240), More:true, Req:true Child:8
E/SMD     (  172): DCD ON
D/SensorService(  700):   -0.2 -1.1 9.3
E/Sensors (  700): accelHandler -0.123344 -1.128054 9.311836
I/ServiceKeeper(  700): In getseinfo pid = 700 uid = 1000 seinfo= system
E/Auth    ( 1268): [GoogleAccountDataServiceImpl] getToken() -> BAD_AUTHENTICATION. Account: <ELLIDED:-1799646171>, App: com.google.android.gms, Service: oauth2:https://www.googleapis.com/auth/contextcontroller
E/Auth    ( 1268): ebt: Long live credential not available.
E/Auth    ( 1268): 	at ebu.b(:com.google.android.gms:0)
E/Auth    ( 1268): 	at ebu.a(:com.google.android.gms:17)
E/Auth    ( 1268): 	at eah.a(:com.google.android.gms:51)
E/Auth    ( 1268): 	at fgf.a(:com.google.android.gms:7)
E/Auth    ( 1268): 	at fgf.a(:com.google.android.gms:3)
E/Auth    ( 1268): 	at ffg.a(:com.google.android.gms:1)
E/Auth    ( 1268): 	at ffe.a(:com.google.android.gms:17)
E/Auth    ( 1268): 	at ffe.a(:com.google.android.gms:5)
E/Auth    ( 1268): 	at bty.a(:com.google.android.gms:192)
E/Auth    ( 1268): 	at bty.a(:com.google.android.gms:67)
E/Auth    ( 1268): 	at bty.onTransact(:com.google.android.gms:29)
E/Auth    ( 1268): 	at android.os.Binder.transact(Binder.java:361)
E/Auth    ( 1268): 	at bvj.onTransact(:com.google.android.gms:2)
E/Auth    ( 1268): 	at android.os.Binder.execTransact(Binder.java:404)
E/Auth    ( 1268): 	at dalvik.system.NativeStart.run(Native Method)
W/Auth    ( 1268): [GetToken] GetToken failed with status code: BadAuthentication
I/Auth    ( 1268): [DefaultAuthDelegateChimeraService] Use browser flow? false
W/Auth    ( 1190): [GoogleAuthUtil] GoogleAuthUtil
W/AuthSessionAuthenticato( 1190): Auth related exception is being ignored: BadAuthentication
E/ctxmgr  ( 1190): [BaseServerTask]Server task (WriteInterestRecordTask) got error statusCode=-1.
E/ctxmgr  ( 1190): com.android.volley.VolleyError: Unable to obtain auth token - is the device online?
E/ctxmgr  ( 1190): 	at cir.a(:com.google.android.gms:66)
E/ctxmgr  ( 1190): 	at cdv.run(:com.google.android.gms:1)
E/ctxmgr  ( 1190): 	at cdt.handleMessage(:com.google.android.gms:2)
E/ctxmgr  ( 1190): 	at jca.run(:com.google.android.gms:5)
E/ctxmgr  ( 1190): 	at jck.run(:com.google.android.gms:24)
E/ctxmgr  ( 1190): 	at java.util.concurrent.ThreadPoolExecutor.runWorker(ThreadPoolExecutor.java:1112)
E/ctxmgr  ( 1190): 	at java.util.concurrent.ThreadPoolExecutor$Worker.run(ThreadPoolExecutor.java:587)
E/ctxmgr  ( 1190): 	at jho.run(:com.google.android.gms:0)
E/ctxmgr  ( 1190): 	at java.lang.Thread.run(Thread.java:841)
E/ctxmgr  ( 1190): [SyncServerInterestRecordsOperation]Failed WriteInterestRecord: network status=-1
I/ServiceKeeper(  700): In getseinfo pid = 700 uid = 1000 seinfo= system
E/SMD     (  172): DCD ON
I/ServiceKeeper(  700): In getseinfo pid = 700 uid = 1000 seinfo= system
E/Auth    ( 1268): [GoogleAccountDataServiceImpl] getToken() -> BAD_AUTHENTICATION. Account: <ELLIDED:-1799646171>, App: com.google.android.gms, Service: oauth2:https://www.googleapis.com/auth/contextcontroller
E/Auth    ( 1268): ebt: Long live credential not available.
E/Auth    ( 1268): 	at ebu.b(:com.google.android.gms:0)
E/Auth    ( 1268): 	at ebu.a(:com.google.android.gms:17)
E/Auth    ( 1268): 	at eah.a(:com.google.android.gms:51)
E/Auth    ( 1268): 	at fgf.a(:com.google.android.gms:7)
E/Auth    ( 1268): 	at fgf.a(:com.google.android.gms:3)
E/Auth    ( 1268): 	at ffg.a(:com.google.android.gms:1)
E/Auth    ( 1268): 	at ffe.a(:com.google.android.gms:17)
E/Auth    ( 1268): 	at ffe.a(:com.google.android.gms:5)
E/Auth    ( 1268): 	at bty.a(:com.google.android.gms:192)
E/Auth    ( 1268): 	at bty.a(:com.google.android.gms:67)
E/Auth    ( 1268): 	at bty.onTransact(:com.google.android.gms:29)
E/Auth    ( 1268): 	at android.os.Binder.transact(Binder.java:361)
E/Auth    ( 1268): 	at bvj.onTransact(:com.google.android.gms:2)
E/Auth    ( 1268): 	at android.os.Binder.execTransact(Binder.java:404)
E/Auth    ( 1268): 	at dalvik.system.NativeStart.run(Native Method)
W/Auth    ( 1268): [GetToken] GetToken failed with status code: BadAuthentication
I/Auth    ( 1268): [DefaultAuthDelegateChimeraService] Use browser flow? false
W/Auth    ( 1190): [GoogleAuthUtil] GoogleAuthUtil
W/AuthSessionAuthenticato( 1190): Auth related exception is being ignored: BadAuthentication
E/ctxmgr  ( 1190): [BaseServerTask]Server task (WriteInterestRecordTask) got error statusCode=-1.
E/ctxmgr  ( 1190): com.android.volley.VolleyError: Unable to obtain auth token - is the device online?
E/ctxmgr  ( 1190): 	at cir.a(:com.google.android.gms:66)
E/ctxmgr  ( 1190): 	at cdv.run(:com.google.android.gms:1)
E/ctxmgr  ( 1190): 	at cdt.handleMessage(:com.google.android.gms:2)
E/ctxmgr  ( 1190): 	at jca.run(:com.google.android.gms:5)
E/ctxmgr  ( 1190): 	at jck.run(:com.google.android.gms:24)
E/ctxmgr  ( 1190): 	at java.util.concurrent.ThreadPoolExecutor.runWorker(ThreadPoolExecutor.java:1112)
E/ctxmgr  ( 1190): 	at java.util.concurrent.ThreadPoolExecutor$Worker.run(ThreadPoolExecutor.java:587)
E/ctxmgr  ( 1190): 	at jho.run(:com.google.android.gms:0)
E/ctxmgr  ( 1190): 	at java.lang.Thread.run(Thread.java:841)
E/ctxmgr  ( 1190): [SyncServerInterestRecordsOperation]Failed WriteInterestRecord: network status=-1
I/ServiceKeeper(  700): In getseinfo pid = 700 uid = 1000 seinfo= system
I/ServiceKeeper(  700): In getseinfo pid = 700 uid = 1000 seinfo= system
E/Auth    ( 1268): [GoogleAccountDataServiceImpl] getToken() -> BAD_AUTHENTICATION. Account: <ELLIDED:-1799646171>, App: com.google.android.gms, Service: oauth2:https://www.googleapis.com/auth/contextcontroller
E/Auth    ( 1268): ebt: Long live credential not available.
E/Auth    ( 1268): 	at ebu.b(:com.google.android.gms:0)
E/Auth    ( 1268): 	at ebu.a(:com.google.android.gms:17)
E/Auth    ( 1268): 	at eah.a(:com.google.android.gms:51)
E/Auth    ( 1268): 	at fgf.a(:com.google.android.gms:7)
E/Auth    ( 1268): 	at fgf.a(:com.google.android.gms:3)
E/Auth    ( 1268): 	at ffg.a(:com.google.android.gms:1)
E/Auth    ( 1268): 	at ffe.a(:com.google.android.gms:17)
E/Auth    ( 1268): 	at ffe.a(:com.google.android.gms:5)
E/Auth    ( 1268): 	at bty.a(:com.google.android.gms:192)
E/Auth    ( 1268): 	at bty.a(:com.google.android.gms:67)
E/Auth    ( 1268): 	at bty.onTransact(:com.google.android.gms:29)
E/Auth    ( 1268): 	at android.os.Binder.transact(Binder.java:361)
E/Auth    ( 1268): 	at bvj.onTransact(:com.google.android.gms:2)
E/Auth    ( 1268): 	at android.os.Binder.execTransact(Binder.java:404)
E/Auth    ( 1268): 	at dalvik.system.NativeStart.run(Native Method)
W/Auth    ( 1268): [GetToken] GetToken failed with status code: BadAuthentication
I/Auth    ( 1268): [DefaultAuthDelegateChimeraService] Use browser flow? false
W/Auth    ( 1190): [GoogleAuthUtil] GoogleAuthUtil
W/AuthSessionAuthenticato( 1190): Auth related exception is being ignored: BadAuthentication
E/ctxmgr  ( 1190): [BaseServerTask]Server task (WriteInterestRecordTask) got error statusCode=-1.
E/ctxmgr  ( 1190): com.android.volley.VolleyError: Unable to obtain auth token - is the device online?
E/ctxmgr  ( 1190): 	at cir.a(:com.google.android.gms:66)
E/ctxmgr  ( 1190): 	at cdv.run(:com.google.android.gms:1)
E/ctxmgr  ( 1190): 	at cdt.handleMessage(:com.google.android.gms:2)
E/ctxmgr  ( 1190): 	at jca.run(:com.google.android.gms:5)
E/ctxmgr  ( 1190): 	at jck.run(:com.google.android.gms:24)
E/ctxmgr  ( 1190): 	at java.util.concurrent.ThreadPoolExecutor.runWorker(ThreadPoolExecutor.java:1112)
E/ctxmgr  ( 1190): 	at java.util.concurrent.ThreadPoolExecutor$Worker.run(ThreadPoolExecutor.java:587)
E/ctxmgr  ( 1190): 	at jho.run(:com.google.android.gms:0)
E/ctxmgr  ( 1190): 	at java.lang.Thread.run(Thread.java:841)
E/ctxmgr  ( 1190): [SyncServerInterestRecordsOperation]Failed WriteInterestRecord: network status=-1
I/ServiceKeeper(  700): In getseinfo pid = 700 uid = 1000 seinfo= system
W/Settings( 1029): Setting data_roaming has moved from android.provider.Settings.Secure to android.provider.Settings.Global.
D/STATUSBAR-NetworkController( 1029): updateRomaingNotification DataRoaming:false mDataRoamingTypeForVZW : 0
D/STATUSBAR-NetworkController( 1029): refreshSignalCluster - setNWBoosterIndicators(false)
D/STATUSBAR-NetworkController( 1029): refreshSignalCluster: data=0 bt=false
D/STATUSBAR-IconMerger( 1029): checkOverflow(240), More:true, Req:true Child:8
W/Settings( 1029): Setting data_roaming has moved from android.provider.Settings.Secure to android.provider.Settings.Global.
D/STATUSBAR-NetworkController( 1029): onSignalStrengthsChanged signalStrength=SignalStrength: 99 99 -85 -45 -120 -1 -1 19 -98 -8 102 -1 2147483647 gsm|lte 0x3040 level=3
D/STATUSBAR-NetworkController( 1029): updateRomaingNotification DataRoaming:false mDataRoamingTypeForVZW : 0
D/BatteryService(  700): level:91, scale:100, status:2, health:2, present:true, voltage: 4295, temperature: 329, technology: Li-ion, AC powered:false, USB powered:true, Wireless powered:false, icon:17303549, invalid charger:0, online:4, current avg:-1, charge type:0, power sharing:false
D/BatteryService(  700): Sending ACTION_BATTERY_CHANGED.
D/KeyguardUpdateMonitor( 1029): received broadcast android.intent.action.BATTERY_CHANGED
D/KeyguardUpdateMonitor( 1029): handleBatteryUpdate
D/InCallScreen( 1204): ACTION_BATTERY_CHANGED
D/InCallScreen( 1204): mBatteryLevel : 91
D/InCallScreen( 1204): mBatteryStatus : 2
D/InCallScreen( 1204): islowbatterysoundplayed : false
D/HeadsetStateMachine( 2466): Disconnected process message: 10
I/BatteryChangedReceiver(20173): received action: android.intent.action.BATTERY_CHANGED
D/STATUSBAR-PhoneStatusBar( 1029):  mBrightnessEnablebySettings = true mBrightnessEnablebyBattery = true mBrightnessEnablebyDisableFlag = true mPmsBrightnessEnablebySettings = true
D/BatteryChangedReceiver(20173): Not provisioned
D/BatteryMeterView( 1029): ACTION_BATTERY_CHANGED : level:91 status:2 health:2
D/STATUSBAR-IconMerger( 1029): checkOverflow(240), More:true, Req:true Child:8
D/BatteryMeterView( 1029): onDraw batteryColor : -1
D/SensorService(  700):   -0.1 -1.1 9.3
W/Settings( 1029): Setting data_roaming has moved from android.provider.Settings.Secure to android.provider.Settings.Global.
D/STATUSBAR-NetworkController( 1029): updateRomaingNotification DataRoaming:false mDataRoamingTypeForVZW : 0
D/STATUSBAR-NetworkController( 1029): refreshSignalCluster - setNWBoosterIndicators(false)
D/STATUSBAR-NetworkController( 1029): refreshSignalCluster: data=0 bt=false
D/STATUSBAR-IconMerger( 1029): checkOverflow(240), More:true, Req:true Child:8
W/Settings( 1029): Setting data_roaming has moved from android.provider.Settings.Secure to android.provider.Settings.Global.
D/STATUSBAR-NetworkController( 1029): onSignalStrengthsChanged signalStrength=SignalStrength: 99 99 -85 -45 -120 -1 -1 20 -98 -10 102 -1 2147483647 gsm|lte 0x3040 level=3
D/STATUSBAR-NetworkController( 1029): updateRomaingNotification DataRoaming:false mDataRoamingTypeForVZW : 0
I/ServiceKeeper(  700): In getseinfo pid = 700 uid = 1000 seinfo= system
E/Auth    ( 1268): [GoogleAccountDataServiceImpl] getToken() -> BAD_AUTHENTICATION. Account: <ELLIDED:-1799646171>, App: com.google.android.gms, Service: oauth2:https://www.googleapis.com/auth/contextcontroller
E/Auth    ( 1268): ebt: Long live credential not available.
E/Auth    ( 1268): 	at ebu.b(:com.google.android.gms:0)
E/Auth    ( 1268): 	at ebu.a(:com.google.android.gms:17)
E/Auth    ( 1268): 	at eah.a(:com.google.android.gms:51)
E/Auth    ( 1268): 	at fgf.a(:com.google.android.gms:7)
E/Auth    ( 1268): 	at fgf.a(:com.google.android.gms:3)
E/Auth    ( 1268): 	at ffg.a(:com.google.android.gms:1)
E/Auth    ( 1268): 	at ffe.a(:com.google.android.gms:17)
E/Auth    ( 1268): 	at ffe.a(:com.google.android.gms:5)
E/Auth    ( 1268): 	at bty.a(:com.google.android.gms:192)
E/Auth    ( 1268): 	at bty.a(:com.google.android.gms:67)
E/Auth    ( 1268): 	at bty.onTransact(:com.google.android.gms:29)
E/Auth    ( 1268): 	at android.os.Binder.transact(Binder.java:361)
E/Auth    ( 1268): 	at bvj.onTransact(:com.google.android.gms:2)
E/Auth    ( 1268): 	at android.os.Binder.execTransact(Binder.java:404)
E/Auth    ( 1268): 	at dalvik.system.NativeStart.run(Native Method)
W/Auth    ( 1268): [GetToken] GetToken failed with status code: BadAuthentication
I/Auth    ( 1268): [DefaultAuthDelegateChimeraService] Use browser flow? false
W/Auth    ( 1190): [GoogleAuthUtil] GoogleAuthUtil
W/AuthSessionAuthenticato( 1190): Auth related exception is being ignored: BadAuthentication
E/Sensors (  700): accelHandler -0.125739 -1.144819 9.315429
D/dalvikvm( 1268): GC_EXPLICIT freed 720K, 40% free 10871K/17988K, paused 10ms+10ms, total 93ms
E/ctxmgr  ( 1190): [BaseServerTask]Server task (WriteInterestRecordTask) got error statusCode=-1.
E/ctxmgr  ( 1190): com.android.volley.VolleyError: Unable to obtain auth token - is the device online?
E/ctxmgr  ( 1190): 	at cir.a(:com.google.android.gms:66)
E/ctxmgr  ( 1190): 	at cdv.run(:com.google.android.gms:1)
E/ctxmgr  ( 1190): 	at cdt.handleMessage(:com.google.android.gms:2)
E/ctxmgr  ( 1190): 	at jca.run(:com.google.android.gms:5)
E/ctxmgr  ( 1190): 	at jck.run(:com.google.android.gms:24)
E/ctxmgr  ( 1190): 	at java.util.concurrent.ThreadPoolExecutor.runWorker(ThreadPoolExecutor.java:1112)
E/ctxmgr  ( 1190): 	at java.util.concurrent.ThreadPoolExecutor$Worker.run(ThreadPoolExecutor.java:587)
E/ctxmgr  ( 1190): 	at jho.run(:com.google.android.gms:0)
E/ctxmgr  ( 1190): 	at java.lang.Thread.run(Thread.java:841)
E/ctxmgr  ( 1190): [SyncServerInterestRecordsOperation]Failed WriteInterestRecord: network status=-1
I/ServiceKeeper(  700): In getseinfo pid = 700 uid = 1000 seinfo= system
I/ServiceKeeper(  700): In getseinfo pid = 700 uid = 1000 seinfo= system
I/Auth    ( 1268): [ReflectiveChannelBinder] Successfully bound channel!
E/Auth    ( 1268): [GoogleAccountDataServiceImpl] getToken() -> BAD_AUTHENTICATION. Account: <ELLIDED:-1799646171>, App: com.google.android.gms, Service: oauth2:https://www.googleapis.com/auth/contextcontroller
E/Auth    ( 1268): ebt: Long live credential not available.
E/Auth    ( 1268): 	at ebu.b(:com.google.android.gms:0)
E/Auth    ( 1268): 	at ebu.a(:com.google.android.gms:17)
E/Auth    ( 1268): 	at eah.a(:com.google.android.gms:51)
E/Auth    ( 1268): 	at fgf.a(:com.google.android.gms:7)
E/Auth    ( 1268): 	at fgf.a(:com.google.android.gms:3)
E/Auth    ( 1268): 	at ffg.a(:com.google.android.gms:1)
E/Auth    ( 1268): 	at ffe.a(:com.google.android.gms:17)
E/Auth    ( 1268): 	at ffe.a(:com.google.android.gms:5)
E/Auth    ( 1268): 	at bty.a(:com.google.android.gms:192)
E/Auth    ( 1268): 	at bty.a(:com.google.android.gms:67)
E/Auth    ( 1268): 	at bty.onTransact(:com.google.android.gms:29)
E/Auth    ( 1268): 	at android.os.Binder.transact(Binder.java:361)
E/Auth    ( 1268): 	at bvj.onTransact(:com.google.android.gms:2)
E/Auth    ( 1268): 	at android.os.Binder.execTransact(Binder.java:404)
E/Auth    ( 1268): 	at dalvik.system.NativeStart.run(Native Method)
W/Auth    ( 1268): [GetToken] GetToken failed with status code: BadAuthentication
I/Auth    ( 1268): [DefaultAuthDelegateChimeraService] Use browser flow? false
W/Auth    ( 1190): [GoogleAuthUtil] GoogleAuthUtil
W/AuthSessionAuthenticato( 1190): Auth related exception is being ignored: BadAuthentication
E/ctxmgr  ( 1190): [BaseServerTask]Server task (WriteInterestRecordTask) got error statusCode=-1.
E/ctxmgr  ( 1190): com.android.volley.VolleyError: Unable to obtain auth token - is the device online?
E/ctxmgr  ( 1190): 	at cir.a(:com.google.android.gms:66)
E/ctxmgr  ( 1190): 	at cdv.run(:com.google.android.gms:1)
E/ctxmgr  ( 1190): 	at cdt.handleMessage(:com.google.android.gms:2)
E/ctxmgr  ( 1190): 	at jca.run(:com.google.android.gms:5)
E/ctxmgr  ( 1190): 	at jck.run(:com.google.android.gms:24)
E/ctxmgr  ( 1190): 	at java.util.concurrent.ThreadPoolExecutor.runWorker(ThreadPoolExecutor.java:1112)
E/ctxmgr  ( 1190): 	at java.util.concurrent.ThreadPoolExecutor$Worker.run(ThreadPoolExecutor.java:587)
E/ctxmgr  ( 1190): 	at jho.run(:com.google.android.gms:0)
E/ctxmgr  ( 1190): 	at java.lang.Thread.run(Thread.java:841)
E/ctxmgr  ( 1190): [SyncServerInterestRecordsOperation]Failed WriteInterestRecord: network status=-1
I/ServiceKeeper(  700): In getseinfo pid = 700 uid = 1000 seinfo= system
E/SMD     (  172): DCD ON
I/ServiceKeeper(  700): In getseinfo pid = 700 uid = 1000 seinfo= system
E/Auth    ( 1268): [GoogleAccountDataServiceImpl] getToken() -> BAD_AUTHENTICATION. Account: <ELLIDED:-1799646171>, App: com.google.android.gms, Service: oauth2:https://www.googleapis.com/auth/contextcontroller
E/Auth    ( 1268): ebt: Long live credential not available.
E/Auth    ( 1268): 	at ebu.b(:com.google.android.gms:0)
E/Auth    ( 1268): 	at ebu.a(:com.google.android.gms:17)
E/Auth    ( 1268): 	at eah.a(:com.google.android.gms:51)
E/Auth    ( 1268): 	at fgf.a(:com.google.android.gms:7)
E/Auth    ( 1268): 	at fgf.a(:com.google.android.gms:3)
E/Auth    ( 1268): 	at ffg.a(:com.google.android.gms:1)
E/Auth    ( 1268): 	at ffe.a(:com.google.android.gms:17)
E/Auth    ( 1268): 	at ffe.a(:com.google.android.gms:5)
E/Auth    ( 1268): 	at bty.a(:com.google.android.gms:192)
E/Auth    ( 1268): 	at bty.a(:com.google.android.gms:67)
E/Auth    ( 1268): 	at bty.onTransact(:com.google.android.gms:29)
E/Auth    ( 1268): 	at android.os.Binder.transact(Binder.java:361)
E/Auth    ( 1268): 	at bvj.onTransact(:com.google.android.gms:2)
E/Auth    ( 1268): 	at android.os.Binder.execTransact(Binder.java:404)
E/Auth    ( 1268): 	at dalvik.system.NativeStart.run(Native Method)
W/Auth    ( 1268): [GetToken] GetToken failed with status code: BadAuthentication
I/Auth    ( 1268): [DefaultAuthDelegateChimeraService] Use browser flow? false
W/Auth    ( 1190): [GoogleAuthUtil] GoogleAuthUtil
W/AuthSessionAuthenticato( 1190): Auth related exception is being ignored: BadAuthentication
E/ctxmgr  ( 1190): [BaseServerTask]Server task (WriteInterestRecordTask) got error statusCode=-1.
E/ctxmgr  ( 1190): com.android.volley.VolleyError: Unable to obtain auth token - is the device online?
E/ctxmgr  ( 1190): 	at cir.a(:com.google.android.gms:66)
E/ctxmgr  ( 1190): 	at cdv.run(:com.google.android.gms:1)
E/ctxmgr  ( 1190): 	at cdt.handleMessage(:com.google.android.gms:2)
E/ctxmgr  ( 1190): 	at jca.run(:com.google.android.gms:5)
E/ctxmgr  ( 1190): 	at jck.run(:com.google.android.gms:24)
E/ctxmgr  ( 1190): 	at java.util.concurrent.ThreadPoolExecutor.runWorker(ThreadPoolExecutor.java:1112)
E/ctxmgr  ( 1190): 	at java.util.concurrent.ThreadPoolExecutor$Worker.run(ThreadPoolExecutor.java:587)
E/ctxmgr  ( 1190): 	at jho.run(:com.google.android.gms:0)
E/ctxmgr  ( 1190): 	at java.lang.Thread.run(Thread.java:841)
E/ctxmgr  ( 1190): [SyncServerInterestRecordsOperation]Failed WriteInterestRecord: network status=-1
I/ServiceKeeper(  700): In getseinfo pid = 700 uid = 1000 seinfo= system
W/Settings( 1029): Setting data_roaming has moved from android.provider.Settings.Secure to android.provider.Settings.Global.
D/STATUSBAR-NetworkController( 1029): onSignalStrengthsChanged signalStrength=SignalStrength: 99 99 -85 -45 -120 -1 -1 19 -98 -8 102 -1 2147483647 gsm|lte 0x3040 level=3
D/STATUSBAR-NetworkController( 1029): updateRomaingNotification DataRoaming:false mDataRoamingTypeForVZW : 0
I/ServiceKeeper(  700): In getseinfo pid = 700 uid = 1000 seinfo= system
D/SensorService(  700):   -0.1 -1.1 9.3
E/Auth    ( 1268): [GoogleAccountDataServiceImpl] getToken() -> BAD_AUTHENTICATION. Account: <ELLIDED:-1799646171>, App: com.google.android.gms, Service: oauth2:https://www.googleapis.com/auth/contextcontroller
E/Auth    ( 1268): ebt: Long live credential not available.
E/Auth    ( 1268): 	at ebu.b(:com.google.android.gms:0)
E/Auth    ( 1268): 	at ebu.a(:com.google.android.gms:17)
E/Auth    ( 1268): 	at eah.a(:com.google.android.gms:51)
E/Auth    ( 1268): 	at fgf.a(:com.google.android.gms:7)
E/Auth    ( 1268): 	at fgf.a(:com.google.android.gms:3)
E/Auth    ( 1268): 	at ffg.a(:com.google.android.gms:1)
E/Auth    ( 1268): 	at ffe.a(:com.google.android.gms:17)
E/Auth    ( 1268): 	at ffe.a(:com.google.android.gms:5)
E/Auth    ( 1268): 	at bty.a(:com.google.android.gms:192)
E/Auth    ( 1268): 	at bty.a(:com.google.android.gms:67)
E/Auth    ( 1268): 	at bty.onTransact(:com.google.android.gms:29)
E/Auth    ( 1268): 	at android.os.Binder.transact(Binder.java:361)
E/Auth    ( 1268): 	at bvj.onTransact(:com.google.android.gms:2)
E/Auth    ( 1268): 	at android.os.Binder.execTransact(Binder.java:404)
E/Auth    ( 1268): 	at dalvik.system.NativeStart.run(Native Method)
W/Auth    ( 1268): [GetToken] GetToken failed with status code: BadAuthentication
I/Auth    ( 1268): [DefaultAuthDelegateChimeraService] Use browser flow? false
W/Auth    ( 1190): [GoogleAuthUtil] GoogleAuthUtil
W/AuthSessionAuthenticato( 1190): Auth related exception is being ignored: BadAuthentication
D/AT_Distributor(  437): Send Msg [UART > ATD] 1 bytes <>
E/ctxmgr  ( 1190): [BaseServerTask]Server task (WriteInterestRecordTask) got error statusCode=-1.
E/ctxmgr  ( 1190): com.android.volley.VolleyError: Unable to obtain auth token - is the device online?
E/ctxmgr  ( 1190): 	at cir.a(:com.google.android.gms:66)
E/ctxmgr  ( 1190): 	at cdv.run(:com.google.android.gms:1)
E/ctxmgr  ( 1190): 	at cdt.handleMessage(:com.google.android.gms:2)
E/ctxmgr  ( 1190): 	at jca.run(:com.google.android.gms:5)
E/ctxmgr  ( 1190): 	at jck.run(:com.google.android.gms:24)
E/ctxmgr  ( 1190): 	at java.util.concurrent.ThreadPoolExecutor.runWorker(ThreadPoolExecutor.java:1112)
E/ctxmgr  ( 1190): 	at java.util.concurrent.ThreadPoolExecutor$Worker.run(ThreadPoolExecutor.java:587)
E/ctxmgr  ( 1190): 	at jho.run(:com.google.android.gms:0)
E/ctxmgr  ( 1190): 	at java.lang.Thread.run(Thread.java:841)
E/ctxmgr  ( 1190): [SyncServerInterestRecordsOperation]Failed WriteInterestRecord: network status=-1
I/ServiceKeeper(  700): In getseinfo pid = 700 uid = 1000 seinfo= system
D/SSRMv2:SIOP(  700): SIOP:: AP = 370, Delta = 0
D/AT_Distributor(  437): Send Msg [UART > ATD] 1 bytes <>
W/Settings( 1029): Setting data_roaming has moved from android.provider.Settings.Secure to android.provider.Settings.Global.
D/STATUSBAR-NetworkController( 1029): updateRomaingNotification DataRoaming:false mDataRoamingTypeForVZW : 0
D/STATUSBAR-NetworkController( 1029): refreshSignalCluster - setNWBoosterIndicators(false)
D/STATUSBAR-NetworkController( 1029): refreshSignalCluster: data=0 bt=false
D/STATUSBAR-IconMerger( 1029): checkOverflow(240), More:true, Req:true Child:8
E/Sensors (  700): accelHandler -0.132924 -1.095721 9.325008
W/Settings( 1029): Setting data_roaming has moved from android.provider.Settings.Secure to android.provider.Settings.Global.
D/STATUSBAR-NetworkController( 1029): onSignalStrengthsChanged signalStrength=SignalStrength: 99 99 -85 -45 -120 -1 -1 21 -98 -11 102 -1 2147483647 gsm|lte 0x3040 level=3
D/STATUSBAR-NetworkController( 1029): updateRomaingNotification DataRoaming:false mDataRoamingTypeForVZW : 0
E/SMD     (  172): DCD ON
I/ServiceKeeper(  700): In getseinfo pid = 700 uid = 1000 seinfo= system
E/Auth    ( 1268): [GoogleAccountDataServiceImpl] getToken() -> BAD_AUTHENTICATION. Account: <ELLIDED:-1799646171>, App: com.google.android.gms, Service: oauth2:https://www.googleapis.com/auth/contextcontroller
E/Auth    ( 1268): ebt: Long live credential not available.
E/Auth    ( 1268): 	at ebu.b(:com.google.android.gms:0)
E/Auth    ( 1268): 	at ebu.a(:com.google.android.gms:17)
E/Auth    ( 1268): 	at eah.a(:com.google.android.gms:51)
E/Auth    ( 1268): 	at fgf.a(:com.google.android.gms:7)
E/Auth    ( 1268): 	at fgf.a(:com.google.android.gms:3)
E/Auth    ( 1268): 	at ffg.a(:com.google.android.gms:1)
E/Auth    ( 1268): 	at ffe.a(:com.google.android.gms:17)
E/Auth    ( 1268): 	at ffe.a(:com.google.android.gms:5)
E/Auth    ( 1268): 	at bty.a(:com.google.android.gms:192)
E/Auth    ( 1268): 	at bty.a(:com.google.android.gms:67)
E/Auth    ( 1268): 	at bty.onTransact(:com.google.android.gms:29)
E/Auth    ( 1268): 	at android.os.Binder.transact(Binder.java:361)
E/Auth    ( 1268): 	at bvj.onTransact(:com.google.android.gms:2)
E/Auth    ( 1268): 	at android.os.Binder.execTransact(Binder.java:404)
E/Auth    ( 1268): 	at dalvik.system.NativeStart.run(Native Method)
W/Auth    ( 1268): [GetToken] GetToken failed with status code: BadAuthentication
I/Auth    ( 1268): [DefaultAuthDelegateChimeraService] Use browser flow? false
W/Auth    ( 1190): [GoogleAuthUtil] GoogleAuthUtil
W/AuthSessionAuthenticato( 1190): Auth related exception is being ignored: BadAuthentication
E/ctxmgr  ( 1190): [BaseServerTask]Server task (WriteInterestRecordTask) got error statusCode=-1.
E/ctxmgr  ( 1190): com.android.volley.VolleyError: Unable to obtain auth token - is the device online?
E/ctxmgr  ( 1190): 	at cir.a(:com.google.android.gms:66)
E/ctxmgr  ( 1190): 	at cdv.run(:com.google.android.gms:1)
E/ctxmgr  ( 1190): 	at cdt.handleMessage(:com.google.android.gms:2)
E/ctxmgr  ( 1190): 	at jca.run(:com.google.android.gms:5)
E/ctxmgr  ( 1190): 	at jck.run(:com.google.android.gms:24)
E/ctxmgr  ( 1190): 	at java.util.concurrent.ThreadPoolExecutor.runWorker(ThreadPoolExecutor.java:1112)
E/ctxmgr  ( 1190): 	at java.util.concurrent.ThreadPoolExecutor$Worker.run(ThreadPoolExecutor.java:587)
E/ctxmgr  ( 1190): 	at jho.run(:com.google.android.gms:0)
E/ctxmgr  ( 1190): 	at java.lang.Thread.run(Thread.java:841)
E/ctxmgr  ( 1190): [SyncServerInterestRecordsOperation]Failed WriteInterestRecord: network status=-1
I/ServiceKeeper(  700): In getseinfo pid = 700 uid = 1000 seinfo= system
W/Settings( 1029): Setting data_roaming has moved from android.provider.Settings.Secure to android.provider.Settings.Global.
D/STATUSBAR-NetworkController( 1029): updateRomaingNotification DataRoaming:false mDataRoamingTypeForVZW : 0
D/STATUSBAR-NetworkController( 1029): refreshSignalCluster - setNWBoosterIndicators(false)
D/STATUSBAR-NetworkController( 1029): refreshSignalCluster: data=0 bt=false
D/STATUSBAR-IconMerger( 1029): checkOverflow(240), More:true, Req:true Child:8
I/ServiceKeeper(  700): In getseinfo pid = 700 uid = 1000 seinfo= system
E/Auth    ( 1268): [GoogleAccountDataServiceImpl] getToken() -> BAD_AUTHENTICATION. Account: <ELLIDED:-1799646171>, App: com.google.android.gms, Service: oauth2:https://www.googleapis.com/auth/contextcontroller
E/Auth    ( 1268): ebt: Long live credential not available.
E/Auth    ( 1268): 	at ebu.b(:com.google.android.gms:0)
E/Auth    ( 1268): 	at ebu.a(:com.google.android.gms:17)
E/Auth    ( 1268): 	at eah.a(:com.google.android.gms:51)
E/Auth    ( 1268): 	at fgf.a(:com.google.android.gms:7)
E/Auth    ( 1268): 	at fgf.a(:com.google.android.gms:3)
E/Auth    ( 1268): 	at ffg.a(:com.google.android.gms:1)
E/Auth    ( 1268): 	at ffe.a(:com.google.android.gms:17)
E/Auth    ( 1268): 	at ffe.a(:com.google.android.gms:5)
E/Auth    ( 1268): 	at bty.a(:com.google.android.gms:192)
E/Auth    ( 1268): 	at bty.a(:com.google.android.gms:67)
E/Auth    ( 1268): 	at bty.onTransact(:com.google.android.gms:29)
E/Auth    ( 1268): 	at android.os.Binder.transact(Binder.java:361)
E/Auth    ( 1268): 	at bvj.onTransact(:com.google.android.gms:2)
E/Auth    ( 1268): 	at android.os.Binder.execTransact(Binder.java:404)
E/Auth    ( 1268): 	at dalvik.system.NativeStart.run(Native Method)
W/Auth    ( 1268): [GetToken] GetToken failed with status code: BadAuthentication
I/Auth    ( 1268): [DefaultAuthDelegateChimeraService] Use browser flow? false
W/Auth    ( 1190): [GoogleAuthUtil] GoogleAuthUtil
W/AuthSessionAuthenticato( 1190): Auth related exception is being ignored: BadAuthentication
E/ctxmgr  ( 1190): [BaseServerTask]Server task (WriteInterestRecordTask) got error statusCode=-1.
E/ctxmgr  ( 1190): com.android.volley.VolleyError: Unable to obtain auth token - is the device online?
E/ctxmgr  ( 1190): 	at cir.a(:com.google.android.gms:66)
E/ctxmgr  ( 1190): 	at cdv.run(:com.google.android.gms:1)
E/ctxmgr  ( 1190): 	at cdt.handleMessage(:com.google.android.gms:2)
E/ctxmgr  ( 1190): 	at jca.run(:com.google.android.gms:5)
E/ctxmgr  ( 1190): 	at jck.run(:com.google.android.gms:24)
E/ctxmgr  ( 1190): 	at java.util.concurrent.ThreadPoolExecutor.runWorker(ThreadPoolExecutor.java:1112)
E/ctxmgr  ( 1190): 	at java.util.concurrent.ThreadPoolExecutor$Worker.run(ThreadPoolExecutor.java:587)
E/ctxmgr  ( 1190): 	at jho.run(:com.google.android.gms:0)
E/ctxmgr  ( 1190): 	at java.lang.Thread.run(Thread.java:841)
E/ctxmgr  ( 1190): [SyncServerInterestRecordsOperation]Failed WriteInterestRecord: network status=-1
I/ServiceKeeper(  700): In getseinfo pid = 700 uid = 1000 seinfo= system
D/SensorService(  700):   -0.1 -1.1 9.4
E/SMD     (  172): DCD ON
E/Sensors (  700): accelHandler -0.158071 -1.104104 9.346563
W/Settings( 1029): Setting data_roaming has moved from android.provider.Settings.Secure to android.provider.Settings.Global.
D/STATUSBAR-NetworkController( 1029): updateRomaingNotification DataRoaming:false mDataRoamingTypeForVZW : 0
D/STATUSBAR-NetworkController( 1029): refreshSignalCluster - setNWBoosterIndicators(false)
D/STATUSBAR-NetworkController( 1029): refreshSignalCluster: data=0 bt=false
D/STATUSBAR-IconMerger( 1029): checkOverflow(240), More:true, Req:true Child:8
I/ServiceKeeper(  700): In getseinfo pid = 700 uid = 1000 seinfo= system
E/Auth    ( 1268): [GoogleAccountDataServiceImpl] getToken() -> BAD_AUTHENTICATION. Account: <ELLIDED:-1799646171>, App: com.google.android.gms, Service: oauth2:https://www.googleapis.com/auth/contextcontroller
E/Auth    ( 1268): ebt: Long live credential not available.
E/Auth    ( 1268): 	at ebu.b(:com.google.android.gms:0)
E/Auth    ( 1268): 	at ebu.a(:com.google.android.gms:17)
E/Auth    ( 1268): 	at eah.a(:com.google.android.gms:51)
E/Auth    ( 1268): 	at fgf.a(:com.google.android.gms:7)
E/Auth    ( 1268): 	at fgf.a(:com.google.android.gms:3)
E/Auth    ( 1268): 	at ffg.a(:com.google.android.gms:1)
E/Auth    ( 1268): 	at ffe.a(:com.google.android.gms:17)
E/Auth    ( 1268): 	at ffe.a(:com.google.android.gms:5)
E/Auth    ( 1268): 	at bty.a(:com.google.android.gms:192)
E/Auth    ( 1268): 	at bty.a(:com.google.android.gms:67)
E/Auth    ( 1268): 	at bty.onTransact(:com.google.android.gms:29)
E/Auth    ( 1268): 