--------- beginning of /dev/log/system
D/STATUSBAR-NetworkController( 1029): updateRomaingNotification DataRoaming:false mDataRoamingTypeForVZW : 0
D/STATUSBAR-NetworkController( 1029): refreshSignalCluster - setNWBoosterIndicators(false)
D/STATUSBAR-NetworkController( 1029): refreshSignalCluster: data=0 bt=false
D/STATUSBAR-IconMerger( 1029): checkOverflow(240), More:true, Req:true Child:8
D/STATUSBAR-NetworkController( 1029): updateRomaingNotification DataRoaming:false mDataRoamingTypeForVZW : 0
D/STATUSBAR-NetworkController( 1029): refreshSignalCluster - setNWBoosterIndicators(false)
D/STATUSBAR-NetworkController( 1029): refreshSignalCluster: data=0 bt=false
D/STATUSBAR-IconMerger( 1029): checkOverflow(240), More:true, Req:true Child:8
D/SSRMv2:SIOP(  700): SIOP:: AP = 350, Delta = 0
D/STATUSBAR-NetworkController( 1029): updateRomaingNotification DataRoaming:false mDataRoamingTypeForVZW : 0
D/STATUSBAR-NetworkController( 1029): refreshSignalCluster - setNWBoosterIndicators(false)
D/STATUSBAR-NetworkController( 1029): refreshSignalCluster: data=0 bt=false
D/STATUSBAR-IconMerger( 1029): checkOverflow(240), More:true, Req:true Child:8
D/STATUSBAR-NetworkController( 1029): updateRomaingNotification DataRoaming:false mDataRoamingTypeForVZW : 0
D/STATUSBAR-NetworkController( 1029): refreshSignalCluster - setNWBoosterIndicators(false)
D/STATUSBAR-NetworkController( 1029): refreshSignalCluster: data=0 bt=false
D/STATUSBAR-IconMerger( 1029): checkOverflow(240), More:true, Req:true Child:8
D/STATUSBAR-NetworkController( 1029): updateRomaingNotification DataRoaming:false mDataRoamingTypeForVZW : 0
D/STATUSBAR-NetworkController( 1029): refreshSignalCluster - setNWBoosterIndicators(false)
D/STATUSBAR-NetworkController( 1029): refreshSignalCluster: data=0 bt=false
D/STATUSBAR-IconMerger( 1029): checkOverflow(240), More:true, Req:true Child:8
V/AlarmManager(  700): waitForAlarm result :8
D/KeyguardClockWidgetService( 1452): onReceive action=android.intent.action.TIME_TICK
V/AlarmManager(  700): ClockReceiver onReceive() ACTION_TIME_TICK
D/STATUSBAR-IconMerger( 1029): checkOverflow(240), More:true, Req:true Child:8
D/STATUSBAR-NetworkController( 1029): updateRomaingNotification DataRoaming:false mDataRoamingTypeForVZW : 0
D/STATUSBAR-NetworkController( 1029): refreshSignalCluster - setNWBoosterIndicators(false)
D/STATUSBAR-NetworkController( 1029): refreshSignalCluster: data=0 bt=false
D/STATUSBAR-IconMerger( 1029): checkOverflow(240), More:true, Req:true Child:8
D/STATUSBAR-NetworkController( 1029): updateRomaingNotification DataRoaming:false mDataRoamingTypeForVZW : 0
D/STATUSBAR-NetworkController( 1029): refreshSignalCluster - setNWBoosterIndicators(false)
D/STATUSBAR-NetworkController( 1029): refreshSignalCluster: data=0 bt=false
D/STATUSBAR-IconMerger( 1029): checkOverflow(240), More:true, Req:true Child:8
D/STATUSBAR-NetworkController( 1029): updateRomaingNotification DataRoaming:false mDataRoamingTypeForVZW : 0
D/STATUSBAR-NetworkController( 1029): refreshSignalCluster - setNWBoosterIndicators(false)
D/STATUSBAR-NetworkController( 1029): refreshSignalCluster: data=0 bt=false
D/STATUSBAR-IconMerger( 1029): checkOverflow(240), More:true, Req:true Child:8
D/TimaService(  700): TIMA: TimaService scheduler is intialized. 
D/TimaService(  700): TIMA: checkEvent, operation: 50000 subject: 10000
D/TimaService(  700): TimaServiceHandler.handleMessage what =1
D/BatteryService(  700): level:89, scale:100, status:2, health:2, present:true, voltage: 4268, temperature: 315, technology: Li-ion, AC powered:false, USB powered:true, Wireless powered:false, icon:17303549, invalid charger:0, online:4, current avg:-1, charge type:0, power sharing:false
D/BatteryService(  700): Sending ACTION_BATTERY_CHANGED.
D/STATUSBAR-PhoneStatusBar( 1029):  mBrightnessEnablebySettings = true mBrightnessEnablebyBattery = true mBrightnessEnablebyDisableFlag = true mPmsBrightnessEnablebySettings = true
D/BatteryMeterView( 1029): ACTION_BATTERY_CHANGED : level:89 status:2 health:2
D/STATUSBAR-IconMerger( 1029): checkOverflow(240), More:true, Req:true Child:8
D/SSRMv2:SIOP(  700): SIOP:: AP = 350, Delta = 0
E/Watchdog(  700): !@Sync 15013
D/TimaService(  700): TIMA MEASUREMENT Result: TIMA_STATUS=0;MSG=Kernel Verification Success;
D/TimaService(  700): TIMA MEASUREMENT success status: TIMA_STATUS=0;MSG=Kernel Verification Success;
D/STATUSBAR-NetworkController( 1029): updateRomaingNotification DataRoaming:false mDataRoamingTypeForVZW : 0
D/STATUSBAR-NetworkController( 1029): refreshSignalCluster - setNWBoosterIndicators(false)
D/STATUSBAR-NetworkController( 1029): refreshSignalCluster: data=0 bt=false
D/STATUSBAR-IconMerger( 1029): checkOverflow(240), More:true, Req:true Child:8
D/STATUSBAR-NetworkController( 1029): onSignalStrengthsChanged signalStrength=SignalStrength: 99 99 -88 -40 -120 -1 -1 20 -98 -8 108 -1 2147483647 gsm|lte 0x3030 level=3
D/STATUSBAR-NetworkController( 1029): updateRomaingNotification DataRoaming:false mDataRoamingTypeForVZW : 0
D/STATUSBAR-NetworkController( 1029): updateRomaingNotification DataRoaming:false mDataRoamingTypeForVZW : 0
D/STATUSBAR-NetworkController( 1029): refreshSignalCluster - setNWBoosterIndicators(false)
D/STATUSBAR-NetworkController( 1029): refreshSignalCluster: data=0 bt=false
D/STATUSBAR-IconMerger( 1029): checkOverflow(240), More:true, Req:true Child:8
D/STATUSBAR-NetworkController( 1029): updateRomaingNotification DataRoaming:false mDataRoamingTypeForVZW : 0
D/STATUSBAR-NetworkController( 1029): refreshSignalCluster - setNWBoosterIndicators(false)
D/STATUSBAR-NetworkController( 1029): refreshSignalCluster: data=0 bt=false
D/STATUSBAR-IconMerger( 1029): checkOverflow(240), More:true, Req:true Child:8
D/STATUSBAR-NetworkController( 1029): updateRomaingNotification DataRoaming:false mDataRoamingTypeForVZW : 0
D/STATUSBAR-NetworkController( 1029): refreshSignalCluster - setNWBoosterIndicators(false)
D/STATUSBAR-NetworkController( 1029): refreshSignalCluster: data=0 bt=false
D/STATUSBAR-IconMerger( 1029): checkOverflow(240), More:true, Req:true Child:8
D/STATUSBAR-NetworkController( 1029): updateRomaingNotification DataRoaming:false mDataRoamingTypeForVZW : 0
D/STATUSBAR-NetworkController( 1029): refreshSignalCluster - setNWBoosterIndicators(false)
D/STATUSBAR-NetworkController( 1029): refreshSignalCluster: data=0 bt=false
D/STATUSBAR-IconMerger( 1029): checkOverflow(240), More:true, Req:true Child:8
D/STATUSBAR-NetworkController( 1029): updateRomaingNotification DataRoaming:false mDataRoamingTypeForVZW : 0
D/STATUSBAR-NetworkController( 1029): refreshSignalCluster - setNWBoosterIndicators(false)
D/STATUSBAR-NetworkController( 1029): refreshSignalCluster: data=0 bt=false
D/SSRMv2:SIOP(  700): SIOP:: AP = 350, Delta = 0
D/STATUSBAR-IconMerger( 1029): checkOverflow(240), More:true, Req:true Child:8
D/STATUSBAR-NetworkController( 1029): updateRomaingNotification DataRoaming:false mDataRoamingTypeForVZW : 0
D/STATUSBAR-NetworkController( 1029): refreshSignalCluster - setNWBoosterIndicators(false)
D/STATUSBAR-NetworkController( 1029): refreshSignalCluster: data=0 bt=false
D/STATUSBAR-IconMerger( 1029): checkOverflow(240), More:true, Req:true Child:8
D/STATUSBAR-NetworkController( 1029): updateRomaingNotification DataRoaming:false mDataRoamingTypeForVZW : 0
D/STATUSBAR-NetworkController( 1029): refreshSignalCluster - setNWBoosterIndicators(false)
D/STATUSBAR-NetworkController( 1029): refreshSignalCluster: data=0 bt=false
D/STATUSBAR-IconMerger( 1029): checkOverflow(240), More:true, Req:true Child:8
D/STATUSBAR-NetworkController( 1029): updateRomaingNotification DataRoaming:false mDataRoamingTypeForVZW : 0
D/STATUSBAR-NetworkController( 1029): refreshSignalCluster - setNWBoosterIndicators(false)
D/STATUSBAR-NetworkController( 1029): refreshSignalCluster: data=0 bt=false
D/STATUSBAR-IconMerger( 1029): checkOverflow(240), More:true, Req:true Child:8
D/DisplayPowerController(  700): applyLightSensorMeasurementSEC : mIsLockZone = true
D/STATUSBAR-NetworkController( 1029): updateRomaingNotification DataRoaming:false mDataRoamingTypeForVZW : 0
D/STATUSBAR-NetworkController( 1029): refreshSignalCluster - setNWBoosterIndicators(false)
D/STATUSBAR-NetworkController( 1029): refreshSignalCluster: data=0 bt=false
D/STATUSBAR-IconMerger( 1029): checkOverflow(240), More:true, Req:true Child:8
D/STATUSBAR-NetworkController( 1029): onSignalStrengthsChanged signalStrength=SignalStrength: 99 99 -88 -40 -120 -1 -1 19 -98 -10 108 -1 2147483647 gsm|lte 0x3030 level=3
D/STATUSBAR-NetworkController( 1029): updateRomaingNotification DataRoaming:false mDataRoamingTypeForVZW : 0
D/STATUSBAR-NetworkController( 1029): updateRomaingNotification DataRoaming:false mDataRoamingTypeForVZW : 0
D/STATUSBAR-NetworkController( 1029): refreshSignalCluster - setNWBoosterIndicators(false)
D/STATUSBAR-NetworkController( 1029): refreshSignalCluster: data=0 bt=false
D/STATUSBAR-IconMerger( 1029): checkOverflow(240), More:true, Req:true Child:8
D/SSRMv2:SIOP(  700): SIOP:: AP = 350, Delta = 0
D/STATUSBAR-NetworkController( 1029): onSignalStrengthsChanged signalStrength=SignalStrength: 99 99 -88 -40 -120 -1 -1 19 -100 -9 96 -1 2147483647 gsm|lte 0x3030 level=3
D/STATUSBAR-NetworkController( 1029): updateRomaingNotification DataRoaming:false mDataRoamingTypeForVZW : 0
D/STATUSBAR-NetworkController( 1029): updateRomaingNotification DataRoaming:false mDataRoamingTypeForVZW : 0
D/STATUSBAR-NetworkController( 1029): refreshSignalCluster - setNWBoosterIndicators(false)
D/STATUSBAR-NetworkController( 1029): refreshSignalCluster: data=0 bt=false
D/STATUSBAR-IconMerger( 1029): checkOverflow(240), More:true, Req:true Child:8
D/STATUSBAR-NetworkController( 1029): updateRomaingNotification DataRoaming:false mDataRoamingTypeForVZW : 0
D/STATUSBAR-NetworkController( 1029): refreshSignalCluster - setNWBoosterIndicators(false)
D/STATUSBAR-NetworkController( 1029): refreshSignalCluster: data=0 bt=false
D/STATUSBAR-IconMerger( 1029): checkOverflow(240), More:true, Req:true Child:8
D/STATUSBAR-NetworkController( 1029): updateRomaingNotification DataRoaming:false mDataRoamingTypeForVZW : 0
D/STATUSBAR-NetworkController( 1029): refreshSignalCluster - setNWBoosterIndicators(false)
D/STATUSBAR-NetworkController( 1029): refreshSignalCluster: data=0 bt=false
D/STATUSBAR-IconMerger( 1029): checkOverflow(240), More:true, Req:true Child:8
D/STATUSBAR-NetworkController( 1029): onSignalStrengthsChanged signalStrength=SignalStrength: 99 99 -88 -40 -120 -1 -1 20 -100 -12 84 -1 2147483647 gsm|lte 0x3030 level=3
D/STATUSBAR-NetworkController( 1029): updateRomaingNotification DataRoaming:false mDataRoamingTypeForVZW : 0
D/STATUSBAR-NetworkController( 1029): onSignalStrengthsChanged signalStrength=SignalStrength: 99 99 -88 -40 -120 -1 -1 19 -102 -11 84 -1 2147483647 gsm|lte 0x3030 level=3
D/STATUSBAR-NetworkController( 1029): updateRomaingNotification DataRoaming:false mDataRoamingTypeForVZW : 0
D/STATUSBAR-NetworkController( 1029): onSignalStrengthsChanged signalStrength=SignalStrength: 99 99 -89 -70 -120 -1 -1 19 -102 -11 84 -1 2147483647 gsm|lte 0x3020 level=3
D/STATUSBAR-NetworkController( 1029): updateRomaingNotification DataRoaming:false mDataRoamingTypeForVZW : 0
D/PowerManagerService(  700): [api] userActivityFromNative : 50 (event: 2 flags: 0)
V/AlarmManager(  700): waitForAlarm result :8
D/STATUSBAR-NetworkController( 1029): onSignalStrengthsChanged signalStrength=SignalStrength: 99 99 -89 -70 -120 -1 -1 18 -102 -9 84 -1 2147483647 gsm|lte 0x3020 level=3
D/STATUSBAR-NetworkController( 1029): updateRomaingNotification DataRoaming:false mDataRoamingTypeForVZW : 0
D/STATUSBAR-NetworkController( 1029): updateRomaingNotification DataRoaming:false mDataRoamingTypeForVZW : 0
D/STATUSBAR-NetworkController( 1029): refreshSignalCluster - setNWBoosterIndicators(false)
D/STATUSBAR-NetworkController( 1029): refreshSignalCluster: data=0 bt=false
D/STATUSBAR-IconMerger( 1029): checkOverflow(240), More:true, Req:true Child:8
D/SSRMv2:SIOP(  700): SIOP:: AP = 350, Delta = 0
D/STATUSBAR-NetworkController( 1029): updateRomaingNotification DataRoaming:false mDataRoamingTypeForVZW : 0
D/STATUSBAR-NetworkController( 1029): refreshSignalCluster - setNWBoosterIndicators(false)
D/STATUSBAR-NetworkController( 1029): refreshSignalCluster: data=0 bt=false
D/STATUSBAR-IconMerger( 1029): checkOverflow(240), More:true, Req:true Child:8
E/Watchdog(  700): !@Sync 15014
D/STATUSBAR-NetworkController( 1029): onSignalStrengthsChanged signalStrength=SignalStrength: 99 99 -89 -70 -120 -1 -1 20 -102 -12 84 -1 2147483647 gsm|lte 0x3020 level=3
D/STATUSBAR-NetworkController( 1029): updateRomaingNotification DataRoaming:false mDataRoamingTypeForVZW : 0
D/BatteryService(  700): level:89, scale:100, status:2, health:2, present:true, voltage: 4261, temperature: 313, technology: Li-ion, AC powered:false, USB powered:true, Wireless powered:false, icon:17303549, invalid charger:0, online:4, current avg:-1, charge type:0, power sharing:false
D/BatteryService(  700): Sending ACTION_BATTERY_CHANGED.
D/STATUSBAR-PhoneStatusBar( 1029):  mBrightnessEnablebySettings = true mBrightnessEnablebyBattery = true mBrightnessEnablebyDisableFlag = true mPmsBrightnessEnablebySettings = true
D/BatteryMeterView( 1029): ACTION_BATTERY_CHANGED : level:89 status:2 health:2
D/STATUSBAR-IconMerger( 1029): checkOverflow(240), More:true, Req:true Child:8
D/STATUSBAR-NetworkController( 1029): onSignalStrengthsChanged signalStrength=SignalStrength: 99 99 -89 -70 -120 -1 -1 19 -102 -9 84 -1 2147483647 gsm|lte 0x3020 level=3
D/STATUSBAR-NetworkController( 1029): updateRomaingNotification DataRoaming:false mDataRoamingTypeForVZW : 0
D/DisplayPowerController(  700): applyLightSensorMeasurementSEC : mIsLockZone = false
D/STATUSBAR-NetworkController( 1029): onSignalStrengthsChanged signalStrength=SignalStrength: 99 99 -89 -70 -120 -1 -1 21 -102 -11 84 -1 2147483647 gsm|lte 0x3020 level=3
D/STATUSBAR-NetworkController( 1029): updateRomaingNotification DataRoaming:false mDataRoamingTypeForVZW : 0
D/STATUSBAR-NetworkController( 1029): updateRomaingNotification DataRoaming:false mDataRoamingTypeForVZW : 0
D/STATUSBAR-NetworkController( 1029): refreshSignalCluster - setNWBoosterIndicators(false)
D/STATUSBAR-NetworkController( 1029): refreshSignalCluster: data=0 bt=false
D/STATUSBAR-IconMerger( 1029): checkOverflow(240), More:true, Req:true Child:8
D/STATUSBAR-NetworkController( 1029): updateRomaingNotification DataRoaming:false mDataRoamingTypeForVZW : 0
D/STATUSBAR-NetworkController( 1029): refreshSignalCluster - setNWBoosterIndicators(false)
D/STATUSBAR-NetworkController( 1029): refreshSignalCluster: data=0 bt=false
D/STATUSBAR-IconMerger( 1029): checkOverflow(240), More:true, Req:true Child:8
D/STATUSBAR-NetworkController( 1029): onSignalStrengthsChanged signalStrength=SignalStrength: 99 99 -89 -70 -120 -1 -1 19 -100 -8 84 -1 2147483647 gsm|lte 0x3020 level=3
D/STATUSBAR-NetworkController( 1029): updateRomaingNotification DataRoaming:false mDataRoamingTypeForVZW : 0
D/STATUSBAR-NetworkController( 1029): onSignalStrengthsChanged signalStrength=SignalStrength: 99 99 -85 -40 -120 -1 -1 19 -100 -8 94 -1 2147483647 gsm|lte 0x3040 level=3
D/STATUSBAR-NetworkController( 1029): updateRomaingNotification DataRoaming:false mDataRoamingTypeForVZW : 0
D/STATUSBAR-NetworkController( 1029): onSignalStrengthsChanged signalStrength=SignalStrength: 99 99 -85 -40 -120 -1 -1 19 -100 -8 94 -1 2147483647 gsm|lte 0x3040 level=3
D/STATUSBAR-NetworkController( 1029): updateRomaingNotification DataRoaming:false mDataRoamingTypeForVZW : 0
D/STATUSBAR-NetworkController( 1029): onSignalStrengthsChanged signalStrength=SignalStrength: 99 99 -85 -40 -120 -1 -1 20 -100 -11 94 -1 2147483647 gsm|lte 0x3040 level=3
D/STATUSBAR-NetworkController( 1029): updateRomaingNotification DataRoaming:false mDataRoamingTypeForVZW : 0
D/SSRMv2:SIOP(  700): SIOP:: AP = 350, Delta = 0
D/STATUSBAR-NetworkController( 1029): updateRomaingNotification DataRoaming:false mDataRoamingTypeForVZW : 0
D/STATUSBAR-NetworkController( 1029): refreshSignalCluster - setNWBoosterIndicators(false)
D/STATUSBAR-NetworkController( 1029): refreshSignalCluster: data=0 bt=false
D/STATUSBAR-IconMerger( 1029): checkOverflow(240), More:true, Req:true Child:8
D/STATUSBAR-NetworkController( 1029): updateRomaingNotification DataRoaming:false mDataRoamingTypeForVZW : 0
D/STATUSBAR-NetworkController( 1029): refreshSignalCluster - setNWBoosterIndicators(false)
D/STATUSBAR-NetworkController( 1029): refreshSignalCluster: data=0 bt=false
D/STATUSBAR-IconMerger( 1029): checkOverflow(240), More:true, Req:true Child:8
D/STATUSBAR-NetworkController( 1029): onSignalStrengthsChanged signalStrength=SignalStrength: 99 99 -85 -40 -120 -1 -1 20 -100 -11 104 -1 2147483647 gsm|lte 0x3040 level=3
D/STATUSBAR-NetworkController( 1029): updateRomaingNotification DataRoaming:false mDataRoamingTypeForVZW : 0
D/STATUSBAR-NetworkController( 1029): updateRomaingNotification DataRoaming:false mDataRoamingTypeForVZW : 0
D/STATUSBAR-NetworkController( 1029): refreshSignalCluster - setNWBoosterIndicators(false)
D/STATUSBAR-NetworkController( 1029): refreshSignalCluster: data=0 bt=false
D/STATUSBAR-IconMerger( 1029): checkOverflow(240), More:true, Req:true Child:8
D/STATUSBAR-NetworkController( 1029): updateRomaingNotification DataRoaming:false mDataRoamingTypeForVZW : 0
D/STATUSBAR-NetworkController( 1029): refreshSignalCluster - setNWBoosterIndicators(false)
D/STATUSBAR-NetworkController( 1029): refreshSignalCluster: data=0 bt=false
D/STATUSBAR-IconMerger( 1029): checkOverflow(240), More:true, Req:true Child:8
D/STATUSBAR-NetworkController( 1029): updateRomaingNotification DataRoaming:false mDataRoamingTypeForVZW : 0
D/STATUSBAR-NetworkController( 1029): refreshSignalCluster - setNWBoosterIndicators(false)
D/STATUSBAR-NetworkController( 1029): refreshSignalCluster: data=0 bt=false
D/STATUSBAR-IconMerger( 1029): checkOverflow(240), More:true, Req:true Child:8
D/SSRMv2:SIOP(  700): SIOP:: AP = 350, Delta = 0
D/STATUSBAR-NetworkController( 1029): updateRomaingNotification DataRoaming:false mDataRoamingTypeForVZW : 0
D/STATUSBAR-NetworkController( 1029): refreshSignalCluster - setNWBoosterIndicators(false)
D/STATUSBAR-NetworkController( 1029): refreshSignalCluster: data=0 bt=false
D/STATUSBAR-IconMerger( 1029): checkOverflow(240), More:true, Req:true Child:8
D/STATUSBAR-NetworkController( 1029): updateRomaingNotification DataRoaming:false mDataRoamingTypeForVZW : 0
D/STATUSBAR-NetworkController( 1029): refreshSignalCluster - setNWBoosterIndicators(false)
D/STATUSBAR-NetworkController( 1029): refreshSignalCluster: data=0 bt=false
D/STATUSBAR-IconMerger( 1029): checkOverflow(240), More:true, Req:true Child:8
D/STATUSBAR-NetworkController( 1029): onSignalStrengthsChanged signalStrength=SignalStrength: 99 99 -85 -40 -120 -1 -1 20 -100 -11 104 -1 2147483647 gsm|lte 0x3040 level=3
D/STATUSBAR-NetworkController( 1029): updateRomaingNotification DataRoaming:false mDataRoamingTypeForVZW : 0
D/STATUSBAR-NetworkController( 1029): updateRomaingNotification DataRoaming:false mDataRoamingTypeForVZW : 0
D/STATUSBAR-NetworkController( 1029): refreshSignalCluster - setNWBoosterIndicators(false)
D/STATUSBAR-NetworkController( 1029): refreshSignalCluster: data=0 bt=false
D/STATUSBAR-IconMerger( 1029): checkOverflow(240), More:true, Req:true Child:8
V/AlarmManager(  700): waitForAlarm result :8
D/KeyguardClockWidgetService( 1452): onReceive action=android.intent.action.TIME_TICK
V/AlarmManager(  700): ClockReceiver onReceive() ACTION_TIME_TICK
D/STATUSBAR-IconMerger( 1029): checkOverflow(240), More:true, Req:true Child:8
D/STATUSBAR-NetworkController( 1029): updateRomaingNotification DataRoaming:false mDataRoamingTypeForVZW : 0
D/STATUSBAR-NetworkController( 1029): refreshSignalCluster - setNWBoosterIndicators(false)
D/STATUSBAR-NetworkController( 1029): refreshSignalCluster: data=0 bt=false
D/STATUSBAR-IconMerger( 1029): checkOverflow(240), More:true, Req:true Child:8
D/STATUSBAR-NetworkController( 1029): updateRomaingNotification DataRoaming:false mDataRoamingTypeForVZW : 0
D/STATUSBAR-NetworkController( 1029): refreshSignalCluster - setNWBoosterIndicators(false)
D/STATUSBAR-NetworkController( 1029): refreshSignalCluster: data=0 bt=false
D/STATUSBAR-IconMerger( 1029): checkOverflow(240), More:true, Req:true Child:8
D/STATUSBAR-NetworkController( 1029): onSignalStrengthsChanged signalStrength=SignalStrength: 99 99 -85 -40 -120 -1 -1 19 -100 -8 104 -1 2147483647 gsm|lte 0x3040 level=3
D/STATUSBAR-NetworkController( 1029): updateRomaingNotification DataRoaming:false mDataRoamingTypeForVZW : 0
D/SSRMv2:SIOP(  700): SIOP:: AP = 350, Delta = 0
E/Watchdog(  700): !@Sync 15015
D/BatteryService(  700): level:89, scale:100, status:2, health:2, present:true, voltage: 4285, temperature: 318, technology: Li-ion, AC powered:false, USB powered:true, Wireless powered:false, icon:17303549, invalid charger:0, online:4, current avg:-1, charge type:0, power sharing:false
D/BatteryService(  700): Sending ACTION_BATTERY_CHANGED.
D/STATUSBAR-PhoneStatusBar( 1029):  mBrightnessEnablebySettings = true mBrightnessEnablebyBattery = true mBrightnessEnablebyDisableFlag = true mPmsBrightnessEnablebySettings = true
D/BatteryMeterView( 1029): ACTION_BATTERY_CHANGED : level:89 status:2 health:2
D/STATUSBAR-IconMerger( 1029): checkOverflow(240), More:true, Req:true Child:8
D/STATUSBAR-NetworkController( 1029): onSignalStrengthsChanged signalStrength=SignalStrength: 99 99 -85 -40 -120 -1 -1 21 -100 -11 104 -1 2147483647 gsm|lte 0x3040 level=3
D/STATUSBAR-NetworkController( 1029): updateRomaingNotification DataRoaming:false mDataRoamingTypeForVZW : 0
D/STATUSBAR-NetworkController( 1029): updateRomaingNotification DataRoaming:false mDataRoamingTypeForVZW : 0
D/STATUSBAR-NetworkController( 1029): refreshSignalCluster - setNWBoosterIndicators(false)
D/STATUSBAR-NetworkController( 1029): refreshSignalCluster: data=0 bt=false
D/STATUSBAR-IconMerger( 1029): checkOverflow(240), More:true, Req:true Child:8
D/STATUSBAR-NetworkController( 1029): updateRomaingNotification DataRoaming:false mDataRoamingTypeForVZW : 0
D/STATUSBAR-NetworkController( 1029): refreshSignalCluster - setNWBoosterIndicators(false)
D/STATUSBAR-NetworkController( 1029): refreshSignalCluster: data=0 bt=false
D/STATUSBAR-IconMerger( 1029): checkOverflow(240), More:true, Req:true Child:8
D/DisplayPowerController(  700): applyLightSensorMeasurementSEC : mIsLockZone = true
D/STATUSBAR-PhoneStatusBar( 1029): makeExpandedVisible
D/STATUSBAR-QuickSettingPanel( 1029): setSingleLine:true
D/STATUSBAR-QuickSettingPanel( 1029): updateButtonInfo mButtonWidth : 142 mColumnNumber:5 orien: 1
D/STATUSBAR-PhoneStatusBar( 1029): Mini Controller text scroll : ON
D/VibratorService(  700): ImmVibe vibratorOff()
D/LightsService(  700): [api] [SvcLED] turnOff:: id = 4 (uid: 10066 pid: 1029) 
D/LightsService(  700): [SvcLED] setSvcLedStateLocked:: SvcLEDState : 0x0 -> 0x0 | SvcLED(id=4) set Off
D/LightsService(  700): [SvcLED] Lux failed to be updated in 700ms. -> handleForcedSvcLEDTasK
D/LightsService(  700): [SvcLED]  setSvcLedLightLocked :: Current SvcLED(id=4) maintains its priority right
D/BarController.StatusBar(  700): Not showing transient bar, bar already visible
D/BarController.NavigationBar(  700): Not showing transient bar, bar doesn't exist
D/STATUSBAR-StatusBarManagerService(  700): manageDisableList what=0x0 pkg=WindowManager.LayoutParams
D/SSRMv2:TSP:AirViewOnOff(  700): DeviceInfo:: 00100000000
D/SSRMv2:TSP:AirViewOnOff(  700): SettingsAirViewInfo:: 000000000
D/PhoneStatusBarView( 1029): onPanelFullyOpened in EXPAND_NOTI_ACTION
D/STATUSBAR-IconMerger( 1029): checkOverflow(288), More:true, Req:true Child:8
D/STATUSBAR-NetworkController( 1029): updateRomaingNotification DataRoaming:false mDataRoamingTypeForVZW : 0
D/STATUSBAR-NetworkController( 1029): refreshSignalCluster - setNWBoosterIndicators(false)
D/STATUSBAR-NetworkController( 1029): refreshSignalCluster: data=0 bt=false
D/STATUSBAR-IconMerger( 1029): checkOverflow(288), More:true, Req:true Child:8
D/STATUSBAR-NetworkController( 1029): onSignalStrengthsChanged signalStrength=SignalStrength: 99 99 -85 -40 -120 -1 -1 19 -100 -9 104 -1 2147483647 gsm|lte 0x3040 level=3
D/STATUSBAR-NetworkController( 1029): updateRomaingNotification DataRoaming:false mDataRoamingTypeForVZW : 0
W/Vold    (  152): Returning OperationFailed - no handler for errno 30
D/STATUSBAR-NetworkController( 1029): updateRomaingNotification DataRoaming:false mDataRoamingTypeForVZW : 0
D/STATUSBAR-NetworkController( 1029): refreshSignalCluster - setNWBoosterIndicators(false)
D/STATUSBAR-NetworkController( 1029): refreshSignalCluster: data=0 bt=false
D/STATUSBAR-IconMerger( 1029): checkOverflow(288), More:true, Req:true Child:8
D/WifiDisplayAdapter(  700): getWifiDisplayStatusLocked: result=WifiDisplayStatus{featureState=2, scanState=0, activeDisplayState=0, activeDisplay=null, displays=[], sessionInfo=WifiDisplaySessionInfo: Client/Owner: Client GroupId:  Passphrase:  SessionId: 0 IP Address: , connectedState=-1, networkQoS=0}
D/STATUSBAR-IconMerger( 1029): checkOverflow(240), More:true, Req:true Child:8
D/STATUSBAR-IconMerger( 1029): checkOverflow(288), More:true, Req:true Child:8
D/STATUSBAR-NetworkController( 1029): onSignalStrengthsChanged signalStrength=SignalStrength: 99 99 -85 -40 -120 -1 -1 20 -100 -12 104 -1 2147483647 gsm|lte 0x3040 level=3
D/STATUSBAR-NetworkController( 1029): updateRomaingNotification DataRoaming:false mDataRoamingTypeForVZW : 0
D/SSRMv2:SIOP(  700): SIOP:: AP = 350, Delta = 0
D/STATUSBAR-NetworkController( 1029): updateRomaingNotification DataRoaming:false mDataRoamingTypeForVZW : 0
D/STATUSBAR-NetworkController( 1029): refreshSignalCluster - setNWBoosterIndicators(false)
D/STATUSBAR-NetworkController( 1029): refreshSignalCluster: data=0 bt=false
D/STATUSBAR-IconMerger( 1029): checkOverflow(288), More:true, Req:true Child:8
D/STATUSBAR-NetworkController( 1029): onSignalStrengthsChanged signalStrength=SignalStrength: 99 99 -85 -40 -120 -1 -1 19 -100 -9 104 -1 2147483647 gsm|lte 0x3040 level=3
D/STATUSBAR-NetworkController( 1029): updateRomaingNotification DataRoaming:false mDataRoamingTypeForVZW : 0
D/STATUSBAR-NetworkController( 1029): onSignalStrengthsChanged signalStrength=SignalStrength: 99 99 -85 -40 -120 -1 -1 18 -100 -8 104 -1 2147483647 gsm|lte 0x3040 level=3
D/STATUSBAR-NetworkController( 1029): updateRomaingNotification DataRoaming:false mDataRoamingTypeForVZW : 0
D/DisplayPowerController(  700): applyLightSensorMeasurementSEC : mIsLockZone = false
D/STATUSBAR-NetworkController( 1029): updateRomaingNotification DataRoaming:false mDataRoamingTypeForVZW : 0
D/STATUSBAR-NetworkController( 1029): refreshSignalCluster - setNWBoosterIndicators(false)
D/STATUSBAR-NetworkController( 1029): refreshSignalCluster: data=0 bt=false
D/STATUSBAR-IconMerger( 1029): checkOverflow(288), More:true, Req:true Child:8
D/STATUSBAR-NetworkController( 1029): onSignalStrengthsChanged signalStrength=SignalStrength: 99 99 -88 -75 -120 -1 -1 18 -100 -8 104 -1 2147483647 gsm|lte 0x3020 level=3
D/STATUSBAR-NetworkController( 1029): updateRomaingNotification DataRoaming:false mDataRoamingTypeForVZW : 0
D/STATUSBAR-NetworkController( 1029): updateRomaingNotification DataRoaming:false mDataRoamingTypeForVZW : 0
D/STATUSBAR-NetworkController( 1029): refreshSignalCluster - setNWBoosterIndicators(false)
D/STATUSBAR-NetworkController( 1029): refreshSignalCluster: data=0 bt=false
D/STATUSBAR-IconMerger( 1029): checkOverflow(288), More:true, Req:true Child:8
D/STATUSBAR-NetworkController( 1029): onSignalStrengthsChanged signalStrength=SignalStrength: 99 99 -88 -75 -120 -1 -1 21 -100 -10 104 -1 2147483647 gsm|lte 0x3020 level=3
D/STATUSBAR-NetworkController( 1029): updateRomaingNotification DataRoaming:false mDataRoamingTypeForVZW : 0
D/STATUSBAR-NetworkController( 1029): updateRomaingNotification DataRoaming:false mDataRoamingTypeForVZW : 0
D/STATUSBAR-NetworkController( 1029): refreshSignalCluster - setNWBoosterIndicators(false)
D/STATUSBAR-NetworkController( 1029): refreshSignalCluster: data=0 bt=false
D/STATUSBAR-IconMerger( 1029): checkOverflow(288), More:true, Req:true Child:8
D/STATUSBAR-NetworkController( 1029): onSignalStrengthsChanged signalStrength=SignalStrength: 99 99 -88 -75 -120 -1 -1 19 -100 -7 114 -1 2147483647 gsm|lte 0x3020 level=3
D/STATUSBAR-NetworkController( 1029): updateRomaingNotification DataRoaming:false mDataRoamingTypeForVZW : 0
D/STATUSBAR-NetworkController( 1029): updateRomaingNotification DataRoaming:false mDataRoamingTypeForVZW : 0
D/STATUSBAR-NetworkController( 1029): refreshSignalCluster - setNWBoosterIndicators(false)
D/STATUSBAR-NetworkController( 1029): refreshSignalCluster: data=0 bt=false
D/STATUSBAR-IconMerger( 1029): checkOverflow(288), More:true, Req:true Child:8
D/STATUSBAR-NetworkController( 1029): onSignalStrengthsChanged signalStrength=SignalStrength: 99 99 -86 -45 -120 -1 -1 19 -100 -7 114 -1 2147483647 gsm|lte 0x3030 level=3
D/STATUSBAR-NetworkController( 1029): updateRomaingNotification DataRoaming:false mDataRoamingTypeForVZW : 0
D/STATUSBAR-NetworkController( 1029): updateRomaingNotification DataRoaming:false mDataRoamingTypeForVZW : 0
D/STATUSBAR-NetworkController( 1029): refreshSignalCluster - setNWBoosterIndicators(false)
D/STATUSBAR-NetworkController( 1029): refreshSignalCluster: data=0 bt=false
D/STATUSBAR-IconMerger( 1029): checkOverflow(288), More:true, Req:true Child:8
D/STATUSBAR-NetworkController( 1029): updateRomaingNotification DataRoaming:false mDataRoamingTypeForVZW : 0
D/STATUSBAR-NetworkController( 1029): refreshSignalCluster - setNWBoosterIndicators(false)
D/STATUSBAR-NetworkController( 1029): refreshSignalCluster: data=0 bt=false
D/STATUSBAR-IconMerger( 1029): checkOverflow(288), More:true, Req:true Child:8
D/SSRMv2:SIOP(  700): SIOP:: AP = 350, Delta = 0
D/STATUSBAR-NetworkController( 1029): updateRomaingNotification DataRoaming:false mDataRoamingTypeForVZW : 0
D/STATUSBAR-NetworkController( 1029): refreshSignalCluster - setNWBoosterIndicators(false)
D/STATUSBAR-NetworkController( 1029): refreshSignalCluster: data=0 bt=false
D/STATUSBAR-IconMerger( 1029): checkOverflow(288), More:true, Req:true Child:8
D/STATUSBAR-NetworkController( 1029): updateRomaingNotification DataRoaming:false mDataRoamingTypeForVZW : 0
D/STATUSBAR-NetworkController( 1029): refreshSignalCluster - setNWBoosterIndicators(false)
D/STATUSBAR-NetworkController( 1029): refreshSignalCluster: data=0 bt=false
D/STATUSBAR-IconMerger( 1029): checkOverflow(288), More:true, Req:true Child:8
D/STATUSBAR-NetworkController( 1029): onSignalStrengthsChanged signalStrength=SignalStrength: 99 99 -86 -45 -120 -1 -1 21 -100 -11 114 -1 2147483647 gsm|lte 0x3030 level=3
D/STATUSBAR-NetworkController( 1029): updateRomaingNotification DataRoaming:false mDataRoamingTypeForVZW : 0
D/STATUSBAR-NetworkController( 1029): updateRomaingNotification DataRoaming:false mDataRoamingTypeForVZW : 0
D/STATUSBAR-NetworkController( 1029): refreshSignalCluster - setNWBoosterIndicators(false)
D/STATUSBAR-NetworkController( 1029): refreshSignalCluster: data=0 bt=false
D/STATUSBAR-IconMerger( 1029): checkOverflow(288), More:true, Req:true Child:8
D/STATUSBAR-NetworkController( 1029): onSignalStrengthsChanged signalStrength=SignalStrength: 99 99 -86 -55 -120 -1 -1 21 -100 -11 114 -1 2147483647 gsm|lte 0x3030 level=3
D/STATUSBAR-NetworkController( 1029): updateRomaingNotification DataRoaming:false mDataRoamingTypeForVZW : 0
D/STATUSBAR-NetworkController( 1029): updateRomaingNotification DataRoaming:false mDataRoamingTypeForVZW : 0
D/STATUSBAR-NetworkController( 1029): refreshSignalCluster - setNWBoosterIndicators(false)
D/STATUSBAR-NetworkController( 1029): refreshSignalCluster: data=0 bt=false
D/STATUSBAR-IconMerger( 1029): checkOverflow(288), More:true, Req:true Child:8
D/STATUSBAR-NetworkController( 1029): updateRomaingNotification DataRoaming:false mDataRoamingTypeForVZW : 0
D/STATUSBAR-NetworkController( 1029): refreshSignalCluster - setNWBoosterIndicators(false)
D/STATUSBAR-NetworkController( 1029): refreshSignalCluster: data=0 bt=false
D/STATUSBAR-IconMerger( 1029): checkOverflow(288), More:true, Req:true Child:8
D/STATUSBAR-NetworkController( 1029): updateRomaingNotification DataRoaming:false mDataRoamingTypeForVZW : 0
D/STATUSBAR-NetworkController( 1029): refreshSignalCluster - setNWBoosterIndicators(false)
D/STATUSBAR-NetworkController( 1029): refreshSignalCluster: data=0 bt=false
D/STATUSBAR-IconMerger( 1029): checkOverflow(288), More:true, Req:true Child:8
D/STATUSBAR-NetworkController( 1029): onSignalStrengthsChanged signalStrength=SignalStrength: 99 99 -86 -55 -120 -1 -1 19 -100 -8 114 -1 2147483647 gsm|lte 0x3030 level=3
D/STATUSBAR-NetworkController( 1029): updateRomaingNotification DataRoaming:false mDataRoamingTypeForVZW : 0
D/STATUSBAR-NetworkController( 1029): updateRomaingNotification DataRoaming:false mDataRoamingTypeForVZW : 0
D/STATUSBAR-NetworkController( 1029): refreshSignalCluster - setNWBoosterIndicators(false)
D/STATUSBAR-NetworkController( 1029): refreshSignalCluster: data=0 bt=false
D/STATUSBAR-IconMerger( 1029): checkOverflow(288), More:true, Req:true Child:8
D/SSRMv2:SIOP(  700): SIOP:: AP = 350, Delta = 0
E/Watchdog(  700): !@Sync 15016
D/STATUSBAR-NetworkController( 1029): onSignalStrengthsChanged signalStrength=SignalStrength: 99 99 -86 -55 -120 -1 -1 21 -100 -12 114 -1 2147483647 gsm|lte 0x3030 level=3
D/STATUSBAR-NetworkController( 1029): updateRomaingNotification DataRoaming:false mDataRoamingTypeForVZW : 0
D/STATUSBAR-NetworkController( 1029): updateRomaingNotification DataRoaming:false mDataRoamingTypeForVZW : 0
D/STATUSBAR-NetworkController( 1029): refreshSignalCluster - setNWBoosterIndicators(false)
D/STATUSBAR-NetworkController( 1029): refreshSignalCluster: data=0 bt=false
D/STATUSBAR-IconMerger( 1029): checkOverflow(288), More:true, Req:true Child:8
D/BatteryService(  700): level:89, scale:100, status:2, health:2, present:true, voltage: 4305, temperature: 317, technology: Li-ion, AC powered:false, USB powered:true, Wireless powered:false, icon:17303549, invalid charger:0, online:4, current avg:-1, charge type:0, power sharing:false
D/BatteryService(  700): Sending ACTION_BATTERY_CHANGED.
D/STATUSBAR-PhoneStatusBar( 1029):  mBrightnessEnablebySettings = true mBrightnessEnablebyBattery = true mBrightnessEnablebyDisableFlag = true mPmsBrightnessEnablebySettings = true
D/BatteryMeterView( 1029): ACTION_BATTERY_CHANGED : level:89 status:2 health:2
D/STATUSBAR-IconMerger( 1029): checkOverflow(288), More:true, Req:true Child:8
D/STATUSBAR-NetworkController( 1029): onSignalStrengthsChanged signalStrength=SignalStrength: 99 99 -86 -55 -120 -1 -1 19 -100 -8 114 -1 2147483647 gsm|lte 0x3030 level=3
D/STATUSBAR-NetworkController( 1029): updateRomaingNotification DataRoaming:false mDataRoamingTypeForVZW : 0
D/STATUSBAR-NetworkController( 1029): updateRomaingNotification DataRoaming:false mDataRoamingTypeForVZW : 0
D/STATUSBAR-NetworkController( 1029): refreshSignalCluster - setNWBoosterIndicators(false)
D/STATUSBAR-NetworkController( 1029): refreshSignalCluster: data=0 bt=false
D/STATUSBAR-IconMerger( 1029): checkOverflow(288), More:true, Req:true Child:8
D/STATUSBAR-NetworkController( 1029): onSignalStrengthsChanged signalStrength=SignalStrength: 99 99 -86 -55 -120 -1 -1 21 -100 -11 114 -1 2147483647 gsm|lte 0x3030 level=3
D/STATUSBAR-NetworkController( 1029): updateRomaingNotification DataRoaming:false mDataRoamingTypeForVZW : 0
D/STATUSBAR-NetworkController( 1029): updateRomaingNotification DataRoaming:false mDataRoamingTypeForVZW : 0
D/STATUSBAR-NetworkController( 1029): refreshSignalCluster - setNWBoosterIndicators(false)
D/STATUSBAR-NetworkController( 1029): refreshSignalCluster: data=0 bt=false
D/STATUSBAR-IconMerger( 1029): checkOverflow(288), More:true, Req:true Child:8
D/STATUSBAR-NetworkController( 1029): onSignalStrengthsChanged signalStrength=SignalStrength: 99 99 -85 -45 -120 -1 -1 20 -100 -9 114 -1 2147483647 gsm|lte 0x3040 level=3
D/STATUSBAR-NetworkController( 1029): updateRomaingNotification DataRoaming:false mDataRoamingTypeForVZW : 0
V/AlarmManager(  700): waitForAlarm result :8
D/LightsService(  700): [api] onReceive : SvcLEDReceiver re-enables LightSenor and sends MSG_FORCEDSVCLEDTASK
D/LightsService(  700): [SvcLED] Lux failed to be updated in 700ms. -> handleForcedSvcLEDTasK
D/LightsService(  700): [SvcLED]  setSvcLedLightLocked :: Current SvcLED(id=4) maintains its priority right
D/STATUSBAR-NetworkController( 1029): updateRomaingNotification DataRoaming:false mDataRoamingTypeForVZW : 0
D/STATUSBAR-NetworkController( 1029): refreshSignalCluster - setNWBoosterIndicators(false)
D/STATUSBAR-NetworkController( 1029): refreshSignalCluster: data=0 bt=false
D/STATUSBAR-IconMerger( 1029): checkOverflow(288), More:true, Req:true Child:8
D/SSRMv2:SIOP(  700): SIOP:: AP = 350, Delta = 0
D/STATUSBAR-NetworkController( 1029): updateRomaingNotification DataRoaming:false mDataRoamingTypeForVZW : 0
D/STATUSBAR-NetworkController( 1029): refreshSignalCluster - setNWBoosterIndicators(false)
D/STATUSBAR-NetworkController( 1029): refreshSignalCluster: data=0 bt=false
D/STATUSBAR-IconMerger( 1029): checkOverflow(288), More:true, Req:true Child:8
D/STATUSBAR-NetworkController( 1029): updateRomaingNotification DataRoaming:false mDataRoamingTypeForVZW : 0
D/STATUSBAR-NetworkController( 1029): refreshSignalCluster - setNWBoosterIndicators(false)
D/STATUSBAR-NetworkController( 1029): refreshSignalCluster: data=0 bt=false
D/STATUSBAR-IconMerger( 1029): checkOverflow(288), More:true, Req:true Child:8
D/STATUSBAR-NetworkController( 1029): onSignalStrengthsChanged signalStrength=SignalStrength: 99 99 -85 -45 -120 -1 -1 19 -100 -8 114 -1 2147483647 gsm|lte 0x3040 level=3
D/STATUSBAR-NetworkController( 1029): updateRomaingNotification DataRoaming:false mDataRoamingTypeForVZW : 0
D/STATUSBAR-NetworkController( 1029): onSignalStrengthsChanged signalStrength=SignalStrength: 99 99 -85 -45 -120 -1 -1 21 -100 -12 114 -1 2147483647 gsm|lte 0x3040 level=3
D/STATUSBAR-NetworkController( 1029): updateRomaingNotification DataRoaming:false mDataRoamingTypeForVZW : 0
D/STATUSBAR-NetworkController( 1029): updateRomaingNotification DataRoaming:false mDataRoamingTypeForVZW : 0
D/STATUSBAR-NetworkController( 1029): refreshSignalCluster - setNWBoosterIndicators(false)
D/STATUSBAR-NetworkController( 1029): refreshSignalCluster: data=0 bt=false
D/STATUSBAR-IconMerger( 1029): checkOverflow(288), More:true, Req:true Child:8
D/STATUSBAR-NetworkController( 1029): updateRomaingNotification DataRoaming:false mDataRoamingTypeForVZW : 0
D/STATUSBAR-NetworkController( 1029): refreshSignalCluster - setNWBoosterIndicators(false)
D/STATUSBAR-NetworkController( 1029): refreshSignalCluster: data=0 bt=false
D/STATUSBAR-IconMerger( 1029): checkOverflow(288), More:true, Req:true Child:8
D/DisplayPowerController(  700): applyLightSensorMeasurementSEC : mIsLockZone = true
D/DisplayPowerController(  700): applyLightSensorMeasurementSEC : mIsLockZone = false
D/DisplayPowerController(  700): applyLightSensorMeasurementSEC : mIsLockZone = true
D/STATUSBAR-NetworkController( 1029): onSignalStrengthsChanged signalStrength=SignalStrength: 99 99 -85 -45 -120 -1 -1 19 -100 -12 114 -1 2147483647 gsm|lte 0x3040 level=3
D/STATUSBAR-NetworkController( 1029): updateRomaingNotification DataRoaming:false mDataRoamingTypeForVZW : 0
D/SSRMv2:SIOP(  700): SIOP:: AP = 360, Delta = 10
D/STATUSBAR-NetworkController( 1029): updateRomaingNotification DataRoaming:false mDataRoamingTypeForVZW : 0
D/STATUSBAR-NetworkController( 1029): refreshSignalCluster - setNWBoosterIndicators(false)
D/STATUSBAR-NetworkController( 1029): refreshSignalCluster: data=0 bt=false
D/STATUSBAR-IconMerger( 1029): checkOverflow(288), More:true, Req:true Child:8
D/STATUSBAR-NetworkController( 1029): onSignalStrengthsChanged signalStrength=SignalStrength: 99 99 -85 -45 -120 -1 -1 20 -100 -11 114 -1 2147483647 gsm|lte 0x3040 level=3
D/STATUSBAR-NetworkController( 1029): updateRomaingNotification DataRoaming:false mDataRoamingTypeForVZW : 0
E/DevicePolicyManagerService(  700): getAllowBluetoothMode - value retunrs : 2
D/STATUSBAR-NetworkController( 1029): updateRomaingNotification DataRoaming:false mDataRoamingTypeForVZW : 0
D/STATUSBAR-NetworkController( 1029): refreshSignalCluster - setNWBoosterIndicators(false)
D/STATUSBAR-NetworkController( 1029): refreshSignalCluster: data=0 bt=false
D/STATUSBAR-IconMerger( 1029): checkOverflow(288), More:true, Req:true Child:8
D/STATUSBAR-NetworkController( 1029): onSignalStrengthsChanged signalStrength=SignalStrength: 99 99 -85 -45 -120 -1 -1 19 -100 -8 114 -1 2147483647 gsm|lte 0x3040 level=3
D/STATUSBAR-NetworkController( 1029): updateRomaingNotification DataRoaming:false mDataRoamingTypeForVZW : 0
W/BroadcastQueue(  700): Permission Denial: receiving Intent { act=android.bluetooth.device.action.UUID flg=0x10 (has extras) } to com.google.android.googlequicksearchbox/com.google.android.apps.gsa.broadcastreceiver.CommonBroadcastReceiver requires android.permission.BLUETOOTH_ADMIN due to sender com.android.bluetooth (uid 1002)
W/BroadcastQueue(  700): Permission Denial: receiving Intent { act=android.bluetooth.device.action.UUID flg=0x10 (has extras) } to com.google.android.googlequicksearchbox/com.google.android.apps.gsa.broadcastreceiver.CommonBroadcastReceiver requires android.permission.BLUETOOTH_ADMIN due to sender com.android.bluetooth (uid 1002)
D/STATUSBAR-IconMerger( 1029): checkOverflow(240), More:true, Req:true Child:8
D/CustomFrequencyManagerService(  700): acquireDVFSLockLocked : type : DVFS_MIN_LIMIT  frequency : 1242000  uid : 1000  pid : 700  pkgName : ACTIVITY_RESUME_BOOSTER@5
W/ActivityManager(  700): mDVFSHelper.acquire()
D/STATUSBAR-NetworkController( 1029): onSignalStrengthsChanged signalStrength=SignalStrength: 99 99 -85 -45 -120 -1 -1 20 -100 -8 114 -1 2147483647 gsm|lte 0x3040 level=3
D/STATUSBAR-NetworkController( 1029): updateRomaingNotification DataRoaming:false mDataRoamingTypeForVZW : 0
D/MotionRecognitionService(  700):  ssp status : false
D/StatusBarManagerService(  700): semi p:18118,o:f
D/MotionRecognitionService(  700):  open api 0
D/MotionRecognitionService(  700):   .registerCallback : 1, motion_sensors=1, client= 
D/MotionRecognitionService(  700):   .isMotionEngineEnabled : true
D/MotionRecognitionService(  700):   .initializeMotionEngine
D/MotionRecognitionService(  700): SERVICETYPE_MOTION Condition changed : MOTION_STARTSTOP
D/MotionRecognitionService(  700): SERVICETYPE_MOTION can't start : SETTING
D/MotionRecognitionService(  700): SERVICETYPE_MOTION can't start : REGISTER_LISTENER
V/MotionRecognitionService(  700):  .updateOrientation : 28
D/MotionRecognitionService(  700): Acquire sensors : Settings = 1100100101000000011001
D/MotionRecognitionService(  700): Acquired sensors for motion : 0
V/MotionRecognitionService(  700):  .updateOrientation : 28
D/SSRMv2:TSP:AirViewOnOff(  700): DeviceInfo:: 00000000000
D/SSRMv2:TSP:AirViewOnOff(  700): SettingsAirViewInfo:: 000000000
D/STATUSBAR-PhoneStatusBar( 1029): makeExpandedInvisible
D/STATUSBAR-PhoneStatusBar( 1029): Mini Controller text scroll : OFF
D/STATUSBAR-QuickSettingPanel( 1029): setSingleLine:true
D/STATUSBAR-QuickSettingPanel( 1029): updateButtonInfo mButtonWidth : 142 mColumnNumber:5 orien: 1
D/VibratorService(  700): ImmVibe vibratorOff()
D/LightsService(  700): [api] [SvcLED] turnOff:: id = 4 (uid: 10066 pid: 1029) 
D/LightsService(  700): [SvcLED] setSvcLedStateLocked:: SvcLEDState : 0x0 -> 0x0 | SvcLED(id=4) set Off
D/LightsService(  700): [SvcLED] Lux failed to be updated in 700ms. -> handleForcedSvcLEDTasK
D/LightsService(  700): [SvcLED]  setSvcLedLightLocked :: Current SvcLED(id=4) maintains its priority right
D/CustomFrequencyManagerService(  700): releaseDVFSLockLocked : Getting Lock type frm List : DVFS_MIN_LIMIT  frequency : 1242000  uid : 1000  pid : 700  tag : ACTIVITY_RESUME_BOOSTER@5
W/ActivityManager(  700): mDVFSHelper.release()
D/STATUSBAR-StatusBarManagerService(  700): manageDisableList what=0x0 pkg=WindowManager.LayoutParams
D/CustomFrequencyManagerService(  700): acquireDVFSLockLocked : type : DVFS_MIN_LIMIT  frequency : 1242000  uid : 1000  pid : 700  pkgName : ACTIVITY_RESUME_BOOSTER@9
V/AlarmManager(  700): waitForAlarm result :8
D/KeyguardClockWidgetService( 1452): onReceive action=android.intent.action.TIME_TICK
V/AlarmManager(  700): ClockReceiver onReceive() ACTION_TIME_TICK
V/AlarmManager(  700): ___SyncScheduler (v3) ACTIVATED___
V/AlarmManager(  700): <AppSync3 Whitelist>
V/AlarmManager(  700): (AppSync) com.android.email : 900(900)
V/AlarmManager(  700): (AppSync) com.sec.spp.push : 1200(1100)
V/AlarmManager(  700): (AppSync) de.codenauts.hockeyapp : 10800(16200)
V/AlarmManager(  700): (AppSync) com.google.android.gms : 1740(1500)
V/AlarmManager(  700): (AppSync) com.android.vending : 14700(34980)
V/AlarmManager(  700): (AppSync) ### 5 added ###
D/STATUSBAR-IconMerger( 1029): checkOverflow(240), More:true, Req:true Child:8
D/CustomFrequencyManagerService(  700): releaseDVFSLockLocked : Getting Lock type frm List : DVFS_MIN_LIMIT  frequency : 1242000  uid : 1000  pid : 700  tag : ACTIVITY_RESUME_BOOSTER@9
D/STATUSBAR-NetworkController( 1029): updateRomaingNotification DataRoaming:false mDataRoamingTypeForVZW : 0
D/STATUSBAR-NetworkController( 1029): refreshSignalCluster - setNWBoosterIndicators(false)
D/STATUSBAR-NetworkController( 1029): refreshSignalCluster: data=0 bt=false
D/STATUSBAR-IconMerger( 1029): checkOverflow(240), More:true, Req:true Child:8
D/STATUSBAR-NetworkController( 1029): updateRomaingNotification DataRoaming:false mDataRoamingTypeForVZW : 0
D/STATUSBAR-NetworkController( 1029): refreshSignalCluster - setNWBoosterIndicators(false)
D/STATUSBAR-NetworkController( 1029): refreshSignalCluster: data=0 bt=false
D/STATUSBAR-IconMerger( 1029): checkOverflow(240), More:true, Req:true Child:8
D/STATUSBAR-NetworkController( 1029): onSignalStrengthsChanged signalStrength=SignalStrength: 99 99 -85 -45 -120 -1 -1 19 -100 -8 94 -1 2147483647 gsm|lte 0x3040 level=3
D/STATUSBAR-NetworkController( 1029): updateRomaingNotification DataRoaming:false mDataRoamingTypeForVZW : 0
E/Watchdog(  700): !@Sync 15017
D/SSRMv2:SIOP(  700): SIOP:: AP = 360, Delta = 0
D/STATUSBAR-NetworkController( 1029): updateRomaingNotification DataRoaming:false mDataRoamingTypeForVZW : 0
D/STATUSBAR-NetworkController( 1029): refreshSignalCluster - setNWBoosterIndicators(false)
D/STATUSBAR-NetworkController( 1029): refreshSignalCluster: data=0 bt=false
D/STATUSBAR-IconMerger( 1029): checkOverflow(240), More:true, Req:true Child:8
D/STATUSBAR-NetworkController( 1029): updateRomaingNotification DataRoaming:false mDataRoamingTypeForVZW : 0
D/STATUSBAR-NetworkController( 1029): refreshSignalCluster - setNWBoosterIndicators(false)
D/STATUSBAR-NetworkController( 1029): refreshSignalCluster: data=0 bt=false
D/STATUSBAR-IconMerger( 1029): checkOverflow(240), More:true, Req:true Child:8
D/BatteryService(  700): level:89, scale:100, status:2, health:2, present:true, voltage: 4261, temperature: 314, technology: Li-ion, AC powered:false, USB powered:true, Wireless powered:false, icon:17303549, invalid charger:0, online:4, current avg:-1, charge type:0, power sharing:false
D/BatteryService(  700): Sending ACTION_BATTERY_CHANGED.
D/STATUSBAR-PhoneStatusBar( 1029):  mBrightnessEnablebySettings = true mBrightnessEnablebyBattery = true mBrightnessEnablebyDisableFlag = true mPmsBrightnessEnablebySettings = true
D/STATUSBAR-IconMerger( 1029): checkOverflow(240), More:true, Req:true Child:8
D/BatteryMeterView( 1029): ACTION_BATTERY_CHANGED : level:89 status:2 health:2
D/STATUSBAR-NetworkController( 1029): onSignalStrengthsChanged signalStrength=SignalStrength: 99 99 -85 -45 -120 -1 -1 20 -100 -9 94 -1 2147483647 gsm|lte 0x3040 level=3
D/STATUSBAR-NetworkController( 1029): updateRomaingNotification DataRoaming:false mDataRoamingTypeForVZW : 0
D/STATUSBAR-NetworkController( 1029): updateRomaingNotification DataRoaming:false mDataRoamingTypeForVZW : 0
D/STATUSBAR-NetworkController( 1029): refreshSignalCluster - setNWBoosterIndicators(false)
D/STATUSBAR-NetworkController( 1029): refreshSignalCluster: data=0 bt=false
D/STATUSBAR-IconMerger( 1029): checkOverflow(240), More:true, Req:true Child:8
D/STATUSBAR-NetworkController( 1029): updateRomaingNotification DataRoaming:false mDataRoamingTypeForVZW : 0
D/STATUSBAR-NetworkController( 1029): refreshSignalCluster - setNWBoosterIndicators(false)
D/STATUSBAR-NetworkController( 1029): refreshSignalCluster: data=0 bt=false
D/STATUSBAR-IconMerger( 1029): checkOverflow(240), More:true, Req:true Child:8
D/STATUSBAR-NetworkController( 1029): updateRomaingNotification DataRoaming:false mDataRoamingTypeForVZW : 0
D/STATUSBAR-NetworkController( 1029): refreshSignalCluster - setNWBoosterIndicators(false)
D/STATUSBAR-NetworkController( 1029): refreshSignalCluster: data=0 bt=false
D/STATUSBAR-IconMerger( 1029): checkOverflow(240), More:true, Req:true Child:8
V/VibratorService(  700): hasVibrator - useVibetonz: true
V/VibratorService(  700): vibrateImmVibeMagnitudeType - magnitudeType: TouchMagnitude
D/VibratorService(  700): ImmVibe vibratorOff()
V/VibratorService(  700): vibrateImmVibe - package: android, type: 14, magnitude: 6000
D/PowerManagerService(  700): [api] userActivityFromNative : 60 (event: 3 flags: 0)
D/STATUSBAR-StatusBarManagerService(  700): manageDisableList what=0x0 pkg=WindowManager.LayoutParams
W/InputMethodManagerService(  700): Window already focused, ignoring focus gain of: com.android.internal.view.IInputMethodClient$Stub$Proxy@43413e98 attribute=null, token = android.os.BinderProxy@439ba078
D/MotionRecognitionService(  700):  open api 0
D/MotionRecognitionService(  700):   .unregisterCallback : 0, client= 
D/MotionRecognitionService(  700): SERVICETYPE_MOTION Condition changed = MOTION_STARTSTOP
D/MotionRecognitionService(  700):   .finalizeMotionEngine
